--------- beginning of system
09-20 14:10:30.402  1913  3042 D OplusOsPackageManager: removePkgFromNotLaunchedList com.Inferno.SIH
09-20 14:10:30.403  1913  3042 I ActivityTaskManager: START u0 {flg=0x10000000 cmp=com.Inferno.SIH/com.epicgames.unreal.SplashActivity mCallingUid=2000} from uid 2000
09-20 14:10:30.416  1913  3042 D CompactWindowManagerService: handleTaskCreated task: Task{6ef37f #5687 type=undefined ?? U=0 visible=false mode=undefined translucent=true sz=0}
09-20 14:10:30.416  1913  3042 W ActivityTaskManager: Can't find TaskDisplayArea to determine support for multi window. Task id=5687 attached=false
09-20 14:10:30.417  1913  3042 D OplusZoomWindowManagerService: onConfigurationChanged rotation not changed - prevRotation: 0
09-20 14:10:30.419  1913  3042 D CompactWindowManagerService: notifyCompactWindowState task: Task{27414e #5666 type=standard A=10560:com.instagram.android U=0 visible=true mode=fullscreen translucent=false sz=1}; hasFocus: true
09-20 14:10:30.419  1913  3042 I OplusScreenSecurityMask: onStackAdded task = Task{6ef37f #5687 type=undefined ?? U=0 visible=false mode=fullscreen translucent=true sz=0} record = null displayId = 0
09-20 14:10:30.421  1913  3042 I OplusScreenSecurityMask: onStackAdded task = Task{6ef37f #5687 type=standard A=10282:com.Inferno.SIH U=0 visible=false mode=fullscreen translucent=true sz=0} record = null displayId = 0
09-20 14:10:30.421  1913  3042 I ActivityTaskManager: Activity boosted, release it firstly
09-20 14:10:30.423  1913  3042 D CompatibilityChangeReporter: Compat change id reported: 174042980; UID 10282; state: DISABLED
09-20 14:10:30.424  1913  3042 D CompatibilityChangeReporter: Compat change id reported: 184838306; UID 10282; state: DISABLED
09-20 14:10:30.425  1913  3042 D CompatibilityChangeReporter: Compat change id reported: 185004937; UID 10282; state: DISABLED
09-20 14:10:30.425  1913  3042 D CompatibilityChangeReporter: Compat change id reported: 181136395; UID 10282; state: DISABLED
09-20 14:10:30.426  1913  3042 D CompatibilityChangeReporter: Compat change id reported: 174042936; UID 10282; state: DISABLED
09-20 14:10:30.429  1913  3042 D CompactWindowManagerService: onOriginListAdded child: ActivityRecord{f2ef823 u0 com.Inferno.SIH/com.epicgames.unreal.SplashActivity t5687}; parent: Task{6ef37f #5687 type=standard A=10282:com.Inferno.SIH U=0 visible=true mode=fullscreen translucent=true sz=1}
09-20 14:10:30.429  1913  3042 I OplusCompactWindowManagerService: supportMultiResume :true in package :com.Inferno.SIH
09-20 14:10:30.429  1913  3042 D TaskExtImpl: add ActivityRecord{f2ef823 u0 com.Inferno.SIH/com.epicgames.unreal.SplashActivity t5687} to mActivityRecordSum = Counter{ com.Inferno.SIH/com.epicgames.unreal.SplashActivity(1) }
09-20 14:10:30.430  1913  3042 D ActivityTaskManager: getStartingWindowType: newTask=true, taskSwitch=true, processRunning=true, allowTaskSnapshot=true, activityCreated=false, snapshot=null, record:ActivityRecord{f2ef823 u0 com.Inferno.SIH/com.epicgames.unreal.SplashActivity t5687}
09-20 14:10:30.432  1913  3042 D OplusStartingWindowManager: window attributes color: 0 icon null duration 0 brandImage null
09-20 14:10:30.433  1913  3042 D OplusZoomWindowRUSConfigManager: isSupportZoomModeWithPolicyLocked: target = com.Inferno.SIH/com.epicgames.unreal.SplashActivity
09-20 14:10:30.433  1913  3042 D OplusZoomWindowRUSConfigManager: targetPkg = com.Inferno.SIH
09-20 14:10:30.433  1913  3042 V OplusZoomWindowManagerService: unSupportZoom: false ,callingPid: 7709 ,sourceStack: null
09-20 14:10:30.444  1913  5664 I OplusAccessController: enter isIgnoreAppSwitchActivity
09-20 14:10:30.444  1913  5664 I OplusAccessController: enter isIgnoreAppSwitchActivity and intent != null
09-20 14:10:30.444  1913  5664 I OplusAccessController: enter isIgnoreAppSwitchActivity and componentName != null
09-20 14:10:30.444  1913  5664 I OplusAccessController: enter isIgnoreAppSwitchActivity and packageName&activity is not Empty
09-20 14:10:30.450  1913  5664 D OplusSecurePayManager: resume secure pay app : com.Inferno.SIH
09-20 14:10:30.451  1913  5664 I ActivityTaskManager: The Process com.Inferno.SIH Already Exists in BG. So sending its PID: 7490
09-20 14:10:30.451  1913  2363 D OplusSecurePayManager: startSecurePayIntent,pkgName:com.Inferno.SIH UserHandle.CURRENT=UserHandle{-2}, mCurrentUserId=0
09-20 14:10:30.452  1913  5664 D OplusDexOptimizeManager: Do not in AppLaunchOptList!
09-20 14:10:30.455  1913  5664 I OplusJoystickManager: handleApplicationSwitch deprecated!
09-20 14:10:30.455  1913  3607 D OplusEapManager: mTargetExitName :com.instagram.android
09-20 14:10:30.456  1913  5664 V WindowManager: Changing focus from Window{968f906 u0 com.instagram.android/com.instagram.mainactivity.MainActivity} to null,diplayid=0
09-20 14:10:30.456  1913  5664 D CompactWindowManagerService: notifyCompactWindowState task: Task{27414e #5666 type=standard A=10560:com.instagram.android U=0 visible=false mode=fullscreen translucent=true sz=1}; hasFocus: false
09-20 14:10:30.461  1913  3607 D VRR [OPlusFrontAppManager]: OnAppSwitchObserver: onAppExit , info.targetName = com.instagram.android
09-20 14:10:30.462  1913  3607 D VRR [OPlusFrontAppManager]: packageName: null
09-20 14:10:30.462  1913  2338 D VRR [OPlusRefreshRateService]: handleFrontAppChange pkgName: null
09-20 14:10:30.463  1913  2338 D VRR [OPlusExternalRefreshRateManager]: setFrontPackageName pkgName: null CurPkgName: com.instagram.android
09-20 14:10:30.466  1913  2363 W ActivityManager: Unable to start service Intent { act=oplus.intent.action.SECURE_PAY_SCAN_RISK pkg=com.coloros.securepay (has extras) } U=0: not found
09-20 14:10:30.467  1913  2256 E OplusThermalStats: Error getting package info: com.Inferno.SIH
09-20 14:10:30.472  1913  3607 D OplusEapManager: mTargetEnterName :com.Inferno.SIH
09-20 14:10:30.473  1913  5664 W ActivityManager: setGlThreads detect 7490 7722
09-20 14:10:30.475  1913  3607 D VRR [OPlusFrontAppManager]: OnAppSwitchObserver: onAppEnter , info.targetName = com.Inferno.SIH
09-20 14:10:30.475  1913  3607 D VRR [OPlusFrontAppManager]: packageName: com.Inferno.SIH
09-20 14:10:30.477  1913  2338 D VRR [OPlusRefreshRateService]: handleFrontAppChange pkgName: com.Inferno.SIH
09-20 14:10:30.477  1913  2338 D VRR [OPlusExternalRefreshRateManager]: setFrontPackageName pkgName: com.Inferno.SIH CurPkgName: null
09-20 14:10:30.481  1913  3042 D VRR [OPlusRefreshRateService]:  setFrameRateTargetControl [ 0.0 , com.instagram.android , false , com.oplus.battery ]
09-20 14:10:30.481  1913  3042 D VRR [OPlusExternalRefreshRateManager]:  [FRTC] FrameRate : 0 com.instagram.android false com.oplus.battery
09-20 14:10:30.481  1913  2338 D VRR [OPlusSurfaceFlingerController]:  add frtc FrameRate : 0 com.instagram.android false com.oplus.battery
09-20 14:10:30.492  1913  4723 D OplusGuardElfFeature: ICharger set value = 6
09-20 14:10:30.492  1913  4723 D OplusGuardElfFeature: calling class name = ThermalControlUtils
09-20 14:10:30.495  3470  6121 D OplusBatteryManager: set charge value = 6
09-20 14:10:30.503  1913  2153 W WindowManager: performShowLocked abort for not ready:Window{ee1c11 u0 Splash Screen com.Inferno.SIH}
09-20 14:10:30.504  1913  2153 D TaskOrganizerController: TaskOrganizerCallbacks.onTaskAppeared
09-20 14:10:30.505  1913  2153 D CompactWindowManagerService: updateBackgroundSurface openingApp: ActivityRecord{f2ef823 u0 com.Inferno.SIH/com.epicgames.unreal.SplashActivity t5687}
09-20 14:10:30.505  1913  2153 D OplusSplitScreenManagerService: isDragToSplitState mOplusSpiltScreenDnDUI is null, just return!
09-20 14:10:30.508  1913  3042 D OplusGameRotationService: lockRotationInGame: change state to 0
09-20 14:10:30.509  1913  2152 I ActivityManager: Killing 5899:com.oplus.olc/1000 (adj 985): empty #17
09-20 14:10:30.516  1913  5663 D OplusGuardElfFeature: ICharger set value = 6
09-20 14:10:30.517  1913  5663 D OplusGuardElfFeature: calling class name = ThermalControlUtils
09-20 14:10:30.517  3470  7377 D OplusBatteryManager: set charge value = 6
09-20 14:10:30.521  1913  5664 D UsageStatsService: User[0] type=0 b=1695199225507 e=1695199230517 cb=1695117524018 ce=1695199230868 disk=0 all=5
09-20 14:10:30.523  1913  2153 W WindowManager: performShowLocked abort for not ready:Window{24381a0 u0 InputMethod}
09-20 14:10:30.551  1913  2153 I WindowStateExtImpl: onSurfaceShowChange show = true mPackageName = com.Inferno.SIH parentPkgName = com.Inferno.SIH
09-20 14:10:30.553  1913  5663 I ActivityTaskManager: START u0 {flg=0x10000 cmp=com.Inferno.SIH/com.epicgames.unreal.GameActivity (has extras) mCallingUid=10282} from uid 10282
09-20 14:10:30.557  1913  5663 D OplusZoomWindowRUSConfigManager: isSupportZoomModeWithPolicyLocked: target = com.Inferno.SIH/com.epicgames.unreal.GameActivity
09-20 14:10:30.557  1913  5663 D OplusZoomWindowRUSConfigManager: targetPkg = com.Inferno.SIH
09-20 14:10:30.557  1913  5663 V OplusZoomWindowManagerService: unSupportZoom: false ,callingPid: 7490 ,sourceStack: Task{6ef37f #5687 type=standard A=10282:com.Inferno.SIH U=0 visible=true mode=fullscreen translucent=false sz=1}
09-20 14:10:30.559  1913  5663 D CompactWindowManagerService: onOriginListAdded child: ActivityRecord{383662 u0 com.Inferno.SIH/com.epicgames.unreal.GameActivity t5687}; parent: Task{6ef37f #5687 type=standard A=10282:com.Inferno.SIH U=0 visible=true mode=fullscreen translucent=false sz=2}
09-20 14:10:30.559  1913  5663 D TaskExtImpl: add ActivityRecord{383662 u0 com.Inferno.SIH/com.epicgames.unreal.GameActivity t5687} to mActivityRecordSum = Counter{ com.Inferno.SIH/com.epicgames.unreal.GameActivity(1) com.Inferno.SIH/com.epicgames.unreal.SplashActivity(1) }
09-20 14:10:30.559  1913  5663 D ActivityTaskManager: getStartingWindowType: newTask=false, taskSwitch=false, processRunning=true, allowTaskSnapshot=true, activityCreated=false, snapshot=null, record:ActivityRecord{383662 u0 com.Inferno.SIH/com.epicgames.unreal.GameActivity t5687}
09-20 14:10:30.559  1913  5663 D OplusStartingWindowManager: isTransferAppTransitionNeeded isAnimating:true, isDrawn:true, isSystemApp:false, forceShowSplash:false
09-20 14:10:30.560  1913  5663 D OplusZoomWindowRUSConfigManager: isSupportZoomModeWithPolicyLocked: target = com.Inferno.SIH/com.epicgames.unreal.GameActivity
09-20 14:10:30.560  1913  5663 D OplusZoomWindowRUSConfigManager: targetPkg = com.Inferno.SIH
09-20 14:10:30.560  1913  5663 V OplusZoomWindowManagerService: unSupportZoom: false ,callingPid: 7490 ,sourceStack: Task{6ef37f #5687 type=standard A=10282:com.Inferno.SIH U=0 visible=true mode=fullscreen translucent=false sz=2}
09-20 14:10:30.564  1913  3237 D ActivityTaskManager: finishIfPossible mOpeningApps remove r=ActivityRecord{f2ef823 u0 com.Inferno.SIH/com.epicgames.unreal.SplashActivity t5687 f}}
09-20 14:10:30.566  7490  7490 I Quality : ActivityThread: activityStart delay 107 com.Inferno.SIH 7490
09-20 14:10:30.570  1913  5664 I OplusStatusBarManagerServiceExtImpl:  getTopIsFullscreen mTopIsFullscreen: false
09-20 14:10:30.570  1913  3042 I OplusAccessController: enter isIgnoreAppSwitchActivity
09-20 14:10:30.570  1913  3042 I OplusAccessController: enter isIgnoreAppSwitchActivity and intent != null
09-20 14:10:30.570  1913  3042 I OplusAccessController: enter isIgnoreAppSwitchActivity and componentName != null
09-20 14:10:30.570  1913  3042 I OplusAccessController: enter isIgnoreAppSwitchActivity and packageName&activity is not Empty
09-20 14:10:30.570  1913  3042 I ActivityTaskManager: The Process com.Inferno.SIH Already Exists in BG. So sending its PID: 7490
09-20 14:10:30.571  1913  3042 W ActivityTaskManager: Tried to set launchTime (0) < mLastActivityLaunchTime (9456415)
09-20 14:10:30.572  1913  3042 D OplusDexOptimizeManager: Do not in AppLaunchOptList!
09-20 14:10:30.574  1913  3042 I OplusAppSwitchManager: notifyAppSwitch the same packageName!
09-20 14:10:30.577  1913  3042 D CompactWindowManagerService: updateBackgroundSurface openingApp: ActivityRecord{383662 u0 com.Inferno.SIH/com.epicgames.unreal.GameActivity t5687}
09-20 14:10:30.577  1913  3042 D OplusSplitScreenManagerService: isDragToSplitState mOplusSpiltScreenDnDUI is null, just return!
09-20 14:10:30.577  1913  3042 W WindowManager: performShowLocked abort for not ready:Window{ee1c11 u0 Splash Screen com.Inferno.SIH}
09-20 14:10:30.578  1913  3042 W WindowManager: performShowLocked abort for not ready:Window{24381a0 u0 InputMethod}
09-20 14:10:30.584  1913  2152 D TaskChangeNotificationControllerExtImpl: Skip pass Snapshot to listener:android.app.ITaskStackListener$Stub$Proxy@312ac2f
09-20 14:10:30.588  1913  3464 D OplusAppListInterceptManager: shouldFilterTask
09-20 14:10:30.588  1913  3464 D OplusAppListInterceptManager: shouldFilterTask::packageName = com.Inferno.SIH
09-20 14:10:30.588  1913  3464 D OplusAppListInterceptManager: shouldFilterTask
09-20 14:10:30.588  1913  3464 D OplusAppListInterceptManager: shouldFilterTask::packageName = com.instagram.android
09-20 14:10:30.588  1913  3464 D OplusAppListInterceptManager: shouldFilterTask
09-20 14:10:30.588  1913  3464 D OplusAppListInterceptManager: shouldFilterTask::packageName = com.whatsapp
09-20 14:10:30.588  1913  3464 D OplusAppListInterceptManager: shouldFilterTask
09-20 14:10:30.588  1913  3464 D OplusAppListInterceptManager: shouldFilterTask::packageName = vidma.screenrecorder.videorecorder.videoeditor.lite
09-20 14:10:30.595  2930  2930 I AppManager.AppServicesCompanion: onServiceDisconnected name == ComponentInfo{com.oplus.olc/com.oplus.olc.service.OplusAppServicesManagerClient} serviceInfo.mShouldStart = true dieCount = 1 delayTime = 500
09-20 14:10:30.600  7490  7490 D OplusInputMethodUtil: init DEBUG to false, update DEBUG_IME to false
09-20 14:10:30.600  7490  7490 D OplusInputMethodUtil: init DEBUG to false, update DEBUG_IME to false
09-20 14:10:30.631  1913  5664 W ActivityManager: setGlThreads detect 7490 7740
09-20 14:10:30.720  1913  2575 W ProcessStats: Tracking association SourceState{79c101e com.stayfocused/10316 BTopFgs #66996} whose proc state 2 is better than process ProcessState{f9030ff com.android.vending/10097 pkg=com.android.vending} proc state 3 (79 skipped)
09-20 14:10:30.803  1913  3387 W WindowManager: Failed looking up window session=Session{d9a4647 7490:u0a10282} callers=com.android.server.wm.WindowManagerService.windowForClientLocked:5897 com.android.server.wm.Session.insetsModified:650 android.view.IWindowSession$Stub.onTransact:1151 
09-20 14:10:30.824  1913  4723 D UsageStatsService: User[0] type=0 b=1695199225823 e=1695199230833 cb=1695117524018 ce=1695199230998 disk=0 all=7
09-20 14:10:30.864  7490  7490 E OplusCustomizeRestrictionManager: sInstance is null, start a new sInstance
09-20 14:10:30.916  7490  7490 I Quality : ActivityThread: activityStart delay 336 com.Inferno.SIH 7490
09-20 14:10:30.937  1913  4723 W WindowManager: Failed looking up window session=Session{d9a4647 7490:u0a10282} callers=com.android.server.wm.WindowManagerService.windowForClientLocked:5897 com.android.server.wm.Session.insetsModified:650 android.view.IWindowSession$Stub.onTransact:1151 
09-20 14:10:30.944  7490  7490 I Quality : Skipped: false 8 cost 135.7288 refreshRate 0 processName com.Inferno.SIH
09-20 14:10:30.944  7490  7490 E ActivityThread: asyncReportFrames skippedFrames= 8 true
09-20 14:10:30.954  7490  7490 V ZoomWindowDecorView: setLastReportedMergedConfiguration mZoomDisplayHeight: 2412 getDecorView.97764733
09-20 14:10:30.962  1913  2153 V OplusZoomWindowManagerService: onAnimationFinished:  r = ActivityRecord{f2ef823 u0 com.Inferno.SIH/com.epicgames.unreal.SplashActivity t5687 f}}
09-20 14:10:30.963  1913  2153 V OplusZoomWindowManagerService: onAnimationFinished:  r = ActivityRecord{6de17d8 u0 com.instagram.android/com.instagram.mainactivity.MainActivity t5666}
09-20 14:10:30.970  1913  2153 I OplusAppSwitchManagerService:  handleAppVisible , r = ActivityRecord{383662 u0 com.Inferno.SIH/com.epicgames.unreal.GameActivity t5687}
09-20 14:10:30.976  1913  2329 D CameraDelegate: handleMessage:200
09-20 14:10:31.095  2930  2965 D AppManager.AppServicesHandler: com.oplus.olc.service.OplusAppServicesManagerClient startMode == 1 forceBind == false
09-20 14:10:31.095  2930  2965 I AppManager.AppServicesCompanion: com.oplus.olc.service.OplusAppServicesManagerClientalready unbinded
09-20 14:10:31.095  2930  2965 W ContextImpl: Calling a method in the system process without a qualified user: android.app.ContextImpl.bindService:1904 android.content.ContextWrapper.bindService:822 com.oplus.appmanager.c.b:144 com.oplus.appmanager.c.a:134 com.oplus.appmanager.d.handleMessage:46 
09-20 14:10:31.099  1913  3387 V WindowManager: Changing focus from null to Window{9a6c1d1 u0 com.Inferno.SIH/com.epicgames.unreal.GameActivity},diplayid=0
09-20 14:10:31.099  1913  3387 D CompactWindowManagerService: notifyCompactWindowState task: Task{6ef37f #5687 type=standard A=10282:com.Inferno.SIH U=0 visible=true mode=fullscreen translucent=false sz=2}; hasFocus: true
09-20 14:10:31.099  1913  3387 D ActivityTaskManager: onWindowFocusChanged Task{6ef37f #5687 type=standard A=10282:com.Inferno.SIH U=0 visible=true mode=fullscreen translucent=false sz=2} would transfer to compact
09-20 14:10:31.102  1913  3387 D WindowManager: BarWindow--setVisible: id=1, oldState=0, state=2
09-20 14:10:31.102  1913  3387 I OplusStatusBarManagerServiceExtImpl:  topIsFullscreen fullscreen: true
09-20 14:10:31.102  1913  3387 D WindowManager: BarWindow--setVisible: id=2, oldState=0, state=2
09-20 14:10:31.106  1913  1998 D CompatibilityChangeReporter: Compat change id reported: 135634846; UID 1000; state: DISABLED
09-20 14:10:31.107  7490  7490 V ZoomWindowDecorView: setLastReportedMergedConfiguration mZoomDisplayHeight: 2412 getDecorView.151631677
09-20 14:10:31.108  1913  1998 D CompatibilityChangeReporter: Compat change id reported: 177438394; UID 1000; state: DISABLED
09-20 14:10:31.109  1913  1998 D CompatibilityChangeReporter: Compat change id reported: 135772972; UID 1000; state: DISABLED
09-20 14:10:31.109  1913  1998 D CompatibilityChangeReporter: Compat change id reported: 135754954; UID 1000; state: ENABLED
09-20 14:10:31.110  2930  2965 I AppManager.AppServicesCompanion: bindService mServiceName = com.oplus.olc.service.OplusAppServicesManagerClient,repeatCount ==0
09-20 14:10:31.127  1913  1998 D UsageStatsService: User[0] type=0 b=1695199226127 e=1695199231137 cb=1695117524018 ce=1695199231496 disk=0 all=7
09-20 14:10:31.131  7490  7490 I Quality : Skipped: false 10 cost 172.58669 refreshRate 0 processName com.Inferno.SIH
09-20 14:10:31.131  7490  7490 E ActivityThread: asyncReportFrames skippedFrames= 10 true
09-20 14:10:31.131  1913  2248 I ActivityManager: Start proc 7752:com.oplus.olc/1000 for service {com.oplus.olc/com.oplus.olc.service.OplusAppServicesManagerClient}
09-20 14:10:31.140  1913  2152 D OplusStartingWindowManager: interceptRemoveStartingWindow activity =ActivityRecord{383662 u0 com.Inferno.SIH/com.epicgames.unreal.GameActivity t5687}, hasSurfaceView:false, isSnapshot=false, mIsDrawCompleted=false, mStartingRemoveRunnable=null
09-20 14:10:31.140  1913  2152 D OplusSplitScreenManagerService: notifyRemoveStartingWindow mOplusSpiltScreenDnDUI is null, just return!
09-20 14:10:31.142  1913  2152 I Quality : LaunchTime2.0: com.Inferno.SIH/com.epicgames.unreal.GameActivity 2 703
09-20 14:10:31.148  1913  3387 W ActivityTaskManager: Request to remove task ignored for non-existent task 5686
09-20 14:10:31.150  1913  2153 W WindowManager: performShowLocked abort for not ready:Window{9a6c1d1 u0 com.Inferno.SIH/com.epicgames.unreal.GameActivity}
09-20 14:10:31.150  1913  2153 W WindowManager: performShowLocked abort for not ready:Window{5139899 u0 com.Inferno.SIH/com.epicgames.unreal.GameActivity}
09-20 14:10:31.150  1913  2153 W WindowManager: performShowLocked abort for not ready:Window{ee1c11 u0 Splash Screen com.Inferno.SIH}
09-20 14:10:31.150  1913  2153 W WindowManager: performShowLocked abort for not ready:Window{24381a0 u0 InputMethod}
09-20 14:10:31.151  1913  3387 W ActivityManager: setGlThreads detect 7490 7753
09-20 14:10:31.156  1913  3387 D TaskExtImpl: remove ActivityRecord{f2ef823 u0 com.Inferno.SIH/com.epicgames.unreal.SplashActivity t-1 f}} to mActivityRecordSum = Counter{ com.Inferno.SIH/com.epicgames.unreal.GameActivity(1) }
09-20 14:10:31.158  6340  6340 V ZoomWindowDecorView: removeZoomView
09-20 14:10:31.259  2930  2930 I AppManager.AppServicesCompanion: onServiceConnected name ==ComponentInfo{com.oplus.olc/com.oplus.olc.service.OplusAppServicesManagerClient}
09-20 14:10:31.429  1913  3387 D UsageStatsService: User[0] type=0 b=1695199226428 e=1695199231438 cb=1695117524018 ce=1695199231496 disk=0 all=9
09-20 14:10:31.437  3023  3142 V ZoomWindowDecorView: removeZoomView
09-20 14:10:31.502  1913  2247 I ActivityManager: Waited long enough for: ServiceRecord{25da8d2 u0 com.oplus.sau/com.oplusos.sau.aidl.SauBinderUpdateService}
09-20 14:10:31.593  1913  2153 I WindowStateExtImpl: onSurfaceShowChange show = false mPackageName = com.Inferno.SIH parentPkgName = com.Inferno.SIH
09-20 14:10:31.731  1913  3387 D UsageStatsService: User[0] type=0 b=1695199226731 e=1695199231741 cb=1695117524018 ce=1695199231496 disk=0 all=9
09-20 14:10:31.866  1913  4723 W ActivityManager: setGlThreads detect 7490 7792
09-20 14:10:32.036  1913  4723 D UsageStatsService: User[0] type=0 b=1695199227035 e=1695199232045 cb=1695117524018 ce=1695199231496 disk=0 all=9
09-20 14:10:32.064  1913  3387 D CompatibilityChangeReporter: Compat change id reported: 182734110; UID 10105; state: ENABLED
09-20 14:10:32.065  1913  3387 D CompatibilityChangeReporter: Compat change id reported: 149924527; UID 10105; state: ENABLED
09-20 14:10:32.066  1913  3387 D CompatibilityChangeReporter: Compat change id reported: 132649864; UID 10105; state: DISABLED
09-20 14:10:32.338  1913  1998 D UsageStatsService: User[0] type=0 b=1695199227337 e=1695199232347 cb=1695117524018 ce=1695199231496 disk=0 all=9
09-20 14:10:32.484  1913  5664 D OplusAppListInterceptManager: shouldFilterTask
09-20 14:10:32.484  1913  5664 D OplusAppListInterceptManager: shouldFilterTask::packageName = com.Inferno.SIH
09-20 14:10:32.484  1913  5664 D OplusAppListInterceptManager: shouldFilterTask
09-20 14:10:32.484  1913  5664 D OplusAppListInterceptManager: shouldFilterTask::packageName = com.instagram.android
09-20 14:10:32.484  1913  5664 D OplusAppListInterceptManager: shouldFilterTask
09-20 14:10:32.484  1913  5664 D OplusAppListInterceptManager: shouldFilterTask::packageName = com.whatsapp
09-20 14:10:32.484  1913  5664 D OplusAppListInterceptManager: shouldFilterTask
09-20 14:10:32.484  1913  5664 D OplusAppListInterceptManager: shouldFilterTask::packageName = vidma.screenrecorder.videorecorder.videoeditor.lite
09-20 14:10:32.485  1913  5664 D OplusAppListInterceptManager: shouldFilterTask
09-20 14:10:32.485  1913  5664 D OplusAppListInterceptManager: shouldFilterTask::packageName = com.google.android.youtube
09-20 14:10:32.485  1913  5664 D OplusAppListInterceptManager: shouldFilterTask
09-20 14:10:32.485  1913  5664 D OplusAppListInterceptManager: shouldFilterTask::packageName = com.spotify.music
09-20 14:10:32.512  1913  4279 D OplusAppListInterceptManager: shouldFilterTask
09-20 14:10:32.512  1913  4279 D OplusAppListInterceptManager: shouldFilterTask::packageName = com.Inferno.SIH
09-20 14:10:32.512  1913  4279 D OplusAppListInterceptManager: shouldFilterTask
09-20 14:10:32.512  1913  4279 D OplusAppListInterceptManager: shouldFilterTask::packageName = com.instagram.android
09-20 14:10:32.512  1913  4279 D OplusAppListInterceptManager: shouldFilterTask
09-20 14:10:32.512  1913  4279 D OplusAppListInterceptManager: shouldFilterTask::packageName = com.whatsapp
09-20 14:10:32.512  1913  4279 D OplusAppListInterceptManager: shouldFilterTask
09-20 14:10:32.512  1913  4279 D OplusAppListInterceptManager: shouldFilterTask::packageName = vidma.screenrecorder.videorecorder.videoeditor.lite
09-20 14:10:32.512  1913  4279 D OplusAppListInterceptManager: shouldFilterTask
09-20 14:10:32.512  1913  4279 D OplusAppListInterceptManager: shouldFilterTask::packageName = com.google.android.youtube
09-20 14:10:32.512  1913  4279 D OplusAppListInterceptManager: shouldFilterTask
09-20 14:10:32.512  1913  4279 D OplusAppListInterceptManager: shouldFilterTask::packageName = com.spotify.music
09-20 14:10:32.534  1913  4279 D OplusAppListInterceptManager: shouldFilterTask
09-20 14:10:32.534  1913  4279 D OplusAppListInterceptManager: shouldFilterTask::packageName = com.Inferno.SIH
09-20 14:10:32.535  1913  4279 D OplusAppListInterceptManager: shouldFilterTask
09-20 14:10:32.535  1913  4279 D OplusAppListInterceptManager: shouldFilterTask::packageName = com.instagram.android
09-20 14:10:32.535  1913  4279 D OplusAppListInterceptManager: shouldFilterTask
09-20 14:10:32.535  1913  4279 D OplusAppListInterceptManager: shouldFilterTask::packageName = com.whatsapp
09-20 14:10:32.535  1913  4279 D OplusAppListInterceptManager: shouldFilterTask
09-20 14:10:32.535  1913  4279 D OplusAppListInterceptManager: shouldFilterTask::packageName = vidma.screenrecorder.videorecorder.videoeditor.lite
09-20 14:10:32.535  1913  4279 D OplusAppListInterceptManager: shouldFilterTask
09-20 14:10:32.535  1913  4279 D OplusAppListInterceptManager: shouldFilterTask::packageName = com.google.android.youtube
09-20 14:10:32.535  1913  4279 D OplusAppListInterceptManager: shouldFilterTask
09-20 14:10:32.535  1913  4279 D OplusAppListInterceptManager: shouldFilterTask::packageName = com.spotify.music
09-20 14:10:32.536  1913  4279 D OplusAppListInterceptManager: shouldFilterTask
09-20 14:10:32.536  1913  4279 D OplusAppListInterceptManager: shouldFilterTask::packageName = com.Inferno.SIH
09-20 14:10:32.536  1913  4279 D OplusAppListInterceptManager: shouldFilterTask
09-20 14:10:32.536  1913  4279 D OplusAppListInterceptManager: shouldFilterTask::packageName = com.instagram.android
09-20 14:10:32.536  1913  4279 D OplusAppListInterceptManager: shouldFilterTask
09-20 14:10:32.536  1913  4279 D OplusAppListInterceptManager: shouldFilterTask::packageName = com.whatsapp
09-20 14:10:32.536  1913  4279 D OplusAppListInterceptManager: shouldFilterTask
09-20 14:10:32.536  1913  4279 D OplusAppListInterceptManager: shouldFilterTask::packageName = vidma.screenrecorder.videorecorder.videoeditor.lite
09-20 14:10:32.536  1913  4279 D OplusAppListInterceptManager: shouldFilterTask
09-20 14:10:32.536  1913  4279 D OplusAppListInterceptManager: shouldFilterTask::packageName = com.google.android.youtube
09-20 14:10:32.536  1913  4279 D OplusAppListInterceptManager: shouldFilterTask
09-20 14:10:32.536  1913  4279 D OplusAppListInterceptManager: shouldFilterTask::packageName = com.spotify.music
09-20 14:10:32.537  1913  4279 E OplusAthenaAm: AthenaAmManagerInternal transact code hello:4,flags:0
09-20 14:10:32.537  1913  4279 E OplusAthenaAm: AthenaAmManagerInternal transact code hello:4,flags:0
09-20 14:10:32.538  1913  4279 E OplusAthenaAm: AthenaAmManagerInternal transact code hello:4,flags:0
09-20 14:10:32.578  1913  3387 I ActivityManager: Process com.google.android.permissioncontroller (pid 7037) has died: cch+5 CEM 
09-20 14:10:32.578  1913  3387 W ContextImpl: Calling a method in the system process without a qualified user: android.app.ContextImpl.sendBroadcast:1175 com.android.server.am.OplusExtraActivityManagerService.setKeyLockModeNormal:51 com.android.server.am.ActivityManagerServiceExtImpl.setKeyLockModeNormal:886 com.android.server.am.ActivityManagerService.appDiedLocked:3393 com.android.server.am.ActivityManagerService$AppDeathRecipient.binderDied:1535 
09-20 14:10:32.617  1913  1998 I ActivityManager: Process com.android.keychain (pid 6980) has died: cch+45 CEM 
09-20 14:10:32.617  1913  1998 W ContextImpl: Calling a method in the system process without a qualified user: android.app.ContextImpl.sendBroadcast:1175 com.android.server.am.OplusExtraActivityManagerService.setKeyLockModeNormal:51 com.android.server.am.ActivityManagerServiceExtImpl.setKeyLockModeNormal:886 com.android.server.am.ActivityManagerService.appDiedLocked:3393 com.android.server.am.ActivityManagerService$AppDeathRecipient.binderDied:1535 
09-20 14:10:32.626  1913  3436 I ActivityManager: Process com.oplus.sau (pid 7012) has died: svc SVC 
09-20 14:10:32.628  1913  3436 W ContextImpl: Calling a method in the system process without a qualified user: android.app.ContextImpl.sendBroadcast:1175 com.android.server.am.OplusExtraActivityManagerService.setKeyLockModeNormal:51 com.android.server.am.ActivityManagerServiceExtImpl.setKeyLockModeNormal:886 com.android.server.am.ActivityManagerService.appDiedLocked:3393 com.android.server.am.ActivityManagerService$AppDeathRecipient.binderDied:1535 
09-20 14:10:32.642  1913  8262 D UsageStatsService: User[0] type=0 b=1695199227640 e=1695199232650 cb=1695117524018 ce=1695199231496 disk=0 all=9
09-20 14:10:32.649  1913  3042 I ActivityManager: Process com.oplus.stdid (pid 6932) has died: cch+55 CEM 
09-20 14:10:32.650  1913  3042 W ContextImpl: Calling a method in the system process without a qualified user: android.app.ContextImpl.sendBroadcast:1175 com.android.server.am.OplusExtraActivityManagerService.setKeyLockModeNormal:51 com.android.server.am.ActivityManagerServiceExtImpl.setKeyLockModeNormal:886 com.android.server.am.ActivityManagerService.appDiedLocked:3393 com.android.server.am.ActivityManagerService$AppDeathRecipient.binderDied:1535 
09-20 14:10:32.661  1913  3042 D WindowManager: Acquiring screen wakelock due to Window{9a6c1d1 u0 com.Inferno.SIH/com.epicgames.unreal.GameActivity}
09-20 14:10:32.662  1913  3042 D OplusAONSmartDim: onWakeLockAcquireLocked: lock=142350391, flags=0x2000000a, packageName=android, tag="WindowManager", ws=WorkSource{10282}, uid=1000, pid=1913
09-20 14:10:32.695  7490  7490 V ZoomWindowDecorView: removeZoomView
09-20 14:10:32.701  1913  2152 I VRR [OPlusRefreshRateManager]: hasADFRFeature return false
09-20 14:10:32.701  1913  2152 I DisplayManagerService: Comparing display specs: baseModeId=3 allowGroupSwitching=false primaryRefreshRateRange=[0 60] appRequestRefreshRateRange=[0 60] vrrPolicy=POLICY_DEFAULT, existing: baseModeId=3 allowGroupSwitching=false primaryRefreshRateRange=[0 60] appRequestRefreshRateRange=[0 60] vrrPolicy=POLICY_DEFAULT
09-20 14:10:32.945  1913  8262 D UsageStatsService: User[0] type=0 b=1695199227944 e=1695199232954 cb=1695117524018 ce=1695199231496 disk=0 all=9
09-20 14:10:33.248  1913  8262 D UsageStatsService: User[0] type=0 b=1695199228247 e=1695199233257 cb=1695117524018 ce=1695199231496 disk=0 all=7
09-20 14:10:33.552  1913  3042 D UsageStatsService: User[0] type=0 b=1695199228551 e=1695199233561 cb=1695117524018 ce=1695199231496 disk=0 all=6
09-20 14:10:33.858  1913  8262 D UsageStatsService: User[0] type=0 b=1695199228855 e=1695199233865 cb=1695117524018 ce=1695199231496 disk=0 all=6
09-20 14:10:34.133  1913  8262 W PackageManager: package unknown uid 10305 pid 29220 call SetEnabledSetting(com.whatsapp component = androidx.work.impl.background.systemalarm.RescheduleReceiver, 1, 0x1, 0)
09-20 14:10:34.165  1913  3436 D UsageStatsService: User[0] type=0 b=1695199229164 e=1695199234174 cb=1695117524018 ce=1695199231496 disk=0 all=6
09-20 14:10:34.467  1913  3436 D UsageStatsService: User[0] type=0 b=1695199229466 e=1695199234476 cb=1695117524018 ce=1695199231496 disk=0 all=6
09-20 14:10:34.591  1913  2207 D ProcessCpuTrackerExtImpl: mContext is already set, return now! 
09-20 14:10:34.771  1913  3042 D UsageStatsService: User[0] type=0 b=1695199229770 e=1695199234780 cb=1695117524018 ce=1695199234475 disk=0 all=6
09-20 14:10:35.073  1913  3042 D UsageStatsService: User[0] type=0 b=1695199230072 e=1695199235082 cb=1695117524018 ce=1695199235239 disk=0 all=6
09-20 14:10:35.082  1913  3042 D CompatibilityChangeReporter: Compat change id reported: 168419799; UID 10134; state: DISABLED
09-20 14:10:35.214  1913  2876 D TorchManagerService: onTorchModeUnavailable, start to setRIOClientInfo.
09-20 14:10:35.214  1913  2876 D TorchManagerService: The time of setRIOClient is: 0
09-20 14:10:35.378  1913  5744 D UsageStatsService: User[0] type=0 b=1695199230377 e=1695199235387 cb=1695117524018 ce=1695199235647 disk=0 all=6
09-20 14:10:35.406  1913  4723 W ContextImpl: Calling a method in the system process without a qualified user: android.app.ContextImpl.sendBroadcast:1175 com.android.server.camera.OplusCameraStateBroadcast.notifyCameraState:50 com.android.server.camera.CameraServiceProxyExtImpl.extendNotifyCameraState:35 com.android.server.camera.CameraServiceProxy.updateActivityCount:1270 com.android.server.camera.CameraServiceProxy.access$2100:98 
09-20 14:10:35.562  1913  4723 W CameraService_proxy: Could not connect to NFC service to notify it of camera state
09-20 14:10:35.562  1913  4723 W ContextImpl: Calling a method in the system process without a qualified user: android.app.ContextImpl.sendBroadcast:1175 com.android.server.camera.OplusCameraStateBroadcast.notifyCameraState:50 com.android.server.camera.CameraServiceProxyExtImpl.extendNotifyCameraState:35 com.android.server.camera.CameraServiceProxy.updateActivityCount:1270 com.android.server.camera.CameraServiceProxy.access$2100:98 
09-20 14:10:35.680  1913  4723 D UsageStatsService: User[0] type=0 b=1695199230679 e=1695199235689 cb=1695117524018 ce=1695199235647 disk=0 all=2
09-20 14:10:35.982  1913  3464 D UsageStatsService: User[0] type=0 b=1695199230981 e=1695199235991 cb=1695117524018 ce=1695199235647 disk=0 all=2
09-20 14:10:36.118  1913  3464 D WindowManager: BarWindow--setVisible: id=1, oldState=2, state=0
09-20 14:10:36.121  1913  3464 I OplusStatusBarManagerServiceExtImpl:  topIsFullscreen fullscreen: false
09-20 14:10:36.284  1913  3464 D UsageStatsService: User[0] type=0 b=1695199231284 e=1695199236294 cb=1695117524018 ce=1695199235647 disk=0 all=0
09-20 14:10:36.589  1913  3464 D UsageStatsService: User[0] type=0 b=1695199231588 e=1695199236598 cb=1695117524018 ce=1695199235647 disk=0 all=0
09-20 14:10:36.892  1913  3464 D UsageStatsService: User[0] type=0 b=1695199231891 e=1695199236901 cb=1695117524018 ce=1695199235647 disk=0 all=0
09-20 14:10:36.967  1913  5794 D WindowManager: BarWindow--setVisible: id=1, oldState=0, state=2
09-20 14:10:36.968  1913  5794 I OplusStatusBarManagerServiceExtImpl:  topIsFullscreen fullscreen: true
09-20 14:10:37.194  1913  5794 D UsageStatsService: User[0] type=0 b=1695199232193 e=1695199237203 cb=1695117524018 ce=1695199235647 disk=0 all=0
09-20 14:10:37.467  1913  2159 D WatchdogExtImpl: persist.sys.assert.panic:false
09-20 14:10:37.500  1913  4723 D UsageStatsService: User[0] type=0 b=1695199232499 e=1695199237509 cb=1695117524018 ce=1695199235647 disk=0 all=0
09-20 14:10:37.801  1913  4723 D UsageStatsService: User[0] type=0 b=1695199232801 e=1695199237811 cb=1695117524018 ce=1695199235647 disk=0 all=0
09-20 14:10:38.103  1913  4723 D UsageStatsService: User[0] type=0 b=1695199233102 e=1695199238112 cb=1695117524018 ce=1695199235647 disk=0 all=0
09-20 14:10:38.404  1913  3464 D UsageStatsService: User[0] type=0 b=1695199233404 e=1695199238414 cb=1695117524018 ce=1695199238308 disk=0 all=0
09-20 14:10:38.464  1913  2147 V WindowOrientationListener: onSensorChanged mDesiredRotation = 4
09-20 14:10:38.709  1913  4723 D UsageStatsService: User[0] type=0 b=1695199233706 e=1695199238716 cb=1695117524018 ce=1695199238308 disk=0 all=0
09-20 14:10:39.015  1913  3464 D UsageStatsService: User[0] type=0 b=1695199234014 e=1695199239024 cb=1695117524018 ce=1695199238308 disk=0 all=0
09-20 14:10:39.319  1913  2741 D UsageStatsService: User[0] type=0 b=1695199234316 e=1695199239326 cb=1695117524018 ce=1695199238308 disk=0 all=0
09-20 14:10:39.622  1913  3464 D UsageStatsService: User[0] type=0 b=1695199234620 e=1695199239630 cb=1695117524018 ce=1695199238308 disk=0 all=0
09-20 14:10:39.924  1913  2741 D UsageStatsService: User[0] type=0 b=1695199234923 e=1695199239933 cb=1695117524018 ce=1695199238308 disk=0 all=0
09-20 14:10:40.229  1913  4723 D UsageStatsService: User[0] type=0 b=1695199235227 e=1695199240237 cb=1695117524018 ce=1695199238308 disk=0 all=0
09-20 14:10:41.373  1913  2741 D OplusGuardElfFeature: ICharger set value = 2
09-20 14:10:41.373  1913  2741 D OplusGuardElfFeature: calling class name = ThermalControlUtils
09-20 14:10:41.373  3470  7377 D OplusBatteryManager: set charge value = 2
09-20 14:10:41.375  1913  2741 D VRR [OPlusRefreshRateService]:  setFrameRateTargetControl [ 0.0 , com.Inferno.SIH , false , com.oplus.battery ]
09-20 14:10:41.375  1913  2741 D VRR [OPlusExternalRefreshRateManager]:  [FRTC] FrameRate : 0 com.Inferno.SIH false com.oplus.battery
09-20 14:10:41.376  1913  2338 D VRR [OPlusSurfaceFlingerController]:  add frtc FrameRate : 0 com.Inferno.SIH false com.oplus.battery
09-20 14:10:41.604  1913  2207 W ProcessStats: Tracking association SourceState{348798e system/1000 BTopFgs #67081} whose proc state 2 is better than process ProcessState{cb935af com.stayfocused:TrackingService/10316 pkg=com.stayfocused} proc state 3 (383 skipped)
09-20 14:10:43.836  1913  2741 W PackageManager: package unknown uid 10305 pid 29220 call SetEnabledSetting(com.whatsapp component = androidx.work.impl.background.systemalarm.RescheduleReceiver, 1, 0x1, 0)
09-20 14:10:52.178  1913  2147 V WindowOrientationListener: onSensorChanged mDesiredRotation = 4
09-20 14:10:54.942  1913  1913 W ProcessStats: Tracking association SourceState{348798e system/1000 BTopFgs #67103} whose proc state 2 is better than process ProcessState{cb935af com.stayfocused:TrackingService/10316 pkg=com.stayfocused} proc state 3 (35 skipped)
09-20 14:11:00.081  1913  4723 E OplusCustomizeRestrictionManagerService: isBiometricDisabled start
09-20 14:11:00.092  1913  4723 E OplusCustomizeRestrictionManagerService: isBiometricDisabled start
09-20 14:11:00.113  1913  5794 E OplusCustomizeRestrictionManagerService: isBiometricDisabled start
09-20 14:11:00.115  1913  5794 E OplusCustomizeRestrictionManagerService: isBiometricDisabled start
09-20 14:11:00.903  1913  2259 D OplusThermalStats: REPORT_UPDATE_CPU  ->  phoneTemp:370  preHeatThreshold:400
09-20 14:11:00.997  1913  2207 D ProcessCpuTrackerExtImpl: mContext is already set, return now! 
09-20 14:11:05.234  1913  5794 W ProcessStats: Tracking association SourceState{348798e system/1000 BTopFgs #67123} whose proc state 2 is better than process ProcessState{cb935af com.stayfocused:TrackingService/10316 pkg=com.stayfocused} proc state 3 (35 skipped)
09-20 14:11:05.517  1913  3464 D UsageStatsService: User[0] type=0 b=1695199260516 e=1695199265526 cb=1695117524018 ce=1695199265232 disk=0 all=0
09-20 14:11:05.821  1913  3464 D UsageStatsService: User[0] type=0 b=1695199260819 e=1695199265829 cb=1695117524018 ce=1695199265232 disk=0 all=0
09-20 14:11:06.125  1913  5794 D UsageStatsService: User[0] type=0 b=1695199261125 e=1695199266135 cb=1695117524018 ce=1695199265232 disk=0 all=0
09-20 14:11:06.429  1913  5794 D UsageStatsService: User[0] type=0 b=1695199261428 e=1695199266438 cb=1695117524018 ce=1695199265232 disk=0 all=0
09-20 14:11:06.732  1913  3436 D UsageStatsService: User[0] type=0 b=1695199261731 e=1695199266741 cb=1695117524018 ce=1695199265232 disk=0 all=0
09-20 14:11:07.032  1913  5794 W ContextImpl: Calling a method in the system process without a qualified user: android.app.ContextImpl.sendBroadcastMultiplePermissions:1208 com.android.server.TelephonyRegistry.broadcastServiceStateChanged:3001 com.android.server.TelephonyRegistry.notifyServiceStateForPhoneId:1623 com.android.internal.telephony.ITelephonyRegistry$Stub.onTransact:455 android.os.Binder.execTransactInternal:1228 
09-20 14:11:07.033  1913  5794 W ContextImpl: Calling a method in the system process without a qualified user: android.app.ContextImpl.sendBroadcastMultiplePermissions:1258 android.content.Context.sendBroadcastMultiplePermissions:2215 com.android.server.TelephonyRegistry.broadcastServiceStateChanged:3004 com.android.server.TelephonyRegistry.notifyServiceStateForPhoneId:1623 com.android.internal.telephony.ITelephonyRegistry$Stub.onTransact:455 
09-20 14:11:07.035  1913  3464 D UsageStatsService: User[0] type=0 b=1695199262034 e=1695199267044 cb=1695117524018 ce=1695199265232 disk=0 all=0
09-20 14:11:07.037  1913  5794 W ContextImpl: Calling a method in the system process without a qualified user: android.app.ContextImpl.sendBroadcastMultiplePermissions:1258 com.android.server.TelephonyRegistry.broadcastServiceStateChanged:3011 com.android.server.TelephonyRegistry.notifyServiceStateForPhoneId:1623 com.android.internal.telephony.ITelephonyRegistry$Stub.onTransact:455 android.os.Binder.execTransactInternal:1228 
09-20 14:11:07.037  1913  2254 W BroadcastQueue: Appop Denial: receiving Intent { act=android.intent.action.SERVICE_STATE flg=0x1000010 pkg=com.android.phone (has extras) } to ProcessRecord{bc9a0e1 3313:com.android.phone/1001} (pid=3313, uid=1001) excludes appop android:read_phone_state due to sender android (uid 1001)
09-20 14:11:07.037  1913  2254 W BroadcastQueue: Appop Denial: receiving Intent { act=android.intent.action.SERVICE_STATE flg=0x1000010 pkg=com.android.phone (has extras) } to ProcessRecord{bc9a0e1 3313:com.android.phone/1001} (pid=3313, uid=1001) excludes appop android:read_phone_state due to sender android (uid 1001)
09-20 14:11:07.038  1913  5794 W ContextImpl: Calling a method in the system process without a qualified user: android.app.ContextImpl.sendBroadcastMultiplePermissions:1258 com.android.server.TelephonyRegistry.broadcastServiceStateChanged:3016 com.android.server.TelephonyRegistry.notifyServiceStateForPhoneId:1623 com.android.internal.telephony.ITelephonyRegistry$Stub.onTransact:455 android.os.Binder.execTransactInternal:1228 
09-20 14:11:07.039  1913  2254 W BroadcastQueue: Skipping delivery of excluded package Intent { act=android.intent.action.SERVICE_STATE flg=0x1000010 (has extras) } to ProcessRecord{bc9a0e1 3313:com.android.phone/1001} (pid=3313, uid=1001) excludes package com.android.phone due to sender android (uid 1001)
09-20 14:11:07.040  1913  2254 W BroadcastQueue: Skipping delivery of excluded package Intent { act=android.intent.action.SERVICE_STATE flg=0x1000010 (has extras) } to ProcessRecord{bc9a0e1 3313:com.android.phone/1001} (pid=3313, uid=1001) excludes package com.android.phone due to sender android (uid 1001)
09-20 14:11:07.040  1913  2254 W BroadcastQueue: Permission Denial: receiving Intent { act=android.intent.action.SERVICE_STATE flg=0x1000010 (has extras) } to com.google.android.cellbroadcastreceiver/com.android.cellbroadcastreceiver.CellBroadcastReceiver requires android.permission.READ_PHONE_STATE due to sender android (uid 1001)
09-20 14:11:07.041  1913  2254 W BroadcastQueue: Appop Denial: receiving Intent { act=android.intent.action.SERVICE_STATE flg=0x1000010 (has extras) } to ProcessRecord{479f7cc 3023:com.android.systemui/u0a185} (pid=3023, uid=10185) excludes appop android:read_phone_state due to sender android (uid 1001)
09-20 14:11:07.041  1913  2254 W BroadcastQueue: Appop Denial: receiving Intent { act=android.intent.action.SERVICE_STATE flg=0x1000010 (has extras) } to ProcessRecord{bc9a0e1 3313:com.android.phone/1001} (pid=3313, uid=1001) excludes appop android:read_phone_state due to sender android (uid 1001)
09-20 14:11:07.041  1913  2254 W BroadcastQueue: Appop Denial: receiving Intent { act=android.intent.action.SERVICE_STATE flg=0x1000010 (has extras) } to ProcessRecord{bc9a0e1 3313:com.android.phone/1001} (pid=3313, uid=1001) excludes appop android:read_phone_state due to sender android (uid 1001)
09-20 14:11:07.046  1913  2254 D CompatibilityChangeReporter: Compat change id reported: 135634846; UID 10221; state: DISABLED
09-20 14:11:07.047  1913  2254 D CompatibilityChangeReporter: Compat change id reported: 177438394; UID 10221; state: DISABLED
09-20 14:11:07.047  1913  2254 D CompatibilityChangeReporter: Compat change id reported: 135772972; UID 10221; state: DISABLED
09-20 14:11:07.047  1913  2254 D CompatibilityChangeReporter: Compat change id reported: 135754954; UID 10221; state: ENABLED
09-20 14:11:07.048  1913  2248 D CompatibilityChangeReporter: Compat change id reported: 143937733; UID 10221; state: ENABLED
09-20 14:11:07.067  1913  2248 I ActivityManager: Start proc 8060:com.google.android.cellbroadcastreceiver/u0a221 for broadcast {com.google.android.cellbroadcastreceiver/com.android.cellbroadcastreceiver.CellBroadcastReceiver}
09-20 14:11:07.111  1913  2248 W ContextImpl: Calling a method in the system process without a qualified user: android.app.ContextImpl.sendBroadcast:1175 com.android.server.am.OplusAppStartupConfig.sendAbnormalNotify:1570 com.android.server.am.OplusAppStartupConfig.notifyAbnormalInfo:1503 com.android.server.am.OplusAppStartupManager.handleStartAppInfo:5369 com.android.server.am.ProcessListExtImpl.hookHandleProcessStart:251 
09-20 14:11:07.131  1913  3436 I OplusCustomizeService: pkg:com.android.phone isPlatformSigned, return true drectly 
09-20 14:11:07.131  1913  3436 E OplusCustomizeRestrictionManagerService: getMobileDataMode error :s == null
09-20 14:11:07.131  1913  5794 I OplusCustomizeService: pkg:com.android.phone isPlatformSigned, return true drectly 
09-20 14:11:07.132  1913  5794 I OplusCustomizeService: pkg:com.android.phone isPlatformSigned, return true drectly 
09-20 14:11:07.338  1913  3436 D UsageStatsService: User[0] type=0 b=1695199262336 e=1695199267346 cb=1695117524018 ce=1695199265232 disk=0 all=0
09-20 14:11:07.467  1913  2159 D WatchdogExtImpl: persist.sys.assert.panic:false
09-20 14:11:07.640  1913  3436 D UsageStatsService: User[0] type=0 b=1695199262639 e=1695199267649 cb=1695117524018 ce=1695199265232 disk=0 all=0
09-20 14:11:07.944  1913  3436 D UsageStatsService: User[0] type=0 b=1695199262943 e=1695199267953 cb=1695117524018 ce=1695199265232 disk=0 all=0
09-20 14:11:08.246  1913  3436 D UsageStatsService: User[0] type=0 b=1695199263245 e=1695199268255 cb=1695117524018 ce=1695199265232 disk=0 all=0
09-20 14:11:08.549  1913  5794 D UsageStatsService: User[0] type=0 b=1695199263548 e=1695199268558 cb=1695117524018 ce=1695199265232 disk=0 all=0
09-20 14:11:08.677  1913  3436 W ContextImpl: Calling a method in the system process without a qualified user: android.app.ContextImpl.sendBroadcastMultiplePermissions:1208 com.android.server.TelephonyRegistry.broadcastServiceStateChanged:3001 com.android.server.TelephonyRegistry.notifyServiceStateForPhoneId:1623 com.android.internal.telephony.ITelephonyRegistry$Stub.onTransact:455 android.os.Binder.execTransactInternal:1228 
09-20 14:11:08.677  1913  3436 W ContextImpl: Calling a method in the system process without a qualified user: android.app.ContextImpl.sendBroadcastMultiplePermissions:1258 android.content.Context.sendBroadcastMultiplePermissions:2215 com.android.server.TelephonyRegistry.broadcastServiceStateChanged:3004 com.android.server.TelephonyRegistry.notifyServiceStateForPhoneId:1623 com.android.internal.telephony.ITelephonyRegistry$Stub.onTransact:455 
09-20 14:11:08.685  1913  3436 W ContextImpl: Calling a method in the system process without a qualified user: android.app.ContextImpl.sendBroadcastMultiplePermissions:1258 com.android.server.TelephonyRegistry.broadcastServiceStateChanged:3011 com.android.server.TelephonyRegistry.notifyServiceStateForPhoneId:1623 com.android.internal.telephony.ITelephonyRegistry$Stub.onTransact:455 android.os.Binder.execTransactInternal:1228 
09-20 14:11:08.685  1913  2254 W BroadcastQueue: Appop Denial: receiving Intent { act=android.intent.action.SERVICE_STATE flg=0x1000010 pkg=com.android.phone (has extras) } to ProcessRecord{bc9a0e1 3313:com.android.phone/1001} (pid=3313, uid=1001) excludes appop android:read_phone_state due to sender android (uid 1001)
09-20 14:11:08.686  1913  2254 W BroadcastQueue: Appop Denial: receiving Intent { act=android.intent.action.SERVICE_STATE flg=0x1000010 pkg=com.android.phone (has extras) } to ProcessRecord{bc9a0e1 3313:com.android.phone/1001} (pid=3313, uid=1001) excludes appop android:read_phone_state due to sender android (uid 1001)
09-20 14:11:08.690  1913  2254 W BroadcastQueue: Skipping delivery of excluded package Intent { act=android.intent.action.SERVICE_STATE flg=0x1000010 (has extras) } to ProcessRecord{bc9a0e1 3313:com.android.phone/1001} (pid=3313, uid=1001) excludes package com.android.phone due to sender android (uid 1001)
09-20 14:11:08.690  1913  3436 W ContextImpl: Calling a method in the system process without a qualified user: android.app.ContextImpl.sendBroadcastMultiplePermissions:1258 com.android.server.TelephonyRegistry.broadcastServiceStateChanged:3016 com.android.server.TelephonyRegistry.notifyServiceStateForPhoneId:1623 com.android.internal.telephony.ITelephonyRegistry$Stub.onTransact:455 android.os.Binder.execTransactInternal:1228 
09-20 14:11:08.690  1913  2254 W BroadcastQueue: Skipping delivery of excluded package Intent { act=android.intent.action.SERVICE_STATE flg=0x1000010 (has extras) } to ProcessRecord{bc9a0e1 3313:com.android.phone/1001} (pid=3313, uid=1001) excludes package com.android.phone due to sender android (uid 1001)
09-20 14:11:08.690  1913  2254 W BroadcastQueue: Permission Denial: receiving Intent { act=android.intent.action.SERVICE_STATE flg=0x1000010 (has extras) } to com.google.android.cellbroadcastreceiver/com.android.cellbroadcastreceiver.CellBroadcastReceiver requires android.permission.READ_PHONE_STATE due to sender android (uid 1001)
09-20 14:11:08.696  1913  2254 W BroadcastQueue: Appop Denial: receiving Intent { act=android.intent.action.SERVICE_STATE flg=0x1000010 (has extras) } to ProcessRecord{479f7cc 3023:com.android.systemui/u0a185} (pid=3023, uid=10185) excludes appop android:read_phone_state due to sender android (uid 1001)
