02-02 01:03:08.726   864   864 E libc    : Access denied finding property "ro.hardware.fp.fod"
02-02 01:03:08.726   864   864 E libc    : Access denied finding property "ro.hardware.fp.sideCap"
02-02 01:03:08.730  2318  2318 D NavBarTintController: onSampleCollected 0.0
02-02 01:03:08.737   774  2189 E CHIUSECASE: chxfeaturezsl.cpp:435 ExecuteProcessRequest() Snapshot in ZSL
02-02 01:03:08.738   774  1907 D CamX    : [DEBUG][CORE   ] camxsession.cpp:2369 ProcessRequest() pipeline[0] OpenRequest called for request id = 20
02-02 01:03:08.739   774  2189 E CHIUSECASE: chxadvancedcamerausecase.cpp:3477 SelectFeatureToExecuteCaptureRequest() SelectFeatureToExecuteCaptureRequest Select Feature 0xe0252180 type 1 for request:20
02-02 01:03:08.741  5151  5151 I AssistHolderContentView: forceFitSystemWindows pb = 0
02-02 01:03:08.756   774 24735 I CHIUSECASE: chxfeaturezsl.cpp:906 RequestThreadProcessing() 1.received rdi and meta of frame 15 for triggering snapshot request
02-02 01:03:08.756   774 24735 I CHIUSECASE: chxfeaturezsl.cpp:904 RequestThreadProcessing() 1.waiting for rdi and meta of frame 15 for triggering snapshot request
02-02 01:03:08.756   774 24735 I CHIUSECASE: chxfeaturezsl.cpp:906 RequestThreadProcessing() 1.received rdi and meta of frame 15 for triggering snapshot request
02-02 01:03:08.756   774 24735 I CHIUSECASE: chxfeaturezsl.cpp:976 RequestThreadProcessing() Sending ZSL snapshot frameNumber:15, request:15 metadata:0x0
02-02 01:03:08.756   774   991 E CHIUSECASE: chxadvancedcamerausecase.cpp:4093 FindFeatureToProcessMessage() FindFeatureToProcessMessage pFeature is NULL!
02-02 01:03:08.757   774 24735 I CHIUSECASE: chxfeaturezsl.cpp:904 RequestThreadProcessing() 1.waiting for rdi and meta of frame 16 for triggering snapshot request
02-02 01:03:08.757   774  1905 D CamX    : [DEBUG][CORE   ] camxsession.cpp:2369 ProcessRequest() pipeline[0] OpenRequest called for request id = 16
02-02 01:03:08.758  5151  5151 I AssistHolderContentView: forceFitSystemWindows pb = 0
02-02 01:03:08.759   864   864 E libc    : Access denied finding property "ro.hardware.fp.fod"
02-02 01:03:08.759   864   864 E libc    : Access denied finding property "ro.hardware.fp.sideCap"
02-02 01:03:08.770   774  2189 E CHIUSECASE: chxfeaturezsl.cpp:435 ExecuteProcessRequest() Snapshot in ZSL
02-02 01:03:08.770   774  1909 D CamX    : [DEBUG][CORE   ] camxsession.cpp:2369 ProcessRequest() pipeline[0] OpenRequest called for request id = 21
02-02 01:03:08.770   774  2189 E CHIUSECASE: chxadvancedcamerausecase.cpp:3477 SelectFeatureToExecuteCaptureRequest() SelectFeatureToExecuteCaptureRequest Select Feature 0xe0252180 type 1 for request:21
02-02 01:03:08.774  5151  5151 I AssistHolderContentView: forceFitSystemWindows pb = 0
02-02 01:03:08.789   774 24735 I CHIUSECASE: chxfeaturezsl.cpp:906 RequestThreadProcessing() 1.received rdi and meta of frame 16 for triggering snapshot request
02-02 01:03:08.789   774 24735 I CHIUSECASE: chxfeaturezsl.cpp:976 RequestThreadProcessing() Sending ZSL snapshot frameNumber:16, request:16 metadata:0x0
02-02 01:03:08.789   774 24735 I CHIUSECASE: chxfeaturezsl.cpp:904 RequestThreadProcessing() 1.waiting for rdi and meta of frame 17 for triggering snapshot request
02-02 01:03:08.789   774  1905 D CamX    : [DEBUG][CORE   ] camxsession.cpp:2369 ProcessRequest() pipeline[0] OpenRequest called for request id = 17
02-02 01:03:08.790   774   991 E CHIUSECASE: chxadvancedcamerausecase.cpp:4093 FindFeatureToProcessMessage() FindFeatureToProcessMessage pFeature is NULL!
02-02 01:03:08.792  5151  5151 I AssistHolderContentView: forceFitSystemWindows pb = 0
02-02 01:03:08.793   864   864 E libc    : Access denied finding property "ro.hardware.fp.fod"
02-02 01:03:08.793   864   864 E libc    : Access denied finding property "ro.hardware.fp.sideCap"
02-02 01:03:08.804   774  2189 E CHIUSECASE: chxfeaturezsl.cpp:435 ExecuteProcessRequest() Snapshot in ZSL
02-02 01:03:08.804   774  1909 D CamX    : [DEBUG][CORE   ] camxsession.cpp:2369 ProcessRequest() pipeline[0] OpenRequest called for request id = 22
02-02 01:03:08.805   774  2189 E CHIUSECASE: chxadvancedcamerausecase.cpp:3477 SelectFeatureToExecuteCaptureRequest() SelectFeatureToExecuteCaptureRequest Select Feature 0xe0252180 type 1 for request:22
02-02 01:03:08.808  5151  5151 I AssistHolderContentView: forceFitSystemWindows pb = 0
02-02 01:03:08.824   774   991 E CHIUSECASE: chxadvancedcamerausecase.cpp:4093 FindFeatureToProcessMessage() FindFeatureToProcessMessage pFeature is NULL!
02-02 01:03:08.825   774 24735 I CHIUSECASE: chxfeaturezsl.cpp:906 RequestThreadProcessing() 1.received rdi and meta of frame 17 for triggering snapshot request
02-02 01:03:08.825   774 24735 I CHIUSECASE: chxfeaturezsl.cpp:904 RequestThreadProcessing() 1.waiting for rdi and meta of frame 17 for triggering snapshot request
02-02 01:03:08.826  5151  5151 I AssistHolderContentView: forceFitSystemWindows pb = 0
02-02 01:03:08.826   774 24735 I CHIUSECASE: chxfeaturezsl.cpp:906 RequestThreadProcessing() 1.received rdi and meta of frame 17 for triggering snapshot request
02-02 01:03:08.826   774 24735 I CHIUSECASE: chxfeaturezsl.cpp:976 RequestThreadProcessing() Sending ZSL snapshot frameNumber:17, request:17 metadata:0x0
02-02 01:03:08.826   774 24735 I CHIUSECASE: chxfeaturezsl.cpp:904 RequestThreadProcessing() 1.waiting for rdi and meta of frame 18 for triggering snapshot request
02-02 01:03:08.826   774  1905 D CamX    : [DEBUG][CORE   ] camxsession.cpp:2369 ProcessRequest() pipeline[0] OpenRequest called for request id = 18
02-02 01:03:08.827   864   864 E libc    : Access denied finding property "ro.hardware.fp.fod"
02-02 01:03:08.827   864   864 E libc    : Access denied finding property "ro.hardware.fp.sideCap"
02-02 01:03:08.831  2318  2318 D NavBarTintController: onSampleCollected 0.0
02-02 01:03:08.837   774  2189 E CHIUSECASE: chxfeaturezsl.cpp:435 ExecuteProcessRequest() Snapshot in ZSL
02-02 01:03:08.837   774  1905 D CamX    : [DEBUG][CORE   ] camxsession.cpp:2369 ProcessRequest() pipeline[0] OpenRequest called for request id = 23
02-02 01:03:08.838   774  2189 E CHIUSECASE: chxadvancedcamerausecase.cpp:3477 SelectFeatureToExecuteCaptureRequest() SelectFeatureToExecuteCaptureRequest Select Feature 0xe0252180 type 1 for request:23
02-02 01:03:08.841  5151  5151 I AssistHolderContentView: forceFitSystemWindows pb = 0
02-02 01:03:08.856   774 24735 I CHIUSECASE: chxfeaturezsl.cpp:906 RequestThreadProcessing() 1.received rdi and meta of frame 18 for triggering snapshot request
02-02 01:03:08.856   774 24735 I CHIUSECASE: chxfeaturezsl.cpp:904 RequestThreadProcessing() 1.waiting for rdi and meta of frame 18 for triggering snapshot request
02-02 01:03:08.856   774 24735 I CHIUSECASE: chxfeaturezsl.cpp:906 RequestThreadProcessing() 1.received rdi and meta of frame 18 for triggering snapshot request
02-02 01:03:08.856   774 24735 I CHIUSECASE: chxfeaturezsl.cpp:976 RequestThreadProcessing() Sending ZSL snapshot frameNumber:18, request:18 metadata:0x0
02-02 01:03:08.856   774 24735 I CHIUSECASE: chxfeaturezsl.cpp:904 RequestThreadProcessing() 1.waiting for rdi and meta of frame 19 for triggering snapshot request
02-02 01:03:08.856   774   991 E CHIUSECASE: chxadvancedcamerausecase.cpp:4093 FindFeatureToProcessMessage() FindFeatureToProcessMessage pFeature is NULL!
02-02 01:03:08.856   774  1906 D CamX    : [DEBUG][CORE   ] camxsession.cpp:2369 ProcessRequest() pipeline[0] OpenRequest called for request id = 19
02-02 01:03:08.858  5151  5151 I AssistHolderContentView: forceFitSystemWindows pb = 0
02-02 01:03:08.860   864   864 E libc    : Access denied finding property "ro.hardware.fp.fod"
02-02 01:03:08.860   864   864 E libc    : Access denied finding property "ro.hardware.fp.sideCap"
02-02 01:03:08.864   774  2189 E CHIUSECASE: chxfeaturezsl.cpp:435 ExecuteProcessRequest() Snapshot in ZSL
02-02 01:03:08.864   774  1909 D CamX    : [DEBUG][CORE   ] camxsession.cpp:2369 ProcessRequest() pipeline[0] OpenRequest called for request id = 24
02-02 01:03:08.865   774  2189 E CHIUSECASE: chxadvancedcamerausecase.cpp:3477 SelectFeatureToExecuteCaptureRequest() SelectFeatureToExecuteCaptureRequest Select Feature 0xe0252180 type 1 for request:24
02-02 01:03:08.875  5151  5151 I AssistHolderContentView: forceFitSystemWindows pb = 0
02-02 01:03:08.877   864   864 E libc    : Access denied finding property "ro.hardware.fp.fod"
02-02 01:03:08.877   864   864 E libc    : Access denied finding property "ro.hardware.fp.sideCap"
02-02 01:03:08.890   774   991 E CHIUSECASE: chxadvancedcamerausecase.cpp:4093 FindFeatureToProcessMessage() FindFeatureToProcessMessage pFeature is NULL!
02-02 01:03:08.890   774 24735 I CHIUSECASE: chxfeaturezsl.cpp:906 RequestThreadProcessing() 1.received rdi and meta of frame 19 for triggering snapshot request
02-02 01:03:08.890   774 24735 I CHIUSECASE: chxfeaturezsl.cpp:904 RequestThreadProcessing() 1.waiting for rdi and meta of frame 19 for triggering snapshot request
02-02 01:03:08.890   774 24735 I CHIUSECASE: chxfeaturezsl.cpp:906 RequestThreadProcessing() 1.received rdi and meta of frame 19 for triggering snapshot request
02-02 01:03:08.890   774 24735 I CHIUSECASE: chxfeaturezsl.cpp:976 RequestThreadProcessing() Sending ZSL snapshot frameNumber:19, request:19 metadata:0x0
02-02 01:03:08.891   774 24735 I CHIUSECASE: chxfeaturezsl.cpp:904 RequestThreadProcessing() 1.waiting for rdi and meta of frame 20 for triggering snapshot request
02-02 01:03:08.891   774  1907 D CamX    : [DEBUG][CORE   ] camxsession.cpp:2369 ProcessRequest() pipeline[0] OpenRequest called for request id = 20
02-02 01:03:08.892  5151  5151 I AssistHolderContentView: forceFitSystemWindows pb = 0
02-02 01:03:08.901   774  2189 E CHIUSECASE: chxfeaturezsl.cpp:435 ExecuteProcessRequest() Snapshot in ZSL
02-02 01:03:08.901   774  1907 D CamX    : [DEBUG][CORE   ] camxsession.cpp:2369 ProcessRequest() pipeline[0] OpenRequest called for request id = 25
02-02 01:03:08.902   774  2189 E CHIUSECASE: chxadvancedcamerausecase.cpp:3477 SelectFeatureToExecuteCaptureRequest() SelectFeatureToExecuteCaptureRequest Select Feature 0xe0252180 type 1 for request:25
02-02 01:03:08.908  5151  5151 I AssistHolderContentView: forceFitSystemWindows pb = 0
02-02 01:03:08.923   774   991 E CHIUSECASE: chxadvancedcamerausecase.cpp:4093 FindFeatureToProcessMessage() FindFeatureToProcessMessage pFeature is NULL!
02-02 01:03:08.924   774 24735 I CHIUSECASE: chxfeaturezsl.cpp:906 RequestThreadProcessing() 1.received rdi and meta of frame 20 for triggering snapshot request
02-02 01:03:08.924   774 24735 I CHIUSECASE: chxfeaturezsl.cpp:976 RequestThreadProcessing() Sending ZSL snapshot frameNumber:20, request:20 metadata:0x0
02-02 01:03:08.924   774 24735 I CHIUSECASE: chxfeaturezsl.cpp:904 RequestThreadProcessing() 1.waiting for rdi and meta of frame 21 for triggering snapshot request
02-02 01:03:08.924   774  1909 D CamX    : [DEBUG][CORE   ] camxsession.cpp:2369 ProcessRequest() pipeline[0] OpenRequest called for request id = 21
02-02 01:03:08.926  5151  5151 I AssistHolderContentView: forceFitSystemWindows pb = 0
02-02 01:03:08.927   864   864 E libc    : Access denied finding property "ro.hardware.fp.fod"
02-02 01:03:08.927   864   864 E libc    : Access denied finding property "ro.hardware.fp.sideCap"
02-02 01:03:08.933   774  1905 D CamX    : [DEBUG][CORE   ] camxsession.cpp:2369 ProcessRequest() pipeline[0] OpenRequest called for request id = 26
02-02 01:03:08.933   774  2189 E CHIUSECASE: chxfeaturezsl.cpp:435 ExecuteProcessRequest() Snapshot in ZSL
02-02 01:03:08.934  2318  2318 D NavBarTintController: onSampleCollected 0.0
02-02 01:03:08.935   774  2189 E CHIUSECASE: chxadvancedcamerausecase.cpp:3477 SelectFeatureToExecuteCaptureRequest() SelectFeatureToExecuteCaptureRequest Select Feature 0xe0252180 type 1 for request:26
02-02 01:03:08.943  5151  5151 I AssistHolderContentView: forceFitSystemWindows pb = 0
02-02 01:03:08.944   864   864 E libc    : Access denied finding property "ro.hardware.fp.fod"
02-02 01:03:08.944   864   864 E libc    : Access denied finding property "ro.hardware.fp.sideCap"
02-02 01:03:08.956   774 24735 I CHIUSECASE: chxfeaturezsl.cpp:906 RequestThreadProcessing() 1.received rdi and meta of frame 21 for triggering snapshot request
02-02 01:03:08.956   774 24735 I CHIUSECASE: chxfeaturezsl.cpp:976 RequestThreadProcessing() Sending ZSL snapshot frameNumber:21, request:21 metadata:0x0
02-02 01:03:08.956   774 24735 I CHIUSECASE: chxfeaturezsl.cpp:904 RequestThreadProcessing() 1.waiting for rdi and meta of frame 22 for triggering snapshot request
02-02 01:03:08.956   774  1906 D CamX    : [DEBUG][CORE   ] camxsession.cpp:2369 ProcessRequest() pipeline[0] OpenRequest called for request id = 22
02-02 01:03:08.957   774   991 E CHIUSECASE: chxadvancedcamerausecase.cpp:4093 FindFeatureToProcessMessage() FindFeatureToProcessMessage pFeature is NULL!
02-02 01:03:08.960  5151  5151 I AssistHolderContentView: forceFitSystemWindows pb = 0
02-02 01:03:08.970   774  2189 E CHIUSECASE: chxfeaturezsl.cpp:435 ExecuteProcessRequest() Snapshot in ZSL
02-02 01:03:08.970   774  1909 D CamX    : [DEBUG][CORE   ] camxsession.cpp:2369 ProcessRequest() pipeline[0] OpenRequest called for request id = 27
02-02 01:03:08.972   774  2192 E CHIUSECASE: chxadvancedcamerausecase.cpp:3477 SelectFeatureToExecuteCaptureRequest() SelectFeatureToExecuteCaptureRequest Select Feature 0xe0252180 type 1 for request:27
02-02 01:03:08.976  5151  5151 I AssistHolderContentView: forceFitSystemWindows pb = 0
02-02 01:03:08.989   774 24735 I CHIUSECASE: chxfeaturezsl.cpp:906 RequestThreadProcessing() 1.received rdi and meta of frame 22 for triggering snapshot request
02-02 01:03:08.989   774 24735 I CHIUSECASE: chxfeaturezsl.cpp:976 RequestThreadProcessing() Sending ZSL snapshot frameNumber:22, request:22 metadata:0x0
02-02 01:03:08.989   774 24735 I CHIUSECASE: chxfeaturezsl.cpp:904 RequestThreadProcessing() 1.waiting for rdi and meta of frame 23 for triggering snapshot request
02-02 01:03:08.989   774  1906 D CamX    : [DEBUG][CORE   ] camxsession.cpp:2369 ProcessRequest() pipeline[0] OpenRequest called for request id = 23
02-02 01:03:08.990   774   991 E CHIUSECASE: chxadvancedcamerausecase.cpp:4093 FindFeatureToProcessMessage() FindFeatureToProcessMessage pFeature is NULL!
02-02 01:03:08.994   864   864 E libc    : Access denied finding property "ro.hardware.fp.fod"
02-02 01:03:08.994   864   864 E libc    : Access denied finding property "ro.hardware.fp.sideCap"
02-02 01:03:08.994  5151  5151 I AssistHolderContentView: forceFitSystemWindows pb = 0
02-02 01:03:09.000   774  2192 E CHIUSECASE: chxfeaturezsl.cpp:435 ExecuteProcessRequest() Snapshot in ZSL
02-02 01:03:09.000   774  1905 D CamX    : [DEBUG][CORE   ] camxsession.cpp:2369 ProcessRequest() pipeline[0] OpenRequest called for request id = 28
02-02 01:03:09.001   774  2192 E CHIUSECASE: chxadvancedcamerausecase.cpp:3477 SelectFeatureToExecuteCaptureRequest() SelectFeatureToExecuteCaptureRequest Select Feature 0xe0252180 type 1 for request:28
02-02 01:03:09.009  5151  5151 I AssistHolderContentView: forceFitSystemWindows pb = 0
02-02 01:03:09.011   864   864 E libc    : Access denied finding property "ro.hardware.fp.fod"
02-02 01:03:09.011   864   864 E libc    : Access denied finding property "ro.hardware.fp.sideCap"
02-02 01:03:09.023   774   991 E CHIUSECASE: chxadvancedcamerausecase.cpp:4093 FindFeatureToProcessMessage() FindFeatureToProcessMessage pFeature is NULL!
02-02 01:03:09.023   774 24735 I CHIUSECASE: chxfeaturezsl.cpp:906 RequestThreadProcessing() 1.received rdi and meta of frame 23 for triggering snapshot request
02-02 01:03:09.023   774 24735 I CHIUSECASE: chxfeaturezsl.cpp:976 RequestThreadProcessing() Sending ZSL snapshot frameNumber:23, request:23 metadata:0x0
02-02 01:03:09.024   774 24735 I CHIUSECASE: chxfeaturezsl.cpp:904 RequestThreadProcessing() 1.waiting for rdi and meta of frame 24 for triggering snapshot request
02-02 01:03:09.024   774  1909 D CamX    : [DEBUG][CORE   ] camxsession.cpp:2369 ProcessRequest() pipeline[0] OpenRequest called for request id = 24
02-02 01:03:09.027  5151  5151 I AssistHolderContentView: forceFitSystemWindows pb = 0
02-02 01:03:09.036   774  2192 E CHIUSECASE: chxfeaturezsl.cpp:435 ExecuteProcessRequest() Snapshot in ZSL
02-02 01:03:09.036   774  1907 D CamX    : [DEBUG][CORE   ] camxsession.cpp:2369 ProcessRequest() pipeline[0] OpenRequest called for request id = 29
02-02 01:03:09.039   774  2192 E CHIUSECASE: chxadvancedcamerausecase.cpp:3477 SelectFeatureToExecuteCaptureRequest() SelectFeatureToExecuteCaptureRequest Select Feature 0xe0252180 type 1 for request:29
02-02 01:03:09.043  5151  5151 I AssistHolderContentView: forceFitSystemWindows pb = 0
02-02 01:03:09.056   774   991 E CHIUSECASE: chxadvancedcamerausecase.cpp:4093 FindFeatureToProcessMessage() FindFeatureToProcessMessage pFeature is NULL!
02-02 01:03:09.058   774 24735 I CHIUSECASE: chxfeaturezsl.cpp:906 RequestThreadProcessing() 1.received rdi and meta of frame 24 for triggering snapshot request
02-02 01:03:09.058   774 24735 I CHIUSECASE: chxfeaturezsl.cpp:976 RequestThreadProcessing() Sending ZSL snapshot frameNumber:24, request:24 metadata:0x0
02-02 01:03:09.058   774 24735 I CHIUSECASE: chxfeaturezsl.cpp:904 RequestThreadProcessing() 1.waiting for rdi and meta of frame 25 for triggering snapshot request
02-02 01:03:09.058   774  1906 D CamX    : [DEBUG][CORE   ] camxsession.cpp:2369 ProcessRequest() pipeline[0] OpenRequest called for request id = 25
02-02 01:03:09.058  2318  2318 D NavBarTintController: onSampleCollected 0.0
02-02 01:03:09.061  5151  5151 I AssistHolderContentView: forceFitSystemWindows pb = 0
02-02 01:03:09.061   864   864 E libc    : Access denied finding property "ro.hardware.fp.fod"
02-02 01:03:09.061   864   864 E libc    : Access denied finding property "ro.hardware.fp.sideCap"
02-02 01:03:09.066   774  1909 D CamX    : [DEBUG][CORE   ] camxsession.cpp:2369 ProcessRequest() pipeline[0] OpenRequest called for request id = 30
02-02 01:03:09.066   774  2192 E CHIUSECASE: chxfeaturezsl.cpp:435 ExecuteProcessRequest() Snapshot in ZSL
02-02 01:03:09.067   774  2192 E CHIUSECASE: chxadvancedcamerausecase.cpp:3477 SelectFeatureToExecuteCaptureRequest() SelectFeatureToExecuteCaptureRequest Select Feature 0xe0252180 type 1 for request:30
02-02 01:03:09.077  5151  5151 I AssistHolderContentView: forceFitSystemWindows pb = 0
02-02 01:03:09.079   864   864 E libc    : Access denied finding property "ro.hardware.fp.fod"
02-02 01:03:09.079   864   864 E libc    : Access denied finding property "ro.hardware.fp.sideCap"
02-02 01:03:09.090   774   991 E CHIUSECASE: chxadvancedcamerausecase.cpp:4093 FindFeatureToProcessMessage() FindFeatureToProcessMessage pFeature is NULL!
02-02 01:03:09.090   774 24735 I CHIUSECASE: chxfeaturezsl.cpp:906 RequestThreadProcessing() 1.received rdi and meta of frame 25 for triggering snapshot request
02-02 01:03:09.090   774 24735 I CHIUSECASE: chxfeaturezsl.cpp:976 RequestThreadProcessing() Sending ZSL snapshot frameNumber:25, request:25 metadata:0x0
02-02 01:03:09.090   774 24735 I CHIUSECASE: chxfeaturezsl.cpp:904 RequestThreadProcessing() 1.waiting for rdi and meta of frame 26 for triggering snapshot request
02-02 01:03:09.090   774  1907 D CamX    : [DEBUG][CORE   ] camxsession.cpp:2369 ProcessRequest() pipeline[0] OpenRequest called for request id = 26
02-02 01:03:09.093  5151  5151 I AssistHolderContentView: forceFitSystemWindows pb = 0
02-02 01:03:09.098   774  1906 D CamX    : [DEBUG][CORE   ] camxsession.cpp:2369 ProcessRequest() pipeline[0] OpenRequest called for request id = 31
02-02 01:03:09.098   774  2192 E CHIUSECASE: chxfeaturezsl.cpp:435 ExecuteProcessRequest() Snapshot in ZSL
02-02 01:03:09.099   774  2192 E CHIUSECASE: chxadvancedcamerausecase.cpp:3477 SelectFeatureToExecuteCaptureRequest() SelectFeatureToExecuteCaptureRequest Select Feature 0xe0252180 type 1 for request:31
02-02 01:03:09.110  5151  5151 I AssistHolderContentView: forceFitSystemWindows pb = 0
02-02 01:03:09.111   864   864 E libc    : Access denied finding property "ro.hardware.fp.fod"
02-02 01:03:09.112   864   864 E libc    : Access denied finding property "ro.hardware.fp.sideCap"
02-02 01:03:09.123   774 24735 I CHIUSECASE: chxfeaturezsl.cpp:906 RequestThreadProcessing() 1.received rdi and meta of frame 26 for triggering snapshot request
02-02 01:03:09.123   774 24735 I CHIUSECASE: chxfeaturezsl.cpp:976 RequestThreadProcessing() Sending ZSL snapshot frameNumber:26, request:26 metadata:0x0
02-02 01:03:09.123   774   991 E CHIUSECASE: chxadvancedcamerausecase.cpp:4093 FindFeatureToProcessMessage() FindFeatureToProcessMessage pFeature is NULL!
02-02 01:03:09.123   774 24735 I CHIUSECASE: chxfeaturezsl.cpp:904 RequestThreadProcessing() 1.waiting for rdi and meta of frame 27 for triggering snapshot request
02-02 01:03:09.123   774  1905 D CamX    : [DEBUG][CORE   ] camxsession.cpp:2369 ProcessRequest() pipeline[0] OpenRequest called for request id = 27
02-02 01:03:09.127  5151  5151 I AssistHolderContentView: forceFitSystemWindows pb = 0
02-02 01:03:09.133   774  1906 D CamX    : [DEBUG][CORE   ] camxsession.cpp:2369 ProcessRequest() pipeline[0] OpenRequest called for request id = 32
02-02 01:03:09.133   774  2192 E CHIUSECASE: chxfeaturezsl.cpp:435 ExecuteProcessRequest() Snapshot in ZSL
02-02 01:03:09.135   774  2192 E CHIUSECASE: chxadvancedcamerausecase.cpp:3477 SelectFeatureToExecuteCaptureRequest() SelectFeatureToExecuteCaptureRequest Select Feature 0xe0252180 type 1 for request:32
02-02 01:03:09.143  5151  5151 I AssistHolderContentView: forceFitSystemWindows pb = 0
02-02 01:03:09.144   774  1906 E CamX    : [ERROR][STATS_AF ] af_process.cpp:1195: af_process_parse_stats Invalid FV data!
02-02 01:03:09.145   864   864 E libc    : Access denied finding property "ro.hardware.fp.fod"
02-02 01:03:09.145   864   864 E libc    : Access denied finding property "ro.hardware.fp.sideCap"
02-02 01:03:09.156   774 24735 I CHIUSECASE: chxfeaturezsl.cpp:906 RequestThreadProcessing() 1.received rdi and meta of frame 27 for triggering snapshot request
02-02 01:03:09.156   774 24735 I CHIUSECASE: chxfeaturezsl.cpp:976 RequestThreadProcessing() Sending ZSL snapshot frameNumber:27, request:27 metadata:0x0
02-02 01:03:09.156   774   991 E CHIUSECASE: chxadvancedcamerausecase.cpp:4093 FindFeatureToProcessMessage() FindFeatureToProcessMessage pFeature is NULL!
02-02 01:03:09.157   774 24735 I CHIUSECASE: chxfeaturezsl.cpp:904 RequestThreadProcessing() 1.waiting for rdi and meta of frame 28 for triggering snapshot request
02-02 01:03:09.157   774  1909 D CamX    : [DEBUG][CORE   ] camxsession.cpp:2369 ProcessRequest() pipeline[0] OpenRequest called for request id = 28
02-02 01:03:09.161  5151  5151 I AssistHolderContentView: forceFitSystemWindows pb = 0
02-02 01:03:09.164   774  1905 D CamX    : [DEBUG][CORE   ] camxsession.cpp:2369 ProcessRequest() pipeline[0] OpenRequest called for request id = 33
02-02 01:03:09.164   774  2192 E CHIUSECASE: chxfeaturezsl.cpp:435 ExecuteProcessRequest() Snapshot in ZSL
02-02 01:03:09.166   774  2192 E CHIUSECASE: chxadvancedcamerausecase.cpp:3477 SelectFeatureToExecuteCaptureRequest() SelectFeatureToExecuteCaptureRequest Select Feature 0xe0252180 type 1 for request:33
02-02 01:03:09.177  2318  2318 D NavBarTintController: onSampleCollected 0.0
02-02 01:03:09.177  5151  5151 I AssistHolderContentView: forceFitSystemWindows pb = 0
02-02 01:03:09.179   864   864 E libc    : Access denied finding property "ro.hardware.fp.fod"
02-02 01:03:09.179   864   864 E libc    : Access denied finding property "ro.hardware.fp.sideCap"
02-02 01:03:09.189   774 24735 I CHIUSECASE: chxfeaturezsl.cpp:906 RequestThreadProcessing() 1.received rdi and meta of frame 28 for triggering snapshot request
02-02 01:03:09.190   774 24735 I CHIUSECASE: chxfeaturezsl.cpp:976 RequestThreadProcessing() Sending ZSL snapshot frameNumber:28, request:28 metadata:0x0
02-02 01:03:09.190   774   991 E CHIUSECASE: chxadvancedcamerausecase.cpp:4093 FindFeatureToProcessMessage() FindFeatureToProcessMessage pFeature is NULL!
02-02 01:03:09.190   774 24735 I CHIUSECASE: chxfeaturezsl.cpp:904 RequestThreadProcessing() 1.waiting for rdi and meta of frame 29 for triggering snapshot request
02-02 01:03:09.190   774  1905 D CamX    : [DEBUG][CORE   ] camxsession.cpp:2369 ProcessRequest() pipeline[0] OpenRequest called for request id = 29
02-02 01:03:09.194  5151  5151 I AssistHolderContentView: forceFitSystemWindows pb = 0
02-02 01:03:09.199   566   566 E SELinux : avc:  denied  { find } for interface=vendor.qti.hardware.servicetracker::IServicetracker sid=u:r:system_server:s0 pid=1976 scontext=u:r:system_server:s0 tcontext=u:object_r:default_android_hwservice:s0 tclass=hwservice_manager permissive=0
02-02 01:03:09.201   774  1906 D CamX    : [DEBUG][CORE   ] camxsession.cpp:2369 ProcessRequest() pipeline[0] OpenRequest called for request id = 34
02-02 01:03:09.201   774  2192 E CHIUSECASE: chxfeaturezsl.cpp:435 ExecuteProcessRequest() Snapshot in ZSL
02-02 01:03:09.204   774  2192 E CHIUSECASE: chxadvancedcamerausecase.cpp:3477 SelectFeatureToExecuteCaptureRequest() SelectFeatureToExecuteCaptureRequest Select Feature 0xe0252180 type 1 for request:34
02-02 01:03:09.211  5151  5151 I AssistHolderContentView: forceFitSystemWindows pb = 0
02-02 01:03:09.212   864   864 E libc    : Access denied finding property "ro.hardware.fp.fod"
02-02 01:03:09.213   864   864 E libc    : Access denied finding property "ro.hardware.fp.sideCap"
02-02 01:03:09.223   774   991 E CHIUSECASE: chxadvancedcamerausecase.cpp:4093 FindFeatureToProcessMessage() FindFeatureToProcessMessage pFeature is NULL!
02-02 01:03:09.223   774 24735 I CHIUSECASE: chxfeaturezsl.cpp:906 RequestThreadProcessing() 1.received rdi and meta of frame 29 for triggering snapshot request
02-02 01:03:09.224   774 24735 I CHIUSECASE: chxfeaturezsl.cpp:976 RequestThreadProcessing() Sending ZSL snapshot frameNumber:29, request:29 metadata:0x0
02-02 01:03:09.224   774 24735 I CHIUSECASE: chxfeaturezsl.cpp:904 RequestThreadProcessing() 1.waiting for rdi and meta of frame 30 for triggering snapshot request
02-02 01:03:09.225   774  1909 D CamX    : [DEBUG][CORE   ] camxsession.cpp:2369 ProcessRequest() pipeline[0] OpenRequest called for request id = 30
02-02 01:03:09.228  5151  5151 I AssistHolderContentView: forceFitSystemWindows pb = 0
02-02 01:03:09.234   774  2192 E CHIUSECASE: chxfeaturezsl.cpp:435 ExecuteProcessRequest() Snapshot in ZSL
02-02 01:03:09.234   774  1909 D CamX    : [DEBUG][CORE   ] camxsession.cpp:2369 ProcessRequest() pipeline[0] OpenRequest called for request id = 35
02-02 01:03:09.235   774  2192 E CHIUSECASE: chxadvancedcamerausecase.cpp:3477 SelectFeatureToExecuteCaptureRequest() SelectFeatureToExecuteCaptureRequest Select Feature 0xe0252180 type 1 for request:35
02-02 01:03:09.245  5151  5151 I AssistHolderContentView: forceFitSystemWindows pb = 0
02-02 01:03:09.240   864   864 W surfaceflinger: type=1400 audit(0.0:1629903): avc: denied { read } for name="u:object_r:vendor_fp_prop:s0" dev="tmpfs" ino=15205 scontext=u:r:surfaceflinger:s0 tcontext=u:object_r:vendor_fp_prop:s0 tclass=file permissive=0
02-02 01:03:09.240   864   864 W surfaceflinger: type=1400 audit(0.0:1629904): avc: denied { read } for name="u:object_r:vendor_fp_prop:s0" dev="tmpfs" ino=15205 scontext=u:r:surfaceflinger:s0 tcontext=u:object_r:vendor_fp_prop:s0 tclass=file permissive=0
02-02 01:03:09.246   864   864 E libc    : Access denied finding property "ro.hardware.fp.fod"
02-02 01:03:09.246   864   864 E libc    : Access denied finding property "ro.hardware.fp.sideCap"
02-02 01:03:09.257   774   991 E CHIUSECASE: chxadvancedcamerausecase.cpp:4093 FindFeatureToProcessMessage() FindFeatureToProcessMessage pFeature is NULL!
02-02 01:03:09.257   774 24735 I CHIUSECASE: chxfeaturezsl.cpp:906 RequestThreadProcessing() 1.received rdi and meta of frame 30 for triggering snapshot request
02-02 01:03:09.257   774 24735 I CHIUSECASE: chxfeaturezsl.cpp:976 RequestThreadProcessing() Sending ZSL snapshot frameNumber:30, request:30 metadata:0x0
02-02 01:03:09.257   774 24735 I CHIUSECASE: chxfeaturezsl.cpp:904 RequestThreadProcessing() 1.waiting for rdi and meta of frame 31 for triggering snapshot request
02-02 01:03:09.257   774  1907 D CamX    : [DEBUG][CORE   ] camxsession.cpp:2369 ProcessRequest() pipeline[0] OpenRequest called for request id = 31
02-02 01:03:09.261  5151  5151 I AssistHolderContentView: forceFitSystemWindows pb = 0
02-02 01:03:09.264   774  1905 D CamX    : [DEBUG][CORE   ] camxsession.cpp:2369 ProcessRequest() pipeline[0] OpenRequest called for request id = 36
02-02 01:03:09.264   774  2192 E CHIUSECASE: chxfeaturezsl.cpp:435 ExecuteProcessRequest() Snapshot in ZSL
02-02 01:03:09.265   774  2189 E CHIUSECASE: chxadvancedcamerausecase.cpp:3477 SelectFeatureToExecuteCaptureRequest() SelectFeatureToExecuteCaptureRequest Select Feature 0xe0252180 type 1 for request:36
02-02 01:03:09.266   566   566 E SELinux : avc:  denied  { find } for interface=vendor.qti.hardware.servicetracker::IServicetracker sid=u:r:system_server:s0 pid=1976 scontext=u:r:system_server:s0 tcontext=u:object_r:default_android_hwservice:s0 tclass=hwservice_manager permissive=0
02-02 01:03:09.270   864   864 W surfaceflinger: type=1400 audit(0.0:1629905): avc: denied { read } for name="u:object_r:vendor_fp_prop:s0" dev="tmpfs" ino=15205 scontext=u:r:surfaceflinger:s0 tcontext=u:object_r:vendor_fp_prop:s0 tclass=file permissive=0
02-02 01:03:09.270   864   864 W surfaceflinger: type=1400 audit(0.0:1629906): avc: denied { read } for name="u:object_r:vendor_fp_prop:s0" dev="tmpfs" ino=15205 scontext=u:r:surfaceflinger:s0 tcontext=u:object_r:vendor_fp_prop:s0 tclass=file permissive=0
02-02 01:03:09.277  5151  5151 I AssistHolderContentView: forceFitSystemWindows pb = 0
02-02 01:03:09.279   864   864 E libc    : Access denied finding property "ro.hardware.fp.fod"
02-02 01:03:09.279   864   864 E libc    : Access denied finding property "ro.hardware.fp.sideCap"
02-02 01:03:09.283  2318  2318 D NavBarTintController: onSampleCollected 0.43137255
02-02 01:03:09.283  2318  2318 D NavBarTintController:  updateTint White
02-02 01:03:09.289   566   566 E SELinux : avc:  denied  { find } for interface=vendor.qti.hardware.servicetracker::IServicetracker sid=u:r:system_server:s0 pid=1976 scontext=u:r:system_server:s0 tcontext=u:object_r:default_android_hwservice:s0 tclass=hwservice_manager permissive=0
02-02 01:03:09.289   774 24735 I CHIUSECASE: chxfeaturezsl.cpp:906 RequestThreadProcessing() 1.received rdi and meta of frame 31 for triggering snapshot request
02-02 01:03:09.289   774 24735 I CHIUSECASE: chxfeaturezsl.cpp:976 RequestThreadProcessing() Sending ZSL snapshot frameNumber:31, request:31 metadata:0x0
02-02 01:03:09.290   774 24735 I CHIUSECASE: chxfeaturezsl.cpp:904 RequestThreadProcessing() 1.waiting for rdi and meta of frame 32 for triggering snapshot request
02-02 01:03:09.290   774  1909 D CamX    : [DEBUG][CORE   ] camxsession.cpp:2369 ProcessRequest() pipeline[0] OpenRequest called for request id = 32
02-02 01:03:09.290   774   991 E CHIUSECASE: chxadvancedcamerausecase.cpp:4093 FindFeatureToProcessMessage() FindFeatureToProcessMessage pFeature is NULL!
02-02 01:03:09.295  5151  5151 I AssistHolderContentView: forceFitSystemWindows pb = 0
02-02 01:03:09.299   774  2189 E CHIUSECASE: chxfeaturezsl.cpp:435 ExecuteProcessRequest() Snapshot in ZSL
02-02 01:03:09.299   774  1906 D CamX    : [DEBUG][CORE   ] camxsession.cpp:2369 ProcessRequest() pipeline[0] OpenRequest called for request id = 37
02-02 01:03:09.301   774  2189 E CHIUSECASE: chxadvancedcamerausecase.cpp:3477 SelectFeatureToExecuteCaptureRequest() SelectFeatureToExecuteCaptureRequest Select Feature 0xe0252180 type 1 for request:37
02-02 01:03:09.306   566   566 E SELinux : avc:  denied  { find } for interface=vendor.qti.hardware.servicetracker::IServicetracker sid=u:r:system_server:s0 pid=1976 scontext=u:r:system_server:s0 tcontext=u:object_r:default_android_hwservice:s0 tclass=hwservice_manager permissive=0
02-02 01:03:09.311  5151  5151 I AssistHolderContentView: forceFitSystemWindows pb = 0
02-02 01:03:09.300   864   864 W surfaceflinger: type=1400 audit(0.0:1629907): avc: denied { read } for name="u:object_r:vendor_fp_prop:s0" dev="tmpfs" ino=15205 scontext=u:r:surfaceflinger:s0 tcontext=u:object_r:vendor_fp_prop:s0 tclass=file permissive=0
02-02 01:03:09.313   864   864 E libc    : Access denied finding property "ro.hardware.fp.fod"
02-02 01:03:09.313   864   864 E libc    : Access denied finding property "ro.hardware.fp.sideCap"
02-02 01:03:09.323   774 24735 I CHIUSECASE: chxfeaturezsl.cpp:906 RequestThreadProcessing() 1.received rdi and meta of frame 32 for triggering snapshot request
02-02 01:03:09.323   774 24735 I CHIUSECASE: chxfeaturezsl.cpp:976 RequestThreadProcessing() Sending ZSL snapshot frameNumber:32, request:32 metadata:0x0
02-02 01:03:09.323   774   991 E CHIUSECASE: chxadvancedcamerausecase.cpp:4093 FindFeatureToProcessMessage() FindFeatureToProcessMessage pFeature is NULL!
02-02 01:03:09.326   774  1909 D CamX    : [DEBUG][CORE   ] camxsession.cpp:2369 ProcessRequest() pipeline[0] OpenRequest called for request id = 33
02-02 01:03:09.326   774 24735 I CHIUSECASE: chxfeaturezsl.cpp:904 RequestThreadProcessing() 1.waiting for rdi and meta of frame 33 for triggering snapshot request
02-02 01:03:09.330  5151  5151 I AssistHolderContentView: forceFitSystemWindows pb = 0
02-02 01:03:09.338   774  2189 E CHIUSECASE: chxfeaturezsl.cpp:435 ExecuteProcessRequest() Snapshot in ZSL
02-02 01:03:09.339   774  1907 D CamX    : [DEBUG][CORE   ] camxsession.cpp:2369 ProcessRequest() pipeline[0] OpenRequest called for request id = 38
02-02 01:03:09.341   774  2192 E CHIUSECASE: chxadvancedcamerausecase.cpp:3477 SelectFeatureToExecuteCaptureRequest() SelectFeatureToExecuteCaptureRequest Select Feature 0xe0252180 type 1 for request:38
02-02 01:03:09.344   566   566 E SELinux : avc:  denied  { find } for interface=vendor.qti.hardware.servicetracker::IServicetracker sid=u:r:system_server:s0 pid=1976 scontext=u:r:system_server:s0 tcontext=u:object_r:default_android_hwservice:s0 tclass=hwservice_manager permissive=0
02-02 01:03:09.345  5151  5151 I AssistHolderContentView: forceFitSystemWindows pb = 0
02-02 01:03:09.349   566   566 E SELinux : avc:  denied  { find } for interface=vendor.qti.hardware.servicetracker::IServicetracker sid=u:r:system_server:s0 pid=1976 scontext=u:r:system_server:s0 tcontext=u:object_r:default_android_hwservice:s0 tclass=hwservice_manager permissive=0
02-02 01:03:09.354   566   566 E SELinux : avc:  denied  { find } for interface=vendor.qti.hardware.servicetracker::IServicetracker sid=u:r:system_server:s0 pid=1976 scontext=u:r:system_server:s0 tcontext=u:object_r:default_android_hwservice:s0 tclass=hwservice_manager permissive=0
02-02 01:03:09.356   774 24735 I CHIUSECASE: chxfeaturezsl.cpp:906 RequestThreadProcessing() 1.received rdi and meta of frame 33 for triggering snapshot request
02-02 01:03:09.356   774 24735 I CHIUSECASE: chxfeaturezsl.cpp:976 RequestThreadProcessing() Sending ZSL snapshot frameNumber:33, request:33 metadata:0x0
02-02 01:03:09.357   774   991 E CHIUSECASE: chxadvancedcamerausecase.cpp:4093 FindFeatureToProcessMessage() FindFeatureToProcessMessage pFeature is NULL!
02-02 01:03:09.357   774 24735 I CHIUSECASE: chxfeaturezsl.cpp:904 RequestThreadProcessing() 1.waiting for rdi and meta of frame 34 for triggering snapshot request
02-02 01:03:09.357   774  1907 D CamX    : [DEBUG][CORE   ] camxsession.cpp:2369 ProcessRequest() pipeline[0] OpenRequest called for request id = 34
02-02 01:03:09.358   566   566 E SELinux : avc:  denied  { find } for interface=vendor.qti.hardware.servicetracker::IServicetracker sid=u:r:system_server:s0 pid=1976 scontext=u:r:system_server:s0 tcontext=u:object_r:default_android_hwservice:s0 tclass=hwservice_manager permissive=0
02-02 01:03:09.359   566   566 E SELinux : avc:  denied  { find } for interface=vendor.qti.hardware.servicetracker::IServicetracker sid=u:r:system_server:s0 pid=1976 scontext=u:r:system_server:s0 tcontext=u:object_r:default_android_hwservice:s0 tclass=hwservice_manager permissive=0
02-02 01:03:09.362  5151  5151 I AssistHolderContentView: forceFitSystemWindows pb = 0
02-02 01:03:09.362   864   864 E libc    : Access denied finding property "ro.hardware.fp.fod"
02-02 01:03:09.363   864   864 E libc    : Access denied finding property "ro.hardware.fp.sideCap"
02-02 01:03:09.363   566   566 E SELinux : avc:  denied  { find } for interface=vendor.qti.hardware.servicetracker::IServicetracker sid=u:r:system_server:s0 pid=1976 scontext=u:r:system_server:s0 tcontext=u:object_r:default_android_hwservice:s0 tclass=hwservice_manager permissive=0
02-02 01:03:09.364   774  1905 D CamX    : [DEBUG][CORE   ] camxsession.cpp:2369 ProcessRequest() pipeline[0] OpenRequest called for request id = 39
02-02 01:03:09.364   774  2192 E CHIUSECASE: chxfeaturezsl.cpp:435 ExecuteProcessRequest() Snapshot in ZSL
02-02 01:03:09.365   774  2189 E CHIUSECASE: chxadvancedcamerausecase.cpp:3477 SelectFeatureToExecuteCaptureRequest() SelectFeatureToExecuteCaptureRequest Select Feature 0xe0252180 type 1 for request:39
02-02 01:03:09.366 16784 16784 D BoundBrokerSvc: onUnbind: Intent { act=com.google.android.gms.feedback.internal.IFeedbackService dat=chimera-action: cmp=com.google.android.gms/.chimera.GmsBoundBrokerService }
02-02 01:03:09.367   566   566 E SELinux : avc:  denied  { find } for interface=vendor.qti.hardware.servicetracker::IServicetracker sid=u:r:system_server:s0 pid=1976 scontext=u:r:system_server:s0 tcontext=u:object_r:default_android_hwservice:s0 tclass=hwservice_manager permissive=0
02-02 01:03:09.371   566   566 I chatty  : uid=1000(system) hwservicemanage identical 2 lines
02-02 01:03:09.371   566   566 E SELinux : avc:  denied  { find } for interface=vendor.qti.hardware.servicetracker::IServicetracker sid=u:r:system_server:s0 pid=1976 scontext=u:r:system_server:s0 tcontext=u:object_r:default_android_hwservice:s0 tclass=hwservice_manager permissive=0
02-02 01:03:09.378  5151  5151 I AssistHolderContentView: forceFitSystemWindows pb = 0
02-02 01:03:09.379   864   864 E libc    : Access denied finding property "ro.hardware.fp.fod"
02-02 01:03:09.379   864   864 E libc    : Access denied finding property "ro.hardware.fp.sideCap"
02-02 01:03:09.383  2318  2318 D NavBarTintController: onSampleCollected 0.1882353
02-02 01:03:09.383  2318  2318 D NavBarTintController:  updateTint White
02-02 01:03:09.389   774 24735 I CHIUSECASE: chxfeaturezsl.cpp:906 RequestThreadProcessing() 1.received rdi and meta of frame 34 for triggering snapshot request
02-02 01:03:09.389   774 24735 I CHIUSECASE: chxfeaturezsl.cpp:976 RequestThreadProcessing() Sending ZSL snapshot frameNumber:34, request:34 metadata:0x0
02-02 01:03:09.389   774 24735 I CHIUSECASE: chxfeaturezsl.cpp:904 RequestThreadProcessing() 1.waiting for rdi and meta of frame 35 for triggering snapshot request
02-02 01:03:09.389   774  1909 D CamX    : [DEBUG][CORE   ] camxsession.cpp:2369 ProcessRequest() pipeline[0] OpenRequest called for request id = 35
02-02 01:03:09.390   774   991 E CHIUSECASE: chxadvancedcamerausecase.cpp:4093 FindFeatureToProcessMessage() FindFeatureToProcessMessage pFeature is NULL!
02-02 01:03:09.395  5151  5151 I AssistHolderContentView: forceFitSystemWindows pb = 0
02-02 01:03:09.396 22101 22101 D SecurityCenter: ImageLoader clear memory info
02-02 01:03:09.401   774  2189 E CHIUSECASE: chxfeaturezsl.cpp:435 ExecuteProcessRequest() Snapshot in ZSL
02-02 01:03:09.401   774  1905 D CamX    : [DEBUG][CORE   ] camxsession.cpp:2369 ProcessRequest() pipeline[0] OpenRequest called for request id = 40
02-02 01:03:09.402   774  2192 E CHIUSECASE: chxadvancedcamerausecase.cpp:3477 SelectFeatureToExecuteCaptureRequest() SelectFeatureToExecuteCaptureRequest Select Feature 0xe0252180 type 1 for request:40
02-02 01:03:09.411  5151  5151 I AssistHolderContentView: forceFitSystemWindows pb = 0
02-02 01:03:09.413   864   864 E libc    : Access denied finding property "ro.hardware.fp.fod"
02-02 01:03:09.413   864   864 E libc    : Access denied finding property "ro.hardware.fp.sideCap"
02-02 01:03:09.423   774   991 E CHIUSECASE: chxadvancedcamerausecase.cpp:4093 FindFeatureToProcessMessage() FindFeatureToProcessMessage pFeature is NULL!
02-02 01:03:09.425   774 24735 I CHIUSECASE: chxfeaturezsl.cpp:906 RequestThreadProcessing() 1.received rdi and meta of frame 35 for triggering snapshot request
02-02 01:03:09.425   774 24735 I CHIUSECASE: chxfeaturezsl.cpp:976 RequestThreadProcessing() Sending ZSL snapshot frameNumber:35, request:35 metadata:0x0
02-02 01:03:09.426   774 24735 I CHIUSECASE: chxfeaturezsl.cpp:904 RequestThreadProcessing() 1.waiting for rdi and meta of frame 36 for triggering snapshot request
02-02 01:03:09.426   774  1905 D CamX    : [DEBUG][CORE   ] camxsession.cpp:2369 ProcessRequest() pipeline[0] OpenRequest called for request id = 36
02-02 01:03:09.429  5151  5151 I AssistHolderContentView: forceFitSystemWindows pb = 0
02-02 01:03:09.434   774  2192 E CHIUSECASE: chxfeaturezsl.cpp:435 ExecuteProcessRequest() Snapshot in ZSL
02-02 01:03:09.435   774  1906 D CamX    : [DEBUG][CORE   ] camxsession.cpp:2369 ProcessRequest() pipeline[0] OpenRequest called for request id = 41
02-02 01:03:09.435   774  2192 E CHIUSECASE: chxadvancedcamerausecase.cpp:3477 SelectFeatureToExecuteCaptureRequest() SelectFeatureToExecuteCaptureRequest Select Feature 0xe0252180 type 1 for request:41
02-02 01:03:09.445  5151  5151 I AssistHolderContentView: forceFitSystemWindows pb = 0
02-02 01:03:09.447   864   864 E libc    : Access denied finding property "ro.hardware.fp.fod"
02-02 01:03:09.447   864   864 E libc    : Access denied finding property "ro.hardware.fp.sideCap"
02-02 01:03:09.456   774 24735 I CHIUSECASE: chxfeaturezsl.cpp:906 RequestThreadProcessing() 1.received rdi and meta of frame 36 for triggering snapshot request
02-02 01:03:09.456   774 24735 I CHIUSECASE: chxfeaturezsl.cpp:904 RequestThreadProcessing() 1.waiting for rdi and meta of frame 36 for triggering snapshot request
02-02 01:03:09.456   774 24735 I CHIUSECASE: chxfeaturezsl.cpp:906 RequestThreadProcessing() 1.received rdi and meta of frame 36 for triggering snapshot request
02-02 01:03:09.456   774 24735 I CHIUSECASE: chxfeaturezsl.cpp:976 RequestThreadProcessing() Sending ZSL snapshot frameNumber:36, request:36 metadata:0x0
02-02 01:03:09.457   774   991 E CHIUSECASE: chxadvancedcamerausecase.cpp:4093 FindFeatureToProcessMessage() FindFeatureToProcessMessage pFeature is NULL!
02-02 01:03:09.457   774  1909 D CamX    : [DEBUG][CORE   ] camxsession.cpp:2369 ProcessRequest() pipeline[0] OpenRequest called for request id = 37
02-02 01:03:09.457   774 24735 I CHIUSECASE: chxfeaturezsl.cpp:904 RequestThreadProcessing() 1.waiting for rdi and meta of frame 37 for triggering snapshot request
02-02 01:03:09.462  5151  5151 I AssistHolderContentView: forceFitSystemWindows pb = 0
02-02 01:03:09.465   774  2192 E CHIUSECASE: chxfeaturezsl.cpp:435 ExecuteProcessRequest() Snapshot in ZSL
02-02 01:03:09.465   774  1906 D CamX    : [DEBUG][CORE   ] camxsession.cpp:2369 ProcessRequest() pipeline[0] OpenRequest called for request id = 42
02-02 01:03:09.466   774  2192 E CHIUSECASE: chxadvancedcamerausecase.cpp:3477 SelectFeatureToExecuteCaptureRequest() SelectFeatureToExecuteCaptureRequest Select Feature 0xe0252180 type 1 for request:42
02-02 01:03:09.479  5151  5151 I AssistHolderContentView: forceFitSystemWindows pb = 0
02-02 01:03:09.480   864   864 E libc    : Access denied finding property "ro.hardware.fp.fod"
02-02 01:03:09.481   864   864 E libc    : Access denied finding property "ro.hardware.fp.sideCap"
02-02 01:03:09.486  2318  2318 D NavBarTintController: onSampleCollected 0.043137256
02-02 01:03:09.486  2318  2318 D NavBarTintController:  updateTint White
02-02 01:03:09.491   774   991 E CHIUSECASE: chxadvancedcamerausecase.cpp:4093 FindFeatureToProcessMessage() FindFeatureToProcessMessage pFeature is NULL!
02-02 01:03:09.492   774 24735 I CHIUSECASE: chxfeaturezsl.cpp:906 RequestThreadProcessing() 1.received rdi and meta of frame 37 for triggering snapshot request
02-02 01:03:09.492   774 24735 I CHIUSECASE: chxfeaturezsl.cpp:976 RequestThreadProcessing() Sending ZSL snapshot frameNumber:37, request:37 metadata:0x0
02-02 01:03:09.492   774 24735 I CHIUSECASE: chxfeaturezsl.cpp:904 RequestThreadProcessing() 1.waiting for rdi and meta of frame 38 for triggering snapshot request
02-02 01:03:09.492   774  1907 D CamX    : [DEBUG][CORE   ] camxsession.cpp:2369 ProcessRequest() pipeline[0] OpenRequest called for request id = 38
02-02 01:03:09.496  5151  5151 I AssistHolderContentView: forceFitSystemWindows pb = 0
02-02 01:03:09.501   774  2192 E CHIUSECASE: chxfeaturezsl.cpp:435 ExecuteProcessRequest() Snapshot in ZSL
02-02 01:03:09.501   774  1906 D CamX    : [DEBUG][CORE   ] camxsession.cpp:2369 ProcessRequest() pipeline[0] OpenRequest called for request id = 43
02-02 01:03:09.502   774  2192 E CHIUSECASE: chxadvancedcamerausecase.cpp:3477 SelectFeatureToExecuteCaptureRequest() SelectFeatureToExecuteCaptureRequest Select Feature 0xe0252180 type 1 for request:43
02-02 01:03:09.512  5151  5151 I AssistHolderContentView: forceFitSystemWindows pb = 0
02-02 01:03:09.514   864   864 E libc    : Access denied finding property "ro.hardware.fp.fod"
02-02 01:03:09.514   864   864 E libc    : Access denied finding property "ro.hardware.fp.sideCap"
02-02 01:03:09.523   774 24735 I CHIUSECASE: chxfeaturezsl.cpp:906 RequestThreadProcessing() 1.received rdi and meta of frame 38 for triggering snapshot request
02-02 01:03:09.523   774 24735 I CHIUSECASE: chxfeaturezsl.cpp:976 RequestThreadProcessing() Sending ZSL snapshot frameNumber:38, request:38 metadata:0x0
02-02 01:03:09.524   774   991 E CHIUSECASE: chxadvancedcamerausecase.cpp:4093 FindFeatureToProcessMessage() FindFeatureToProcessMessage pFeature is NULL!
02-02 01:03:09.524   774 24735 I CHIUSECASE: chxfeaturezsl.cpp:904 RequestThreadProcessing() 1.waiting for rdi and meta of frame 39 for triggering snapshot request
02-02 01:03:09.524   774  1906 D CamX    : [DEBUG][CORE   ] camxsession.cpp:2369 ProcessRequest() pipeline[0] OpenRequest called for request id = 39
02-02 01:03:09.529  5151  5151 I AssistHolderContentView: forceFitSystemWindows pb = 0
02-02 01:03:09.534   774  2192 E CHIUSECASE: chxfeaturezsl.cpp:435 ExecuteProcessRequest() Snapshot in ZSL
02-02 01:03:09.534   774  1905 D CamX    : [DEBUG][CORE   ] camxsession.cpp:2369 ProcessRequest() pipeline[0] OpenRequest called for request id = 44
02-02 01:03:09.537   774  2192 E CHIUSECASE: chxadvancedcamerausecase.cpp:3477 SelectFeatureToExecuteCaptureRequest() SelectFeatureToExecuteCaptureRequest Select Feature 0xe0252180 type 1 for request:44
02-02 01:03:09.546  5151  5151 I AssistHolderContentView: forceFitSystemWindows pb = 0
02-02 01:03:09.547   864   864 E libc    : Access denied finding property "ro.hardware.fp.fod"
02-02 01:03:09.547   864   864 E libc    : Access denied finding property "ro.hardware.fp.sideCap"
02-02 01:03:09.556   774 24735 I CHIUSECASE: chxfeaturezsl.cpp:906 RequestThreadProcessing() 1.received rdi and meta of frame 39 for triggering snapshot request
02-02 01:03:09.556   774 24735 I CHIUSECASE: chxfeaturezsl.cpp:976 RequestThreadProcessing() Sending ZSL snapshot frameNumber:39, request:39 metadata:0x0
02-02 01:03:09.556   774   991 E CHIUSECASE: chxadvancedcamerausecase.cpp:4093 FindFeatureToProcessMessage() FindFeatureToProcessMessage pFeature is NULL!
02-02 01:03:09.557   774 24735 I CHIUSECASE: chxfeaturezsl.cpp:904 RequestThreadProcessing() 1.waiting for rdi and meta of frame 40 for triggering snapshot request
02-02 01:03:09.557   774  1906 D CamX    : [DEBUG][CORE   ] camxsession.cpp:2369 ProcessRequest() pipeline[0] OpenRequest called for request id = 40
02-02 01:03:09.563  5151  5151 I AssistHolderContentView: forceFitSystemWindows pb = 0
02-02 01:03:09.571   774  1905 D CamX    : [DEBUG][CORE   ] camxsession.cpp:2369 ProcessRequest() pipeline[0] OpenRequest called for request id = 45
02-02 01:03:09.570   774  2192 E CHIUSECASE: chxfeaturezsl.cpp:435 ExecuteProcessRequest() Snapshot in ZSL
02-02 01:03:09.572   774  2189 E CHIUSECASE: chxadvancedcamerausecase.cpp:3477 SelectFeatureToExecuteCaptureRequest() SelectFeatureToExecuteCaptureRequest Select Feature 0xe0252180 type 1 for request:45
02-02 01:03:09.579  5151  5151 I AssistHolderContentView: forceFitSystemWindows pb = 0
02-02 01:03:09.581   864   864 E libc    : Access denied finding property "ro.hardware.fp.fod"
02-02 01:03:09.581   864   864 E libc    : Access denied finding property "ro.hardware.fp.sideCap"
02-02 01:03:09.585  2318  2318 D NavBarTintController: onSampleCollected 0.05882353
02-02 01:03:09.590   774   991 E CHIUSECASE: chxadvancedcamerausecase.cpp:4093 FindFeatureToProcessMessage() FindFeatureToProcessMessage pFeature is NULL!
02-02 01:03:09.590 24456 24473 V ClearcutMetricXmitter: Transmission is done.
02-02 01:03:09.590   774 24735 I CHIUSECASE: chxfeaturezsl.cpp:906 RequestThreadProcessing() 1.received rdi and meta of frame 40 for triggering snapshot request
02-02 01:03:09.590   774 24735 I CHIUSECASE: chxfeaturezsl.cpp:976 RequestThreadProcessing() Sending ZSL snapshot frameNumber:40, request:40 metadata:0x0
02-02 01:03:09.590   774 24735 I CHIUSECASE: chxfeaturezsl.cpp:904 RequestThreadProcessing() 1.waiting for rdi and meta of frame 41 for triggering snapshot request
02-02 01:03:09.591   774  1906 D CamX    : [DEBUG][CORE   ] camxsession.cpp:2369 ProcessRequest() pipeline[0] OpenRequest called for request id = 41
02-02 01:03:09.595 24456 24473 V ClearcutMetricXmitter: Transmission is done.
02-02 01:03:09.597  5151  5151 I AssistHolderContentView: forceFitSystemWindows pb = 0
