02-02 01:03:08.071 24249 24603 E native  : === Source Location Trace: === 
02-02 01:03:08.071 24249 24603 E native  : third_party/arcore/ar/core/session.cc:2820
02-02 01:03:08.071   566   566 I hwservicemanager: getTransport: Cannot find entry android.hardware.graphics.allocator@3.0::IAllocator/default in either framework or device manifest.
02-02 01:03:08.071 24249 24708 W Gralloc3: allocator 3.x is not supported
02-02 01:03:08.071  1976  2218 I MiuiNetworkPolicy: updateUidState uid = 10175, uidState = 20
02-02 01:03:08.075   774  2189 E CHIUSECASE: chxadvancedcamerausecase.cpp:3477 SelectFeatureToExecuteCaptureRequest() SelectFeatureToExecuteCaptureRequest Select Feature 0xe0252180 type 1 for request:0
02-02 01:03:08.075   774  2189 I CHIUSECASE: chxutils.cpp:1174 GetUsecaseMode() tuning data : 1 hasPreviewStream 1 hasYUVStream 1 streamnum 2
02-02 01:03:08.075   774  2189 I CHIUSECASE: chxutils.cpp:761 GetFeature2Mode() GetFeature2Mode Feature2Value = 0
02-02 01:03:08.075   774  2189 I CHIUSECASE: chxutils.cpp:1360 FillTuningModeData() SensorMode 0, Usecase:1, feature1:0, feature2:0, scene:0, effect:0
02-02 01:03:08.075   774  2189 I CHIUSECASE: chxutils.cpp:1309 FillCameraId()  FillCameraId 0 
02-02 01:03:08.087   774  1906 D CamX    : [DEBUG][CORE   ] camxsession.cpp:2369 ProcessRequest() pipeline[0] OpenRequest called for request id = 1
02-02 01:03:08.087   774  2189 E CHIUSECASE: chxfeaturezsl.cpp:435 ExecuteProcessRequest() Snapshot in ZSL
02-02 01:03:08.087   774 24735 I CHIUSECASE: chxfeaturezsl.cpp:904 RequestThreadProcessing() 1.waiting for rdi and meta of frame 0 for triggering snapshot request
02-02 01:03:08.088  5151  5151 I AssistHolderContentView: forceFitSystemWindows pb = 0
02-02 01:03:08.089   864   864 E libc    : Access denied finding property "ro.hardware.fp.fod"
02-02 01:03:08.089   864   864 E libc    : Access denied finding property "ro.hardware.fp.sideCap"
02-02 01:03:08.090   774  1906 D CamX    : [DEBUG][STATS  ] camxcawbstatsprocessor.cpp:575 IsValidAlgoOutput() gains from algo for ReqId :1 Red  = 1.725914, green  = 1.000000, blue  = 2.072592
02-02 01:03:08.090   774  2189 E CHIUSECASE: chxadvancedcamerausecase.cpp:3477 SelectFeatureToExecuteCaptureRequest() SelectFeatureToExecuteCaptureRequest Select Feature 0xe0252180 type 1 for request:1
02-02 01:03:08.091   774  2189 E CHIUSECASE: chxfeaturezsl.cpp:435 ExecuteProcessRequest() Snapshot in ZSL
02-02 01:03:08.091   774  1906 D CamX    : [DEBUG][CORE   ] camxsession.cpp:2369 ProcessRequest() pipeline[0] OpenRequest called for request id = 2
02-02 01:03:08.092   774  1906 D CamX    : [DEBUG][STATS  ] camxcawbstatsprocessor.cpp:575 IsValidAlgoOutput() gains from algo for ReqId :2 Red  = 1.725914, green  = 1.000000, blue  = 2.072592
02-02 01:03:08.093   774  2189 E CHIUSECASE: chxadvancedcamerausecase.cpp:3477 SelectFeatureToExecuteCaptureRequest() SelectFeatureToExecuteCaptureRequest Select Feature 0xe0252180 type 1 for request:2
02-02 01:03:08.093   774  2189 E CHIUSECASE: chxfeaturezsl.cpp:435 ExecuteProcessRequest() Snapshot in ZSL
02-02 01:03:08.095   774  1906 D CamX    : [DEBUG][CORE   ] camxsession.cpp:2369 ProcessRequest() pipeline[0] OpenRequest called for request id = 3
02-02 01:03:08.096   774  1906 D CamX    : [DEBUG][STATS  ] camxcawbstatsprocessor.cpp:575 IsValidAlgoOutput() gains from algo for ReqId :3 Red  = 1.725914, green  = 1.000000, blue  = 2.072592
02-02 01:03:08.096   774  2189 E CHIUSECASE: chxadvancedcamerausecase.cpp:3477 SelectFeatureToExecuteCaptureRequest() SelectFeatureToExecuteCaptureRequest Select Feature 0xe0252180 type 1 for request:3
02-02 01:03:08.096   774  2189 E CHIUSECASE: chxfeaturezsl.cpp:435 ExecuteProcessRequest() Snapshot in ZSL
02-02 01:03:08.097   774  1906 D CamX    : [DEBUG][CORE   ] camxsession.cpp:2369 ProcessRequest() pipeline[0] OpenRequest called for request id = 4
02-02 01:03:08.097   774  1907 D CamX    : [DEBUG][STATS  ] camxcawbstatsprocessor.cpp:575 IsValidAlgoOutput() gains from algo for ReqId :4 Red  = 1.725914, green  = 1.000000, blue  = 2.072592
02-02 01:03:08.098   774  2189 E CHIUSECASE: chxadvancedcamerausecase.cpp:3477 SelectFeatureToExecuteCaptureRequest() SelectFeatureToExecuteCaptureRequest Select Feature 0xe0252180 type 1 for request:4
02-02 01:03:08.099   774  2189 E CHIUSECASE: chxfeaturezsl.cpp:435 ExecuteProcessRequest() Snapshot in ZSL
02-02 01:03:08.099   774  1906 D CamX    : [DEBUG][CORE   ] camxsession.cpp:2369 ProcessRequest() pipeline[0] OpenRequest called for request id = 5
02-02 01:03:08.102   774  2189 E CHIUSECASE: chxadvancedcamerausecase.cpp:3477 SelectFeatureToExecuteCaptureRequest() SelectFeatureToExecuteCaptureRequest Select Feature 0xe0252180 type 1 for request:5
02-02 01:03:08.104  5151  5151 I AssistHolderContentView: forceFitSystemWindows pb = 0
02-02 01:03:08.119  2318  2318 D NavBarTintController: onSampleCollected 0.0
02-02 01:03:08.121  5151  5151 I AssistHolderContentView: forceFitSystemWindows pb = 0
02-02 01:03:08.138  5151  5151 I AssistHolderContentView: forceFitSystemWindows pb = 0
02-02 01:03:08.140 24249 24603 E native  : E0000 00:00:1675296188.140829   24603 status.cc:162] FAILED_PRECONDITION: 
02-02 01:03:08.140 24249 24603 E native  : ARCoreError: third_party/arcore/ar/core/session.cc:2820
02-02 01:03:08.140 24249 24603 E native  :  at third_party/arcore/ar/core/session.cc:2820 [type.googleapis.com/util.ErrorSpacePayload='ArStatusErrorSpace::AR_ERROR_NOT_YET_AVAILABLE']
02-02 01:03:08.140 24249 24603 E native  : === Source Location Trace: === 
02-02 01:03:08.140 24249 24603 E native  : third_party/arcore/ar/core/session.cc:2820
02-02 01:03:08.155  5151  5151 I AssistHolderContentView: forceFitSystemWindows pb = 0
02-02 01:03:08.156   864   864 E libc    : Access denied finding property "ro.hardware.fp.fod"
02-02 01:03:08.156   864   864 E libc    : Access denied finding property "ro.hardware.fp.sideCap"
02-02 01:03:08.170  5151  5151 I AssistHolderContentView: forceFitSystemWindows pb = 0
02-02 01:03:08.187  5151  5151 I chatty  : uid=1000(system) com.mi.android.globalminusscreen identical 1 line
02-02 01:03:08.204  5151  5151 I AssistHolderContentView: forceFitSystemWindows pb = 0
02-02 01:03:08.210 24249 24603 E native  : E0000 00:00:1675296188.210502   24603 status.cc:162] FAILED_PRECONDITION: 
02-02 01:03:08.210 24249 24603 E native  : ARCoreError: third_party/arcore/ar/core/session.cc:2820
02-02 01:03:08.210 24249 24603 E native  :  at third_party/arcore/ar/core/session.cc:2820 [type.googleapis.com/util.ErrorSpacePayload='ArStatusErrorSpace::AR_ERROR_NOT_YET_AVAILABLE']
02-02 01:03:08.210 24249 24603 E native  : === Source Location Trace: === 
02-02 01:03:08.210 24249 24603 E native  : third_party/arcore/ar/core/session.cc:2820
02-02 01:03:08.221  2318  2748 D MobileSignalController: onSignalStrengthsChanged: SignalStrength:{mCdma=CellSignalStrengthCdma: cdmaDbm=2147483647 cdmaEcio=2147483647 evdoDbm=2147483647 evdoEcio=2147483647 evdoSnr=2147483647 miuiLevel=0 level=0,mGsm=CellSignalStrengthGsm: rssi=2147483647 ber=2147483647 mTa=2147483647 miuiLevel=0 mLevel=0,mWcdma=CellSignalStrengthWcdma: ss=2147483647 ber=2147483647 rscp=2147483647 ecno=2147483647 miuiLevel=0 level=0,mTdscdma=CellSignalStrengthTdscdma: rssi=2147483647 ber=2147483647 rscp=2147483647 miuiLevel=0 level=0,mLte=CellSignalStrengthLte: rssi=-83 rsrp=-118 rsrq=-16 rssnr=-32 cqi=2147483647 ta=2147483647 miuiLevel=1 level=0,mNr=CellSignalStrengthNr:{ csiRsrp = 2147483647 csiRsrq = 2147483647 csiSinr = 2147483647 ssRsrp = 2147483647 ssRsrq = 2147483647 ssSinr = 2147483647 miuiLevel = 0 level = 0 },primary=CellSignalStrengthLte}
02-02 01:03:08.221  2318  2748 D NetworkController.MobileSignalController(1): 4G level = 1
02-02 01:03:08.221  5151  5151 I AssistHolderContentView: forceFitSystemWindows pb = 0
02-02 01:03:08.210   864   864 W surfaceflinger: type=1400 audit(0.0:1629841): avc: denied { read } for name="u:object_r:vendor_fp_prop:s0" dev="tmpfs" ino=15205 scontext=u:r:surfaceflinger:s0 tcontext=u:object_r:vendor_fp_prop:s0 tclass=file permissive=0
02-02 01:03:08.210   864   864 W surfaceflinger: type=1400 audit(0.0:1629842): avc: denied { read } for name="u:object_r:vendor_fp_prop:s0" dev="tmpfs" ino=15205 scontext=u:r:surfaceflinger:s0 tcontext=u:object_r:vendor_fp_prop:s0 tclass=file permissive=0
02-02 01:03:08.222   864   864 E libc    : Access denied finding property "ro.hardware.fp.fod"
02-02 01:03:08.222   864   864 E libc    : Access denied finding property "ro.hardware.fp.sideCap"
02-02 01:03:08.223   774   991 E CHIUSECASE: chxadvancedcamerausecase.cpp:4093 FindFeatureToProcessMessage() FindFeatureToProcessMessage pFeature is NULL!
02-02 01:03:08.225  2318  2318 D NavBarTintController: onSampleCollected 0.0
02-02 01:03:08.238  5151  5151 I AssistHolderContentView: forceFitSystemWindows pb = 0
02-02 01:03:08.255  5151  5151 I AssistHolderContentView: forceFitSystemWindows pb = 0
02-02 01:03:08.255   774  1909 E CamX    : [ERROR][HAL    ] camxmetadatapool.cpp:1457 GetMetadataByTag() Invalid Slot to get metadata by tag(0x882f0003)
02-02 01:03:08.255   774  1909 E CamX    : [ERROR][HAL    ] camxmetadatapool.cpp:1457 GetMetadataByTag() Invalid Slot to get metadata by tag(0x882f0004)
02-02 01:03:08.255   774  1909 E CamX    : [ERROR][HAL    ] camxmetadatapool.cpp:1457 GetMetadataByTag() Invalid Slot to get metadata by tag(0x882f0003)
02-02 01:03:08.255   774  1909 E CamX    : [ERROR][HAL    ] camxmetadatapool.cpp:1457 GetMetadataByTag() Invalid Slot to get metadata by tag(0x882f0004)
02-02 01:03:08.255   774  1909 E CamX    : [ERROR][HAL    ] camxmetadatapool.cpp:1457 GetMetadataByTag() Invalid Slot to get metadata by tag(0x882f0003)
02-02 01:03:08.255   774  1909 E CamX    : [ERROR][HAL    ] camxmetadatapool.cpp:1457 GetMetadataByTag() Invalid Slot to get metadata by tag(0x882f0004)
02-02 01:03:08.255   774  1909 E CamX    : [ERROR][HAL    ] camxmetadatapool.cpp:1457 GetMetadataByTag() Invalid Slot to get metadata by tag(0x882f0003)
02-02 01:03:08.256   774  1909 E CamX    : [ERROR][HAL    ] camxmetadatapool.cpp:1457 GetMetadataByTag() Invalid Slot to get metadata by tag(0x882f0004)
02-02 01:03:08.256   774  1909 E CamX    : [ERROR][HAL    ] camxmetadatapool.cpp:1457 GetMetadataByTag() Invalid Slot to get metadata by tag(0x882f0003)
02-02 01:03:08.256   774  1909 E CamX    : [ERROR][HAL    ] camxmetadatapool.cpp:1457 GetMetadataByTag() Invalid Slot to get metadata by tag(0x882f0004)
02-02 01:03:08.256   774  1909 E CamX    : [ERROR][HAL    ] camxmetadatapool.cpp:1457 GetMetadataByTag() Invalid Slot to get metadata by tag(0x882f0003)
02-02 01:03:08.256   774  1909 E CamX    : [ERROR][HAL    ] camxmetadatapool.cpp:1457 GetMetadataByTag() Invalid Slot to get metadata by tag(0x882f0004)
02-02 01:03:08.256   774  1909 E CamX    : [ERROR][HAL    ] camxmetadatapool.cpp:1457 GetMetadataByTag() Invalid Slot to get metadata by tag(0x882f0003)
02-02 01:03:08.256   774  1909 E CamX    : [ERROR][HAL    ] camxmetadatapool.cpp:1457 GetMetadataByTag() Invalid Slot to get metadata by tag(0x882f0004)
02-02 01:03:08.256   774  1909 E CamX    : [ERROR][HAL    ] camxmetadatapool.cpp:1457 GetMetadataByTag() Invalid Slot to get metadata by tag(0x882f0003)
02-02 01:03:08.256   774  1909 E CamX    : [ERROR][HAL    ] camxmetadatapool.cpp:1457 GetMetadataByTag() Invalid Slot to get metadata by tag(0x882f0004)
02-02 01:03:08.256   774  1909 E CamX    : [ERROR][HAL    ] camxmetadatapool.cpp:1457 GetMetadataByTag() Invalid Slot to get metadata by tag(0x882f0003)
02-02 01:03:08.256   774  1909 E CamX    : [ERROR][HAL    ] camxmetadatapool.cpp:1457 GetMetadataByTag() Invalid Slot to get metadata by tag(0x882f0004)
02-02 01:03:08.256   774   991 E CHIUSECASE: chxadvancedcamerausecase.cpp:4093 FindFeatureToProcessMessage() FindFeatureToProcessMessage pFeature is NULL!
02-02 01:03:08.256   774  1909 E CamX    : [ERROR][HAL    ] camxmetadatapool.cpp:1457 GetMetadataByTag() Invalid Slot to get metadata by tag(0x882f0003)
02-02 01:03:08.256   774  1909 E CamX    : [ERROR][HAL    ] camxmetadatapool.cpp:1457 GetMetadataByTag() Invalid Slot to get metadata by tag(0x882f0004)
02-02 01:03:08.257   774  1907 I CHIUSECASE: chxperf.cpp:418 AcquirePerfLock() Acquire perflock type: 2
02-02 01:03:08.257   774 24735 I CHIUSECASE: chxfeaturezsl.cpp:906 RequestThreadProcessing() 1.received rdi and meta of frame 0 for triggering snapshot request
02-02 01:03:08.257   774  1907 I CHIUSECASE: chxperf.cpp:632 AcquirePerfLock() Perflock handle: 21381, updated refCount: 1
02-02 01:03:08.257   774 24735 I CHIUSECASE: chxutils.cpp:761 GetFeature2Mode() GetFeature2Mode Feature2Value = 0
02-02 01:03:08.257   774 24735 I CHIUSECASE: chxutils.cpp:1404 FillTuningModeDataCustom() Snapshort:SensorMode 0, Usecase:1, feature1:0, feature2:0, scene:0, effect:0
02-02 01:03:08.257   774 24735 I CHIUSECASE: chxfeaturezsl.cpp:976 RequestThreadProcessing() Sending ZSL snapshot frameNumber:0, request:0 metadata:0xe0903500
02-02 01:03:08.257   774  1905 D CamX    : [DEBUG][CORE   ] camxsession.cpp:2369 ProcessRequest() pipeline[0] OpenRequest called for request id = 1
02-02 01:03:08.257   774 24735 I CHIUSECASE: chxfeaturezsl.cpp:904 RequestThreadProcessing() 1.waiting for rdi and meta of frame 1 for triggering snapshot request
02-02 01:03:08.250   864   864 W surfaceflinger: type=1400 audit(0.0:1629843): avc: denied { read } for name="u:object_r:vendor_fp_prop:s0" dev="tmpfs" ino=15205 scontext=u:r:surfaceflinger:s0 tcontext=u:object_r:vendor_fp_prop:s0 tclass=file permissive=0
02-02 01:03:08.258   864   864 E libc    : Access denied finding property "ro.hardware.fp.fod"
02-02 01:03:08.258   864   864 E libc    : Access denied finding property "ro.hardware.fp.sideCap"
02-02 01:03:08.250   864   864 W surfaceflinger: type=1400 audit(0.0:1629844): avc: denied { read } for name="u:object_r:vendor_fp_prop:s0" dev="tmpfs" ino=15205 scontext=u:r:surfaceflinger:s0 tcontext=u:object_r:vendor_fp_prop:s0 tclass=file permissive=0
02-02 01:03:08.258 24249 24712 I native  : I0000 00:00:1675296188.258831   24712 logger.h:28] CameraMetrics: FirstCaptureComplete: 187.850469ms
02-02 01:03:08.259   774  1907 E CamX    : [ERROR][CORE   ] camxtintlessalgowrapper.cpp:155 Process() Tintless Lib Init Config Failed -7
02-02 01:03:08.259   774  1907 E CamX    : [ERROR][CORE   ] camxchitintlessinterface.cpp:51 TintlessAlgoProcess() Tintless Algo Process Failed
02-02 01:03:08.260   774  1905 E CamX    : [ERROR][IQMod  ] anr10setting.cpp:946 MapChromatix2ANRChromatix() y_threshold_per_y 4 4 4 4 4 4 4 4 4 4 4 4 4 4 4 4 4
02-02 01:03:08.260   774  1905 E CamX    : [ERROR][IQMod  ] anr10setting.cpp:946 MapChromatix2ANRChromatix() y_threshold_per_y 4 4 4 4 4 4 4 4 4 4 4 4 4 4 4 4 4
02-02 01:03:08.260   774  1905 E CamX    : [ERROR][IQMod  ] anr10setting.cpp:946 MapChromatix2ANRChromatix() y_threshold_per_y 1 1 1 1 1 1 1 1 1 1 1 1 1 1 1 1 1
02-02 01:03:08.260   774  1905 E CamX    : [ERROR][IQMod  ] anr10setting.cpp:946 MapChromatix2ANRChromatix() y_threshold_per_y 1 1 1 1 1 1 1 1 1 1 1 1 1 1 1 1 1
02-02 01:03:08.264 24249 24603 E native  : E0000 00:00:1675296188.263992   24603 status.cc:162] FAILED_PRECONDITION: 
02-02 01:03:08.264 24249 24603 E native  : ARCoreError: third_party/arcore/ar/core/session.cc:2820
02-02 01:03:08.264 24249 24603 E native  :  at third_party/arcore/ar/core/session.cc:2820 [type.googleapis.com/util.ErrorSpacePayload='ArStatusErrorSpace::AR_ERROR_NOT_YET_AVAILABLE']
02-02 01:03:08.264 24249 24603 E native  : === Source Location Trace: === 
02-02 01:03:08.264 24249 24603 E native  : third_party/arcore/ar/core/session.cc:2820
02-02 01:03:08.264   774  1905 D CamX    : [DEBUG][CORE   ] camxsession.cpp:2369 ProcessRequest() pipeline[0] OpenRequest called for request id = 6
02-02 01:03:08.264   774  2189 E CHIUSECASE: chxfeaturezsl.cpp:435 ExecuteProcessRequest() Snapshot in ZSL
02-02 01:03:08.266   774  2189 E CHIUSECASE: chxadvancedcamerausecase.cpp:3477 SelectFeatureToExecuteCaptureRequest() SelectFeatureToExecuteCaptureRequest Select Feature 0xe0252180 type 1 for request:6
02-02 01:03:08.271  5151  5151 I AssistHolderContentView: forceFitSystemWindows pb = 0
02-02 01:03:08.273   864   864 E libc    : Access denied finding property "ro.hardware.fp.fod"
02-02 01:03:08.260   864   864 W surfaceflinger: type=1400 audit(0.0:1629845): avc: denied { read } for name="u:object_r:vendor_fp_prop:s0" dev="tmpfs" ino=15205 scontext=u:r:surfaceflinger:s0 tcontext=u:object_r:vendor_fp_prop:s0 tclass=file permissive=0
02-02 01:03:08.273   864   864 E libc    : Access denied finding property "ro.hardware.fp.sideCap"
02-02 01:03:08.287   774  1907 E CamX    : [ERROR][HAL    ] camxmetadatapool.cpp:1457 GetMetadataByTag() Invalid Slot to get metadata by tag(0x882f0003)
02-02 01:03:08.287   774  1907 E CamX    : [ERROR][HAL    ] camxmetadatapool.cpp:1457 GetMetadataByTag() Invalid Slot to get metadata by tag(0x882f0004)
02-02 01:03:08.287   774  1907 E CamX    : [ERROR][HAL    ] camxmetadatapool.cpp:1457 GetMetadataByTag() Invalid Slot to get metadata by tag(0x882f0003)
02-02 01:03:08.287   774  1907 E CamX    : [ERROR][HAL    ] camxmetadatapool.cpp:1457 GetMetadataByTag() Invalid Slot to get metadata by tag(0x882f0004)
02-02 01:03:08.287   774  1907 E CamX    : [ERROR][HAL    ] camxmetadatapool.cpp:1457 GetMetadataByTag() Invalid Slot to get metadata by tag(0x882f0003)
02-02 01:03:08.287   774  1907 E CamX    : [ERROR][HAL    ] camxmetadatapool.cpp:1457 GetMetadataByTag() Invalid Slot to get metadata by tag(0x882f0004)
02-02 01:03:08.287   774  1907 E CamX    : [ERROR][HAL    ] camxmetadatapool.cpp:1457 GetMetadataByTag() Invalid Slot to get metadata by tag(0x882f0003)
02-02 01:03:08.287   774  1907 E CamX    : [ERROR][HAL    ] camxmetadatapool.cpp:1457 GetMetadataByTag() Invalid Slot to get metadata by tag(0x882f0004)
02-02 01:03:08.288  5151  5151 I AssistHolderContentView: forceFitSystemWindows pb = 0
02-02 01:03:08.289   774 24735 I CHIUSECASE: chxfeaturezsl.cpp:906 RequestThreadProcessing() 1.received rdi and meta of frame 1 for triggering snapshot request
02-02 01:03:08.290   774 24735 I CHIUSECASE: chxfeaturezsl.cpp:976 RequestThreadProcessing() Sending ZSL snapshot frameNumber:1, request:1 metadata:0x0
02-02 01:03:08.290   774 24735 I CHIUSECASE: chxfeaturezsl.cpp:904 RequestThreadProcessing() 1.waiting for rdi and meta of frame 2 for triggering snapshot request
02-02 01:03:08.290   774   991 E CHIUSECASE: chxadvancedcamerausecase.cpp:4093 FindFeatureToProcessMessage() FindFeatureToProcessMessage pFeature is NULL!
02-02 01:03:08.290   774  1905 D CamX    : [DEBUG][CORE   ] camxsession.cpp:2369 ProcessRequest() pipeline[0] OpenRequest called for request id = 2
02-02 01:03:08.291   774  1905 E CamX    : [ERROR][CORE   ] camxchitintlessinterface.cpp:51 TintlessAlgoProcess() Tintless Algo Process Failed
02-02 01:03:08.303   774  2189 E CHIUSECASE: chxfeaturezsl.cpp:435 ExecuteProcessRequest() Snapshot in ZSL
02-02 01:03:08.303   774  1907 D CamX    : [DEBUG][CORE   ] camxsession.cpp:2369 ProcessRequest() pipeline[0] OpenRequest called for request id = 7
02-02 01:03:08.303 24249 24603 E native  : E0000 00:00:1675296188.303489   24603 status.cc:162] FAILED_PRECONDITION: 
02-02 01:03:08.303 24249 24603 E native  : ARCoreError: third_party/arcore/ar/core/session.cc:2820
02-02 01:03:08.303 24249 24603 E native  :  at third_party/arcore/ar/core/session.cc:2820 [type.googleapis.com/util.ErrorSpacePayload='ArStatusErrorSpace::AR_ERROR_NOT_YET_AVAILABLE']
02-02 01:03:08.303 24249 24603 E native  : === Source Location Trace: === 
02-02 01:03:08.303 24249 24603 E native  : third_party/arcore/ar/core/session.cc:2820
02-02 01:03:08.305   774  2189 E CHIUSECASE: chxadvancedcamerausecase.cpp:3477 SelectFeatureToExecuteCaptureRequest() SelectFeatureToExecuteCaptureRequest Select Feature 0xe0252180 type 1 for request:7
02-02 01:03:08.305  5151  5151 I AssistHolderContentView: forceFitSystemWindows pb = 0
02-02 01:03:08.310   774  1906 E CamX    : [ERROR][STATS_AF ] af_process.cpp:1195: af_process_parse_stats Invalid FV data!
02-02 01:03:08.319   774  1905 E CamX    : [ERROR][HAL    ] camxmetadatapool.cpp:1457 GetMetadataByTag() Invalid Slot to get metadata by tag(0x882f0003)
02-02 01:03:08.319   774  1905 E CamX    : [ERROR][HAL    ] camxmetadatapool.cpp:1457 GetMetadataByTag() Invalid Slot to get metadata by tag(0x882f0004)
02-02 01:03:08.319   774  1905 E CamX    : [ERROR][HAL    ] camxmetadatapool.cpp:1457 GetMetadataByTag() Invalid Slot to get metadata by tag(0x882f0003)
02-02 01:03:08.319   774  1905 E CamX    : [ERROR][HAL    ] camxmetadatapool.cpp:1457 GetMetadataByTag() Invalid Slot to get metadata by tag(0x882f0004)
02-02 01:03:08.320   774  1905 E CamX    : [ERROR][HAL    ] camxmetadatapool.cpp:1457 GetMetadataByTag() Invalid Slot to get metadata by tag(0x882f0003)
02-02 01:03:08.320   774  1905 E CamX    : [ERROR][HAL    ] camxmetadatapool.cpp:1457 GetMetadataByTag() Invalid Slot to get metadata by tag(0x882f0004)
02-02 01:03:08.320   774  1905 E CamX    : [ERROR][HAL    ] camxmetadatapool.cpp:1457 GetMetadataByTag() Invalid Slot to get metadata by tag(0x882f0003)
02-02 01:03:08.320   774  1905 E CamX    : [ERROR][HAL    ] camxmetadatapool.cpp:1457 GetMetadataByTag() Invalid Slot to get metadata by tag(0x882f0004)
02-02 01:03:08.320   774  1905 E CamX    : [ERROR][HAL    ] camxmetadatapool.cpp:1457 GetMetadataByTag() Invalid Slot to get metadata by tag(0x882f0003)
02-02 01:03:08.320   774  1905 E CamX    : [ERROR][HAL    ] camxmetadatapool.cpp:1457 GetMetadataByTag() Invalid Slot to get metadata by tag(0x882f0004)
02-02 01:03:08.320 24249 24710 I native  : I0000 00:00:1675296188.320635   24710 timebase_helpers.cc:169] Timebase offset intialized to 0
02-02 01:03:08.320 24249 24710 I native  : I0000 00:00:1675296188.320708   24710 logger.h:28] DataSourceMetrics: kFirstImageCallback: 426.029688ms
02-02 01:03:08.320 24249 24710 E ACameraMetadata: getConstEntry: cannot find metadata tag 65578
02-02 01:03:08.321 24249 24702 W native  : W0000 00:00:1675296188.321550   24702 motion_analysis_calculator.cc:828] Requested image format in RegionFlowComputation does not match video stream format. Overriding.
02-02 01:03:08.321 24249 24702 I native  : I0000 00:00:1675296188.321634   24702 region_flow_computation.cc:617] Instantiating and using NEON optimized non-OpenCV KLT.
02-02 01:03:08.322  5151  5151 I AssistHolderContentView: forceFitSystemWindows pb = 0
02-02 01:03:08.322 24249 24702 I native  : I0000 00:00:1675296188.322865   24702 motion_analysis_calculator.cc:650] Analyzed frame 1
02-02 01:03:08.322 24249 24702 W native  : W0000 00:00:1675296188.322951   24702 parallel_invoker.h:320] Unsupported invoker mode selected on Android. Falling back to ThreadPool
02-02 01:03:08.323   774   991 E CHIUSECASE: chxadvancedcamerausecase.cpp:4093 FindFeatureToProcessMessage() FindFeatureToProcessMessage pFeature is NULL!
02-02 01:03:08.323   774 24735 I CHIUSECASE: chxfeaturezsl.cpp:906 RequestThreadProcessing() 1.received rdi and meta of frame 2 for triggering snapshot request
02-02 01:03:08.323   774 24735 I CHIUSECASE: chxfeaturezsl.cpp:976 RequestThreadProcessing() Sending ZSL snapshot frameNumber:2, request:2 metadata:0x0
02-02 01:03:08.323   774 24735 I CHIUSECASE: chxfeaturezsl.cpp:904 RequestThreadProcessing() 1.waiting for rdi and meta of frame 3 for triggering snapshot request
02-02 01:03:08.323   774  1905 D CamX    : [DEBUG][CORE   ] camxsession.cpp:2369 ProcessRequest() pipeline[0] OpenRequest called for request id = 3
02-02 01:03:08.323   864   864 E libc    : Access denied finding property "ro.hardware.fp.fod"
02-02 01:03:08.323   864   864 E libc    : Access denied finding property "ro.hardware.fp.sideCap"
02-02 01:03:08.325   774  1905 E CamX    : [ERROR][CORE   ] camxchitintlessinterface.cpp:51 TintlessAlgoProcess() Tintless Algo Process Failed
02-02 01:03:08.327  2318  2318 D NavBarTintController: onSampleCollected 0.0
02-02 01:03:08.331 24249 24685 I native  : I0000 00:00:1675296188.331821   24685 image_target_detector.cc:233] Input query has too few keypoints.
02-02 01:03:08.331 24249 24687 W native  : W0000 00:00:1675296188.331887   24687 feature_matcher_and_filter_utils.cc:260] INVALID_ARGUMENT: integration window start at 0
02-02 01:03:08.331 24249 24687 W native  : === Source Location Trace: === 
02-02 01:03:08.331 24249 24687 W native  : third_party/redwood/perception/imu_processing/imu_integrator/imu_integrator_utils.cc:96
02-02 01:03:08.331 24249 24687 W native  :  Use identity R.
02-02 01:03:08.336   774  2189 E CHIUSECASE: chxfeaturezsl.cpp:435 ExecuteProcessRequest() Snapshot in ZSL
02-02 01:03:08.336   774  1907 D CamX    : [DEBUG][CORE   ] camxsession.cpp:2369 ProcessRequest() pipeline[0] OpenRequest called for request id = 8
02-02 01:03:08.336 24249 24603 E native  : E0000 00:00:1675296188.336364   24603 status.cc:162] FAILED_PRECONDITION: 
02-02 01:03:08.336 24249 24603 E native  : ARCoreError: third_party/arcore/ar/core/session.cc:2820
02-02 01:03:08.336 24249 24603 E native  :  at third_party/arcore/ar/core/session.cc:2820 [type.googleapis.com/util.ErrorSpacePayload='ArStatusErrorSpace::AR_ERROR_NOT_YET_AVAILABLE']
02-02 01:03:08.336 24249 24603 E native  : === Source Location Trace: === 
02-02 01:03:08.336 24249 24603 E native  : third_party/arcore/ar/core/session.cc:2820
02-02 01:03:08.338   774  2189 E CHIUSECASE: chxadvancedcamerausecase.cpp:3477 SelectFeatureToExecuteCaptureRequest() SelectFeatureToExecuteCaptureRequest Select Feature 0xe0252180 type 1 for request:8
02-02 01:03:08.339  5151  5151 I AssistHolderContentView: forceFitSystemWindows pb = 0
02-02 01:03:08.343   774  1906 E CamX    : [ERROR][STATS_AF ] af_process.cpp:1195: af_process_parse_stats Invalid FV data!
02-02 01:03:08.352   774  1907 E CamX    : [ERROR][HAL    ] camxmetadatapool.cpp:1457 GetMetadataByTag() Invalid Slot to get metadata by tag(0x882f0003)
02-02 01:03:08.352   774  1907 E CamX    : [ERROR][HAL    ] camxmetadatapool.cpp:1457 GetMetadataByTag() Invalid Slot to get metadata by tag(0x882f0004)
02-02 01:03:08.353   774  1909 E CamX    : [ERROR][HAL    ] camxmetadatapool.cpp:1457 GetMetadataByTag() Invalid Slot to get metadata by tag(0x882f0003)
02-02 01:03:08.353   774  1909 E CamX    : [ERROR][HAL    ] camxmetadatapool.cpp:1457 GetMetadataByTag() Invalid Slot to get metadata by tag(0x882f0004)
02-02 01:03:08.353   774  1909 E CamX    : [ERROR][HAL    ] camxmetadatapool.cpp:1457 GetMetadataByTag() Invalid Slot to get metadata by tag(0x882f0003)
02-02 01:03:08.353   774  1909 E CamX    : [ERROR][HAL    ] camxmetadatapool.cpp:1457 GetMetadataByTag() Invalid Slot to get metadata by tag(0x882f0004)
02-02 01:03:08.353   774  1909 E CamX    : [ERROR][HAL    ] camxmetadatapool.cpp:1457 GetMetadataByTag() Invalid Slot to get metadata by tag(0x882f0003)
02-02 01:03:08.353   774  1909 E CamX    : [ERROR][HAL    ] camxmetadatapool.cpp:1457 GetMetadataByTag() Invalid Slot to get metadata by tag(0x882f0004)
02-02 01:03:08.353   774  1909 E CamX    : [ERROR][HAL    ] camxmetadatapool.cpp:1457 GetMetadataByTag() Invalid Slot to get metadata by tag(0x882f0003)
02-02 01:03:08.353   774  1909 E CamX    : [ERROR][HAL    ] camxmetadatapool.cpp:1457 GetMetadataByTag() Invalid Slot to get metadata by tag(0x882f0004)
02-02 01:03:08.356  5151  5151 I AssistHolderContentView: forceFitSystemWindows pb = 0
02-02 01:03:08.356   774   991 E CHIUSECASE: chxadvancedcamerausecase.cpp:4093 FindFeatureToProcessMessage() FindFeatureToProcessMessage pFeature is NULL!
02-02 01:03:08.357   864   864 E libc    : Access denied finding property "ro.hardware.fp.fod"
02-02 01:03:08.357   774 24735 I CHIUSECASE: chxfeaturezsl.cpp:906 RequestThreadProcessing() 1.received rdi and meta of frame 3 for triggering snapshot request
02-02 01:03:08.357   774 24735 I CHIUSECASE: chxfeaturezsl.cpp:976 RequestThreadProcessing() Sending ZSL snapshot frameNumber:3, request:3 metadata:0x0
02-02 01:03:08.357   864   864 E libc    : Access denied finding property "ro.hardware.fp.sideCap"
02-02 01:03:08.357   774 24735 I CHIUSECASE: chxfeaturezsl.cpp:904 RequestThreadProcessing() 1.waiting for rdi and meta of frame 4 for triggering snapshot request
02-02 01:03:08.357   774  1909 D CamX    : [DEBUG][CORE   ] camxsession.cpp:2369 ProcessRequest() pipeline[0] OpenRequest called for request id = 4
02-02 01:03:08.358   774  1906 E CamX    : [ERROR][CORE   ] camxchitintlessinterface.cpp:51 TintlessAlgoProcess() Tintless Algo Process Failed
02-02 01:03:08.367   774  2189 E CHIUSECASE: chxfeaturezsl.cpp:435 ExecuteProcessRequest() Snapshot in ZSL
02-02 01:03:08.368   774  1909 D CamX    : [DEBUG][CORE   ] camxsession.cpp:2369 ProcessRequest() pipeline[0] OpenRequest called for request id = 9
02-02 01:03:08.368 24249 24603 E native  : E0000 00:00:1675296188.368359   24603 status.cc:162] FAILED_PRECONDITION: 
02-02 01:03:08.368 24249 24603 E native  : ARCoreError: third_party/arcore/ar/core/session.cc:2820
02-02 01:03:08.368 24249 24603 E native  :  at third_party/arcore/ar/core/session.cc:2820 [type.googleapis.com/util.ErrorSpacePayload='ArStatusErrorSpace::AR_ERROR_NOT_YET_AVAILABLE']
02-02 01:03:08.368 24249 24603 E native  : === Source Location Trace: === 
02-02 01:03:08.368 24249 24603 E native  : third_party/arcore/ar/core/session.cc:2820
02-02 01:03:08.370   774  2189 E CHIUSECASE: chxadvancedcamerausecase.cpp:3477 SelectFeatureToExecuteCaptureRequest() SelectFeatureToExecuteCaptureRequest Select Feature 0xe0252180 type 1 for request:9
02-02 01:03:08.372  5151  5151 I AssistHolderContentView: forceFitSystemWindows pb = 0
02-02 01:03:08.376   774  1906 E CamX    : [ERROR][STATS_AF ] af_process.cpp:1195: af_process_parse_stats Invalid FV data!
02-02 01:03:08.386   774  1907 E CamX    : [ERROR][HAL    ] camxmetadatapool.cpp:1457 GetMetadataByTag() Invalid Slot to get metadata by tag(0x882f0003)
02-02 01:03:08.386   774  1907 E CamX    : [ERROR][HAL    ] camxmetadatapool.cpp:1457 GetMetadataByTag() Invalid Slot to get metadata by tag(0x882f0004)
02-02 01:03:08.386   774  1907 E CamX    : [ERROR][HAL    ] camxmetadatapool.cpp:1457 GetMetadataByTag() Invalid Slot to get metadata by tag(0x882f0003)
02-02 01:03:08.386   774  1907 E CamX    : [ERROR][HAL    ] camxmetadatapool.cpp:1457 GetMetadataByTag() Invalid Slot to get metadata by tag(0x882f0004)
02-02 01:03:08.386   774  1907 E CamX    : [ERROR][HAL    ] camxmetadatapool.cpp:1457 GetMetadataByTag() Invalid Slot to get metadata by tag(0x882f0003)
02-02 01:03:08.386   774  1907 E CamX    : [ERROR][HAL    ] camxmetadatapool.cpp:1457 GetMetadataByTag() Invalid Slot to get metadata by tag(0x882f0004)
02-02 01:03:08.386   774  1907 E CamX    : [ERROR][HAL    ] camxmetadatapool.cpp:1457 GetMetadataByTag() Invalid Slot to get metadata by tag(0x882f0003)
02-02 01:03:08.386   774  1907 E CamX    : [ERROR][HAL    ] camxmetadatapool.cpp:1457 GetMetadataByTag() Invalid Slot to get metadata by tag(0x882f0004)
02-02 01:03:08.389  5151  5151 I AssistHolderContentView: forceFitSystemWindows pb = 0
02-02 01:03:08.390   774 24735 I CHIUSECASE: chxfeaturezsl.cpp:906 RequestThreadProcessing() 1.received rdi and meta of frame 4 for triggering snapshot request
02-02 01:03:08.390   774   991 E CHIUSECASE: chxadvancedcamerausecase.cpp:4093 FindFeatureToProcessMessage() FindFeatureToProcessMessage pFeature is NULL!
02-02 01:03:08.390   774 24735 I CHIUSECASE: chxfeaturezsl.cpp:976 RequestThreadProcessing() Sending ZSL snapshot frameNumber:4, request:4 metadata:0x0
02-02 01:03:08.390   774 24735 I CHIUSECASE: chxfeaturezsl.cpp:904 RequestThreadProcessing() 1.waiting for rdi and meta of frame 5 for triggering snapshot request
02-02 01:03:08.390   774  1909 D CamX    : [DEBUG][CORE   ] camxsession.cpp:2369 ProcessRequest() pipeline[0] OpenRequest called for request id = 5
02-02 01:03:08.390   864   864 E libc    : Access denied finding property "ro.hardware.fp.fod"
02-02 01:03:08.390   864   864 E libc    : Access denied finding property "ro.hardware.fp.sideCap"
02-02 01:03:08.397 24249 24758 D UE      : [2023.02.02-00.03.08:397][ 10]LogTcpMessaging: Started Connection to '127.0.0.1:46145'
02-02 01:03:08.397 24249 24758 D UE      : [2023.02.02-00.03.08:397][ 10]LogTcpMessaging: Discovered node '849B4BF34F51FC42D241548EF3FBC134' on connection '127.0.0.1:46145'...
02-02 01:03:08.401   774  2189 E CHIUSECASE: chxfeaturezsl.cpp:435 ExecuteProcessRequest() Snapshot in ZSL
02-02 01:03:08.401   774  1905 D CamX    : [DEBUG][CORE   ] camxsession.cpp:2369 ProcessRequest() pipeline[0] OpenRequest called for request id = 10
02-02 01:03:08.402 24249 24603 E native  : E0000 00:00:1675296188.402282   24603 status.cc:162] FAILED_PRECONDITION: 
02-02 01:03:08.402 24249 24603 E native  : ARCoreError: third_party/arcore/ar/core/session.cc:2820
02-02 01:03:08.402 24249 24603 E native  :  at third_party/arcore/ar/core/session.cc:2820 [type.googleapis.com/util.ErrorSpacePayload='ArStatusErrorSpace::AR_ERROR_NOT_YET_AVAILABLE']
02-02 01:03:08.402 24249 24603 E native  : === Source Location Trace: === 
02-02 01:03:08.402 24249 24603 E native  : third_party/arcore/ar/core/session.cc:2820
02-02 01:03:08.403   774  2189 E CHIUSECASE: chxadvancedcamerausecase.cpp:3477 SelectFeatureToExecuteCaptureRequest() SelectFeatureToExecuteCaptureRequest Select Feature 0xe0252180 type 1 for request:10
02-02 01:03:08.405  5151  5151 I AssistHolderContentView: forceFitSystemWindows pb = 0
02-02 01:03:08.410   774  1909 E CamX    : [ERROR][STATS_AF ] af_process.cpp:1195: af_process_parse_stats Invalid FV data!
02-02 01:03:08.422  5151  5151 I AssistHolderContentView: forceFitSystemWindows pb = 0
02-02 01:03:08.423   774   991 E CHIUSECASE: chxadvancedcamerausecase.cpp:4093 FindFeatureToProcessMessage() FindFeatureToProcessMessage pFeature is NULL!
02-02 01:03:08.423   864   864 E libc    : Access denied finding property "ro.hardware.fp.fod"
02-02 01:03:08.424   864   864 E libc    : Access denied finding property "ro.hardware.fp.sideCap"
02-02 01:03:08.424   774 24735 I CHIUSECASE: chxfeaturezsl.cpp:906 RequestThreadProcessing() 1.received rdi and meta of frame 5 for triggering snapshot request
02-02 01:03:08.424   774 24735 I CHIUSECASE: chxfeaturezsl.cpp:976 RequestThreadProcessing() Sending ZSL snapshot frameNumber:5, request:5 metadata:0x0
02-02 01:03:08.424   774 24735 I CHIUSECASE: chxfeaturezsl.cpp:904 RequestThreadProcessing() 1.waiting for rdi and meta of frame 6 for triggering snapshot request
02-02 01:03:08.424   774  1907 D CamX    : [DEBUG][CORE   ] camxsession.cpp:2369 ProcessRequest() pipeline[0] OpenRequest called for request id = 6
02-02 01:03:08.427  2318  2318 D NavBarTintController: onSampleCollected 0.0
02-02 01:03:08.433   774  2189 E CHIUSECASE: chxfeaturezsl.cpp:435 ExecuteProcessRequest() Snapshot in ZSL
02-02 01:03:08.433   774  1906 D CamX    : [DEBUG][CORE   ] camxsession.cpp:2369 ProcessRequest() pipeline[0] OpenRequest called for request id = 11
02-02 01:03:08.435   774  2189 E CHIUSECASE: chxadvancedcamerausecase.cpp:3477 SelectFeatureToExecuteCaptureRequest() SelectFeatureToExecuteCaptureRequest Select Feature 0xe0252180 type 1 for request:11
02-02 01:03:08.439  5151  5151 I AssistHolderContentView: forceFitSystemWindows pb = 0
02-02 01:03:08.443   774  1905 E CamX    : [ERROR][STATS_AF ] af_process.cpp:1195: af_process_parse_stats Invalid FV data!
02-02 01:03:08.456  5151  5151 I AssistHolderContentView: forceFitSystemWindows pb = 0
02-02 01:03:08.456   774 24735 I CHIUSECASE: chxfeaturezsl.cpp:906 RequestThreadProcessing() 1.received rdi and meta of frame 6 for triggering snapshot request
02-02 01:03:08.456   774 24735 I CHIUSECASE: chxfeaturezsl.cpp:976 RequestThreadProcessing() Sending ZSL snapshot frameNumber:6, request:6 metadata:0x0
02-02 01:03:08.456   774 24735 I CHIUSECASE: chxfeaturezsl.cpp:904 RequestThreadProcessing() 1.waiting for rdi and meta of frame 7 for triggering snapshot request
02-02 01:03:08.456   774   991 E CHIUSECASE: chxadvancedcamerausecase.cpp:4093 FindFeatureToProcessMessage() FindFeatureToProcessMessage pFeature is NULL!
02-02 01:03:08.456   774  1906 D CamX    : [DEBUG][CORE   ] camxsession.cpp:2369 ProcessRequest() pipeline[0] OpenRequest called for request id = 7
02-02 01:03:08.457   864   864 E libc    : Access denied finding property "ro.hardware.fp.fod"
02-02 01:03:08.457   864   864 E libc    : Access denied finding property "ro.hardware.fp.sideCap"
02-02 01:03:08.468   774  2189 E CHIUSECASE: chxfeaturezsl.cpp:435 ExecuteProcessRequest() Snapshot in ZSL
02-02 01:03:08.468   774  1909 D CamX    : [DEBUG][CORE   ] camxsession.cpp:2369 ProcessRequest() pipeline[0] OpenRequest called for request id = 12
02-02 01:03:08.469   774  2189 E CHIUSECASE: chxadvancedcamerausecase.cpp:3477 SelectFeatureToExecuteCaptureRequest() SelectFeatureToExecuteCaptureRequest Select Feature 0xe0252180 type 1 for request:12
02-02 01:03:08.472  5151  5151 I AssistHolderContentView: forceFitSystemWindows pb = 0
02-02 01:03:08.476   774  1907 E CamX    : [ERROR][STATS_AF ] af_process.cpp:1195: af_process_parse_stats Invalid FV data!
02-02 01:03:08.489  5151  5151 I AssistHolderContentView: forceFitSystemWindows pb = 0
02-02 01:03:08.490   774   991 E CHIUSECASE: chxadvancedcamerausecase.cpp:4093 FindFeatureToProcessMessage() FindFeatureToProcessMessage pFeature is NULL!
02-02 01:03:08.489   774 24735 I CHIUSECASE: chxfeaturezsl.cpp:906 RequestThreadProcessing() 1.received rdi and meta of frame 7 for triggering snapshot request
02-02 01:03:08.490   774 24735 I CHIUSECASE: chxfeaturezsl.cpp:976 RequestThreadProcessing() Sending ZSL snapshot frameNumber:7, request:7 metadata:0x0
02-02 01:03:08.491   774 24735 I CHIUSECASE: chxfeaturezsl.cpp:904 RequestThreadProcessing() 1.waiting for rdi and meta of frame 8 for triggering snapshot request
02-02 01:03:08.491   864   864 E libc    : Access denied finding property "ro.hardware.fp.fod"
02-02 01:03:08.491   864   864 E libc    : Access denied finding property "ro.hardware.fp.sideCap"
02-02 01:03:08.491   774  1907 D CamX    : [DEBUG][CORE   ] camxsession.cpp:2369 ProcessRequest() pipeline[0] OpenRequest called for request id = 8
02-02 01:03:08.502   774  2189 E CHIUSECASE: chxfeaturezsl.cpp:435 ExecuteProcessRequest() Snapshot in ZSL
02-02 01:03:08.502   774  1909 D CamX    : [DEBUG][CORE   ] camxsession.cpp:2369 ProcessRequest() pipeline[0] OpenRequest called for request id = 13
02-02 01:03:08.504   774  2189 E CHIUSECASE: chxadvancedcamerausecase.cpp:3477 SelectFeatureToExecuteCaptureRequest() SelectFeatureToExecuteCaptureRequest Select Feature 0xe0252180 type 1 for request:13
02-02 01:03:08.506  5151  5151 I AssistHolderContentView: forceFitSystemWindows pb = 0
02-02 01:03:08.522   774 24735 I CHIUSECASE: chxfeaturezsl.cpp:906 RequestThreadProcessing() 1.received rdi and meta of frame 8 for triggering snapshot request
02-02 01:03:08.522   774 24735 I CHIUSECASE: chxfeaturezsl.cpp:904 RequestThreadProcessing() 1.waiting for rdi and meta of frame 8 for triggering snapshot request
02-02 01:03:08.522   774 24735 I CHIUSECASE: chxfeaturezsl.cpp:906 RequestThreadProcessing() 1.received rdi and meta of frame 8 for triggering snapshot request
02-02 01:03:08.522   774 24735 I CHIUSECASE: chxfeaturezsl.cpp:976 RequestThreadProcessing() Sending ZSL snapshot frameNumber:8, request:8 metadata:0x0
02-02 01:03:08.522   774 24735 I CHIUSECASE: chxfeaturezsl.cpp:904 RequestThreadProcessing() 1.waiting for rdi and meta of frame 9 for triggering snapshot request
02-02 01:03:08.523   774  1907 D CamX    : [DEBUG][CORE   ] camxsession.cpp:2369 ProcessRequest() pipeline[0] OpenRequest called for request id = 9
02-02 01:03:08.523   774   991 E CHIUSECASE: chxadvancedcamerausecase.cpp:4093 FindFeatureToProcessMessage() FindFeatureToProcessMessage pFeature is NULL!
02-02 01:03:08.523  5151  5151 I AssistHolderContentView: forceFitSystemWindows pb = 0
02-02 01:03:08.524   864   864 E libc    : Access denied finding property "ro.hardware.fp.fod"
02-02 01:03:08.524   864   864 E libc    : Access denied finding property "ro.hardware.fp.sideCap"
02-02 01:03:08.527  2318  2318 D NavBarTintController: onSampleCollected 0.0
02-02 01:03:08.535   774  2189 E CHIUSECASE: chxfeaturezsl.cpp:435 ExecuteProcessRequest() Snapshot in ZSL
02-02 01:03:08.535   774  1907 D CamX    : [DEBUG][CORE   ] camxsession.cpp:2369 ProcessRequest() pipeline[0] OpenRequest called for request id = 14
02-02 01:03:08.538   774  2189 E CHIUSECASE: chxadvancedcamerausecase.cpp:3477 SelectFeatureToExecuteCaptureRequest() SelectFeatureToExecuteCaptureRequest Select Feature 0xe0252180 type 1 for request:14
02-02 01:03:08.539  5151  5151 I AssistHolderContentView: forceFitSystemWindows pb = 0
02-02 01:03:08.556   774 24735 I CHIUSECASE: chxfeaturezsl.cpp:906 RequestThreadProcessing() 1.received rdi and meta of frame 9 for triggering snapshot request
02-02 01:03:08.556   774 24735 I CHIUSECASE: chxfeaturezsl.cpp:976 RequestThreadProcessing() Sending ZSL snapshot frameNumber:9, request:9 metadata:0x0
02-02 01:03:08.556   774 24735 I CHIUSECASE: chxfeaturezsl.cpp:904 RequestThreadProcessing() 1.waiting for rdi and meta of frame 10 for triggering snapshot request
02-02 01:03:08.556   774   991 E CHIUSECASE: chxadvancedcamerausecase.cpp:4093 FindFeatureToProcessMessage() FindFeatureToProcessMessage pFeature is NULL!
02-02 01:03:08.556   774  1909 D CamX    : [DEBUG][CORE   ] camxsession.cpp:2369 ProcessRequest() pipeline[0] OpenRequest called for request id = 10
02-02 01:03:08.557  5151  5151 I AssistHolderContentView: forceFitSystemWindows pb = 0
02-02 01:03:08.558   864   864 E libc    : Access denied finding property "ro.hardware.fp.fod"
02-02 01:03:08.558   864   864 E libc    : Access denied finding property "ro.hardware.fp.sideCap"
02-02 01:03:08.568   774  2189 E CHIUSECASE: chxfeaturezsl.cpp:435 ExecuteProcessRequest() Snapshot in ZSL
02-02 01:03:08.568   774  1907 D CamX    : [DEBUG][CORE   ] camxsession.cpp:2369 ProcessRequest() pipeline[0] OpenRequest called for request id = 15
02-02 01:03:08.569   774  2189 E CHIUSECASE: chxadvancedcamerausecase.cpp:3477 SelectFeatureToExecuteCaptureRequest() SelectFeatureToExecuteCaptureRequest Select Feature 0xe0252180 type 1 for request:15
02-02 01:03:08.573  5151  5151 I AssistHolderContentView: forceFitSystemWindows pb = 0
02-02 01:03:08.589   774 24735 I CHIUSECASE: chxfeaturezsl.cpp:906 RequestThreadProcessing() 1.received rdi and meta of frame 10 for triggering snapshot request
02-02 01:03:08.589   774 24735 I CHIUSECASE: chxfeaturezsl.cpp:904 RequestThreadProcessing() 1.waiting for rdi and meta of frame 10 for triggering snapshot request
02-02 01:03:08.589   774 24735 I CHIUSECASE: chxfeaturezsl.cpp:906 RequestThreadProcessing() 1.received rdi and meta of frame 10 for triggering snapshot request
02-02 01:03:08.589   774 24735 I CHIUSECASE: chxfeaturezsl.cpp:976 RequestThreadProcessing() Sending ZSL snapshot frameNumber:10, request:10 metadata:0x0
02-02 01:03:08.589   774 24735 I CHIUSECASE: chxfeaturezsl.cpp:904 RequestThreadProcessing() 1.waiting for rdi and meta of frame 11 for triggering snapshot request
02-02 01:03:08.589   774  1906 D CamX    : [DEBUG][CORE   ] camxsession.cpp:2369 ProcessRequest() pipeline[0] OpenRequest called for request id = 11
02-02 01:03:08.590   774   991 E CHIUSECASE: chxadvancedcamerausecase.cpp:4093 FindFeatureToProcessMessage() FindFeatureToProcessMessage pFeature is NULL!
02-02 01:03:08.591  5151  5151 I AssistHolderContentView: forceFitSystemWindows pb = 0
02-02 01:03:08.591   864   864 E libc    : Access denied finding property "ro.hardware.fp.fod"
02-02 01:03:08.591   864   864 E libc    : Access denied finding property "ro.hardware.fp.sideCap"
02-02 01:03:08.604   774  2189 E CHIUSECASE: chxfeaturezsl.cpp:435 ExecuteProcessRequest() Snapshot in ZSL
02-02 01:03:08.604   774  1909 D CamX    : [DEBUG][CORE   ] camxsession.cpp:2369 ProcessRequest() pipeline[0] OpenRequest called for request id = 16
02-02 01:03:08.605   774  2189 E CHIUSECASE: chxadvancedcamerausecase.cpp:3477 SelectFeatureToExecuteCaptureRequest() SelectFeatureToExecuteCaptureRequest Select Feature 0xe0252180 type 1 for request:16
02-02 01:03:08.607  5151  5151 I AssistHolderContentView: forceFitSystemWindows pb = 0
02-02 01:03:08.622   774 24735 I CHIUSECASE: chxfeaturezsl.cpp:906 RequestThreadProcessing() 1.received rdi and meta of frame 11 for triggering snapshot request
02-02 01:03:08.622   774 24735 I CHIUSECASE: chxfeaturezsl.cpp:976 RequestThreadProcessing() Sending ZSL snapshot frameNumber:11, request:11 metadata:0x0
02-02 01:03:08.622   774 24735 I CHIUSECASE: chxfeaturezsl.cpp:904 RequestThreadProcessing() 1.waiting for rdi and meta of frame 12 for triggering snapshot request
02-02 01:03:08.623   774  1906 D CamX    : [DEBUG][CORE   ] camxsession.cpp:2369 ProcessRequest() pipeline[0] OpenRequest called for request id = 12
02-02 01:03:08.623   774   991 E CHIUSECASE: chxadvancedcamerausecase.cpp:4093 FindFeatureToProcessMessage() FindFeatureToProcessMessage pFeature is NULL!
02-02 01:03:08.624  5151  5151 I AssistHolderContentView: forceFitSystemWindows pb = 0
02-02 01:03:08.625   864   864 E libc    : Access denied finding property "ro.hardware.fp.fod"
02-02 01:03:08.625   864   864 E libc    : Access denied finding property "ro.hardware.fp.sideCap"
02-02 01:03:08.629  2318  2318 D NavBarTintController: onSampleCollected 0.0
02-02 01:03:08.634   774  2189 E CHIUSECASE: chxfeaturezsl.cpp:435 ExecuteProcessRequest() Snapshot in ZSL
02-02 01:03:08.634   774  1907 D CamX    : [DEBUG][CORE   ] camxsession.cpp:2369 ProcessRequest() pipeline[0] OpenRequest called for request id = 17
02-02 01:03:08.636   774  2189 E CHIUSECASE: chxadvancedcamerausecase.cpp:3477 SelectFeatureToExecuteCaptureRequest() SelectFeatureToExecuteCaptureRequest Select Feature 0xe0252180 type 1 for request:17
02-02 01:03:08.640  5151  5151 I AssistHolderContentView: forceFitSystemWindows pb = 0
02-02 01:03:08.656   774 24735 I CHIUSECASE: chxfeaturezsl.cpp:906 RequestThreadProcessing() 1.received rdi and meta of frame 12 for triggering snapshot request
02-02 01:03:08.656   774 24735 I CHIUSECASE: chxfeaturezsl.cpp:976 RequestThreadProcessing() Sending ZSL snapshot frameNumber:12, request:12 metadata:0x0
02-02 01:03:08.656   774 24735 I CHIUSECASE: chxfeaturezsl.cpp:904 RequestThreadProcessing() 1.waiting for rdi and meta of frame 13 for triggering snapshot request
02-02 01:03:08.656   774  1905 D CamX    : [DEBUG][CORE   ] camxsession.cpp:2369 ProcessRequest() pipeline[0] OpenRequest called for request id = 13
02-02 01:03:08.656   774   991 E CHIUSECASE: chxadvancedcamerausecase.cpp:4093 FindFeatureToProcessMessage() FindFeatureToProcessMessage pFeature is NULL!
02-02 01:03:08.658  5151  5151 I AssistHolderContentView: forceFitSystemWindows pb = 0
02-02 01:03:08.659   864   864 E libc    : Access denied finding property "ro.hardware.fp.fod"
02-02 01:03:08.659   864   864 E libc    : Access denied finding property "ro.hardware.fp.sideCap"
02-02 01:03:08.664   774  2189 E CHIUSECASE: chxfeaturezsl.cpp:435 ExecuteProcessRequest() Snapshot in ZSL
02-02 01:03:08.664   774  1906 D CamX    : [DEBUG][CORE   ] camxsession.cpp:2369 ProcessRequest() pipeline[0] OpenRequest called for request id = 18
02-02 01:03:08.665   774  2189 E CHIUSECASE: chxadvancedcamerausecase.cpp:3477 SelectFeatureToExecuteCaptureRequest() SelectFeatureToExecuteCaptureRequest Select Feature 0xe0252180 type 1 for request:18
02-02 01:03:08.674  5151  5151 I AssistHolderContentView: forceFitSystemWindows pb = 0
02-02 01:03:08.675   864   864 E libc    : Access denied finding property "ro.hardware.fp.fod"
02-02 01:03:08.675   864   864 E libc    : Access denied finding property "ro.hardware.fp.sideCap"
02-02 01:03:08.689   774 24735 I CHIUSECASE: chxfeaturezsl.cpp:906 RequestThreadProcessing() 1.received rdi and meta of frame 13 for triggering snapshot request
02-02 01:03:08.689   774 24735 I CHIUSECASE: chxfeaturezsl.cpp:976 RequestThreadProcessing() Sending ZSL snapshot frameNumber:13, request:13 metadata:0x0
02-02 01:03:08.689   774 24735 I CHIUSECASE: chxfeaturezsl.cpp:904 RequestThreadProcessing() 1.waiting for rdi and meta of frame 14 for triggering snapshot request
02-02 01:03:08.689   774  1909 D CamX    : [DEBUG][CORE   ] camxsession.cpp:2369 ProcessRequest() pipeline[0] OpenRequest called for request id = 14
02-02 01:03:08.690   774   991 E CHIUSECASE: chxadvancedcamerausecase.cpp:4093 FindFeatureToProcessMessage() FindFeatureToProcessMessage pFeature is NULL!
02-02 01:03:08.691  5151  5151 I AssistHolderContentView: forceFitSystemWindows pb = 0
02-02 01:03:08.701   774  2189 E CHIUSECASE: chxfeaturezsl.cpp:435 ExecuteProcessRequest() Snapshot in ZSL
02-02 01:03:08.701   774  1906 D CamX    : [DEBUG][CORE   ] camxsession.cpp:2369 ProcessRequest() pipeline[0] OpenRequest called for request id = 19
02-02 01:03:08.702   774  2189 E CHIUSECASE: chxadvancedcamerausecase.cpp:3477 SelectFeatureToExecuteCaptureRequest() SelectFeatureToExecuteCaptureRequest Select Feature 0xe0252180 type 1 for request:19
02-02 01:03:08.707  5151  5151 I AssistHolderContentView: forceFitSystemWindows pb = 0
02-02 01:03:08.722   774 24735 I CHIUSECASE: chxfeaturezsl.cpp:906 RequestThreadProcessing() 1.received rdi and meta of frame 14 for triggering snapshot request
02-02 01:03:08.722   774 24735 I CHIUSECASE: chxfeaturezsl.cpp:976 RequestThreadProcessing() Sending ZSL snapshot frameNumber:14, request:14 metadata:0x0
02-02 01:03:08.722   774 24735 I CHIUSECASE: chxfeaturezsl.cpp:904 RequestThreadProcessing() 1.waiting for rdi and meta of frame 15 for triggering snapshot request
02-02 01:03:08.723   774  1907 D CamX    : [DEBUG][CORE   ] camxsession.cpp:2369 ProcessRequest() pipeline[0] OpenRequest called for request id = 15
02-02 01:03:08.723   774   991 E CHIUSECASE: chxadvancedcamerausecase.cpp:4093 FindFeatureToProcessMessage() FindFeatureToProcessMessage pFeature is NULL!
02-02 01:03:08.724  5151  5151 I AssistHolderContentView: forceFitSystemWindows pb = 0
