02-02 01:03:07.601 24249 24603 I third_party/arcore/ar/core/android/sdk/session_create.cc: Dynamite load ok.
02-02 01:03:07.601 24249 24603 I third_party/arcore/java/com/google/vr/dynamite/client/native/dynamite_client.cc: Attempting to load native library arcore_c from package com.google.ar.core
02-02 01:03:07.602  5151  5151 I AssistHolderContentView: forceFitSystemWindows pb = 0
02-02 01:03:07.620 24249 24603 I third_party/arcore/java/com/google/vr/dynamite/client/native/dynamite_client.cc: Dynamite::LoadNativeRemoteLibrary handle=-2050584088717936685
02-02 01:03:07.620 24249 24603 I third_party/arcore/ar/core/android/sdk/session_create.cc: ARCore SDK: dynamite number_of_symbols_loaded=226
02-02 01:03:07.620 24249 24603 I native  : I0000 00:00:1675296187.620726   24603 session_create_implementation.cc:251] Entering createImplementationWithFeaturesAndSettings. ARCore SDK version: [1.22.202940000].
02-02 01:03:07.621  5151  5151 I AssistHolderContentView: forceFitSystemWindows pb = 0
02-02 01:03:07.628   566   566 E SELinux : avc:  denied  { find } for interface=vendor.qti.hardware.servicetracker::IServicetracker sid=u:r:system_server:s0 pid=1976 scontext=u:r:system_server:s0 tcontext=u:object_r:default_android_hwservice:s0 tclass=hwservice_manager permissive=0
02-02 01:03:07.635  5151  5151 I AssistHolderContentView: forceFitSystemWindows pb = 0
02-02 01:03:07.637 24249 24603 I native  : I0000 00:00:1675296187.637006   24603 session_create_implementation.cc:215] AugmentedRegion downsample mode from Phenotype: true
02-02 01:03:07.641 24249 24666 V third_party/redwood/infrastructure/jni_common/jni_helper.cc: JniHelper: attached thread (Called from line 367).
02-02 01:03:07.647 23409 23594 W ARCore-ContentProvider: No usable local profile
02-02 01:03:07.649 23409 23594 I native  : I0000 00:00:1675296187.649767   23594 device_profile_database_helpers.cc:542] Found nothing for kSx6jK
02-02 01:03:07.649 23409 23594 I native  : I0000 00:00:1675296187.649840   23594 device_profile_database_helpers.cc:542] Found nothing for dipper/dipper
02-02 01:03:07.649 23409 23594 I native  : I0000 00:00:1675296187.649862   23594 device_profile_database_helpers.cc:529] Considering 3bphL_:8
02-02 01:03:07.649 23409 23594 I native  : I0000 00:00:1675296187.649897   23594 device_profile_database_helpers.cc:488] Device profile for Xiaomi/dipper/dipper:10/QKQ1.190828.002/V12.0.3.0.QEAMIXM:user/release-keys: 3bphL_:8
02-02 01:03:07.650 23409 23594 W native  : W0000 00:00:1675296187.650575   23594 helpers.cc:4697] Defaulting to persistent calibration file.
02-02 01:03:07.650 23409 23594 W native  : W0000 00:00:1675296187.650650   23594 helpers.cc:4674] Property calibration_cad is not defined.
02-02 01:03:07.651 23409 23594 I native  : I0000 00:00:1675296187.651537   23594 device_provider.cc:3490] Identified device type: kDipper
02-02 01:03:07.653  5151  5151 I AssistHolderContentView: forceFitSystemWindows pb = 0
02-02 01:03:07.654 24249 24603 I native  : I0000 00:00:1675296187.654152   24603 session_create_implementation_shared.cc:2334] min_apk_version_code is: 202940000, phenotype flag of enable_dual_camera_support is: false, phenotype flag of unified_data_source_status is: 2, is_dual_camera_supported based on device profile is: false
02-02 01:03:07.654 24249 24603 I native  : I0000 00:00:1675296187.654215   24603 session_create_implementation_shared.cc:2345] Settings.camera_stack_option is not specified
02-02 01:03:07.654 24249 24603 I native  : I0000 00:00:1675296187.654226   24603 session_create_implementation_shared.cc:2397] Datasource will be created with camera_stack_option = kNdk
02-02 01:03:07.654 24249 24603 I native  : I0000 00:00:1675296187.654288   24603 session_create_implementation_shared.cc:2516] Persistent online recalibration is enabled by Phenotype.
02-02 01:03:07.656 24249 24603 I tflite  : Initialized TensorFlow Lite runtime.
02-02 01:03:07.656 24249 24603 E libc    : Access denied finding property "ro.hardware.chipname"
02-02 01:03:07.656 24249 24603 I tflite  : Created TensorFlow Lite XNNPACK delegate for CPU.
02-02 01:03:07.656 24249 24603 I tflite  : Replacing 2 node(s) with delegate (TfLiteXNNPackDelegate) node, yielding 1 partitions.
02-02 01:03:07.657 24249 24603 I native  : I0000 00:00:1675296187.657030   24603 online_calibration_manager.cc:108] OnlineCalibrationManager: Read online recalibration file successfully.
02-02 01:03:07.650 24249 24249 W GameThread: type=1400 audit(0.0:1629816): avc: denied { read } for name="u:object_r:vendor_default_prop:s0" dev="tmpfs" ino=15199 scontext=u:r:untrusted_app_27:s0:c192,c257,c512,c768 tcontext=u:object_r:vendor_default_prop:s0 tclass=file permissive=0
02-02 01:03:07.662 24249 24603 W any.ARImageT50: Accessing hidden method Llibcore/io/Memory;->peekLong(JZ)J (greylist, reflection, allowed)
02-02 01:03:07.662 24249 24603 W any.ARImageT50: Accessing hidden method Llibcore/io/Memory;->pokeLong(JJZ)V (greylist, reflection, allowed)
02-02 01:03:07.662 24249 24603 W any.ARImageT50: Accessing hidden method Llibcore/io/Memory;->pokeInt(JIZ)V (greylist, reflection, allowed)
02-02 01:03:07.662 24249 24603 W any.ARImageT50: Accessing hidden method Llibcore/io/Memory;->peekInt(JZ)I (greylist, reflection, allowed)
02-02 01:03:07.663 24249 24603 W any.ARImageT50: Accessing hidden method Llibcore/io/Memory;->pokeByte(JB)V (greylist, reflection, allowed)
02-02 01:03:07.663 24249 24603 W any.ARImageT50: Accessing hidden method Llibcore/io/Memory;->peekByte(J)B (greylist, reflection, allowed)
02-02 01:03:07.663 24249 24603 W any.ARImageT50: Accessing hidden method Llibcore/io/Memory;->pokeByteArray(J[BII)V (greylist, reflection, allowed)
02-02 01:03:07.663 24249 24603 W any.ARImageT50: Accessing hidden method Llibcore/io/Memory;->peekByteArray(J[BII)V (greylist, reflection, allowed)
02-02 01:03:07.663 24249 24603 W any.ARImageT50: Accessing hidden method Lsun/misc/Unsafe;->objectFieldOffset(Ljava/lang/reflect/Field;)J (greylist,core-platform-api, reflection, allowed)
02-02 01:03:07.663 24249 24603 W any.ARImageT50: Accessing hidden method Lsun/misc/Unsafe;->getLong(Ljava/lang/Object;J)J (greylist,core-platform-api, reflection, allowed)
02-02 01:03:07.663 24249 24603 W any.ARImageT50: Accessing hidden field Ljava/nio/Buffer;->address:J (greylist, reflection, allowed)
02-02 01:03:07.663 24249 24603 W any.ARImageT50: Accessing hidden method Lsun/misc/Unsafe;->arrayBaseOffset(Ljava/lang/Class;)I (greylist,core-platform-api, reflection, allowed)
02-02 01:03:07.663 24249 24603 W any.ARImageT50: Accessing hidden method Lsun/misc/Unsafe;->arrayIndexScale(Ljava/lang/Class;)I (greylist, reflection, allowed)
02-02 01:03:07.663 24249 24603 W any.ARImageT50: Accessing hidden method Lsun/misc/Unsafe;->getInt(Ljava/lang/Object;J)I (greylist, reflection, allowed)
02-02 01:03:07.663 24249 24603 W any.ARImageT50: Accessing hidden method Lsun/misc/Unsafe;->putInt(Ljava/lang/Object;JI)V (greylist, reflection, allowed)
02-02 01:03:07.663 24249 24603 W any.ARImageT50: Accessing hidden method Lsun/misc/Unsafe;->getLong(Ljava/lang/Object;J)J (greylist,core-platform-api, reflection, allowed)
02-02 01:03:07.663 24249 24603 W any.ARImageT50: Accessing hidden method Lsun/misc/Unsafe;->putLong(Ljava/lang/Object;JJ)V (greylist, reflection, allowed)
02-02 01:03:07.663 24249 24603 W any.ARImageT50: Accessing hidden method Lsun/misc/Unsafe;->getObject(Ljava/lang/Object;J)Ljava/lang/Object; (greylist, reflection, allowed)
02-02 01:03:07.663 24249 24603 W any.ARImageT50: Accessing hidden method Lsun/misc/Unsafe;->putObject(Ljava/lang/Object;JLjava/lang/Object;)V (greylist, reflection, allowed)
02-02 01:03:07.664 24249 24603 W any.ARImageT50: Accessing hidden method Lsun/misc/Unsafe;->putInt(Ljava/lang/Object;JI)V (greylist, linking, allowed)
02-02 01:03:07.664 24249 24603 W any.ARImageT50: Accessing hidden method Lsun/misc/Unsafe;->putLong(Ljava/lang/Object;JJ)V (greylist, linking, allowed)
02-02 01:03:07.664 24249 24603 W any.ARImageT50: Accessing hidden method Lsun/misc/Unsafe;->putObject(Ljava/lang/Object;JLjava/lang/Object;)V (greylist, linking, allowed)
02-02 01:03:07.664 24249 24603 W any.ARImageT50: Accessing hidden method Lsun/misc/Unsafe;->getObject(Ljava/lang/Object;J)Ljava/lang/Object; (greylist, linking, allowed)
02-02 01:03:07.664 24249 24603 W any.ARImageT50: Accessing hidden method Lsun/misc/Unsafe;->getInt(Ljava/lang/Object;J)I (greylist, linking, allowed)
02-02 01:03:07.669  5151  5151 I AssistHolderContentView: forceFitSystemWindows pb = 0
02-02 01:03:07.671 24249 24603 W ARCore-ContextUtils: The API key for use with the Google AR service could not be obtained!
02-02 01:03:07.679 24249 24603 D NetworkSecurityConfig: No Network Security Config specified, using platform default
02-02 01:03:07.686  5151  5151 I AssistHolderContentView: forceFitSystemWindows pb = 0
02-02 01:03:07.688 24249 24603 I native  : I0000 00:00:1675296187.688434   24603 session_create_implementation_shared.cc:1206] Datasource will be created with timeout = 4s, should_wait = false, should_use_greedy_recovery = true
02-02 01:03:07.688 24249 24603 I native  : I0000 00:00:1675296187.688507   24603 android_camera.cc:168] Camera start operation timeout set to 4000 ms.
02-02 01:03:07.688 24249 24603 I native  : I0000 00:00:1675296187.688555   24603 android_camera.cc:1826] Initializing camera manager.
02-02 01:03:07.690 24249 24603 E libc    : Access denied finding property "camera.nolimit.clientname"
02-02 01:03:07.690 24249 24603 E ACameraManager: [Eeee] 431@getCameraIdList available number of camera is 2. 
02-02 01:03:07.691 24249 24603 E ACameraMetadata: filterDurations: malformed duration key 1638402! count 0, type 3
02-02 01:03:07.691 24249 24603 E ACameraMetadata: filterDurations: malformed duration key 1638403! count 0, type 3
02-02 01:03:07.691 24249 24603 E ACameraMetadata: filterDurations: malformed duration key 1835009! count 0, type 3
02-02 01:03:07.691 24249 24603 E ACameraMetadata: filterDurations: malformed duration key 1835010! count 0, type 3
02-02 01:03:07.691 24249 24603 E ACameraMetadata: filterDurations: malformed duration key 1638407! count 0, type 3
02-02 01:03:07.691 24249 24603 E ACameraMetadata: filterDurations: malformed duration key 1638408! count 0, type 3
02-02 01:03:07.692 24249 24603 E ACameraMetadata: filterDurations: malformed duration key 1638402! count 0, type 3
02-02 01:03:07.692 24249 24603 E ACameraMetadata: filterDurations: malformed duration key 1638403! count 0, type 3
02-02 01:03:07.692 24249 24603 E ACameraMetadata: filterDurations: malformed duration key 1835009! count 0, type 3
02-02 01:03:07.692 24249 24603 E ACameraMetadata: filterDurations: malformed duration key 1835010! count 0, type 3
02-02 01:03:07.692 24249 24603 E ACameraMetadata: filterDurations: malformed duration key 1638407! count 0, type 3
02-02 01:03:07.692 24249 24603 E ACameraMetadata: filterDurations: malformed duration key 1638408! count 0, type 3
02-02 01:03:07.692 24249 24603 E ACameraMetadata: filterDurations: malformed duration key 1638402! count 0, type 3
02-02 01:03:07.692 24249 24603 E ACameraMetadata: filterDurations: malformed duration key 1638403! count 0, type 3
02-02 01:03:07.692 24249 24603 E ACameraMetadata: filterDurations: malformed duration key 1835009! count 0, type 3
02-02 01:03:07.692 24249 24603 E ACameraMetadata: filterDurations: malformed duration key 1835010! count 0, type 3
02-02 01:03:07.692 24249 24603 E ACameraMetadata: filterDurations: malformed duration key 1638407! count 0, type 3
02-02 01:03:07.692 24249 24603 E ACameraMetadata: filterDurations: malformed duration key 1638408! count 0, type 3
02-02 01:03:07.692 24249 24603 E ACameraMetadata: filterDurations: malformed duration key 1638402! count 0, type 3
02-02 01:03:07.692 24249 24603 E ACameraMetadata: filterDurations: malformed duration key 1638403! count 0, type 3
02-02 01:03:07.692 24249 24603 E ACameraMetadata: filterDurations: malformed duration key 1835009! count 0, type 3
02-02 01:03:07.692 24249 24603 E ACameraMetadata: filterDurations: malformed duration key 1835010! count 0, type 3
02-02 01:03:07.692 24249 24603 E ACameraMetadata: filterDurations: malformed duration key 1638407! count 0, type 3
02-02 01:03:07.692 24249 24603 E ACameraMetadata: filterDurations: malformed duration key 1638408! count 0, type 3
02-02 01:03:07.693 24249 24603 I native  : I0000 00:00:1675296187.693044   24603 android_camera.cc:1852] Camera manager initialized successfully with 2 cameras.
02-02 01:03:07.694 24249 24603 I native  : I0000 00:00:1675296187.694091   24603 imagereader_ndk_wrapper.cc:47] Loading Android NDK 26 symbols from libmediandk.so
02-02 01:03:07.695 24249 24603 I native  : I0000 00:00:1675296187.695061   24603 imagereader_ndk_wrapper.cc:70] Successfully loaded Android NDK 26 libmediandk.so symbols.
02-02 01:03:07.695 24249 24603 I native  : I0000 00:00:1675296187.695091   24603 cameras.cc:121] Number of hardware buffers is 16. sdk_version=29, is_hardware_buffer_supported=true
02-02 01:03:07.697 24249 24603 I native  : I0000 00:00:1675296187.697381   24603 android_sensors.cc:136] Using uncalibrated accelerometer.
02-02 01:03:07.697 24249 24603 I native  : I0000 00:00:1675296187.697505   24603 android_sensors.cc:175] Uncalibrated magnetometer available.
02-02 01:03:07.697 24249 24603 I native  : I0000 00:00:1675296187.697554   24603 android_sensors.cc:179] Calibrated magnetometer available.
02-02 01:03:07.697 24249 24603 I native  : I0000 00:00:1675296187.697637   24603 android_sensors.cc:192] Using SENSOR_TYPE_LIGHT
02-02 01:03:07.697 24249 24603 I native  : I0000 00:00:1675296187.697711   24603 android_sensors.cc:192] Using SENSOR_TYPE_PRESSURE
02-02 01:03:07.697 24249 24603 I native  : I0000 00:00:1675296187.697787   24603 android_sensors.cc:192] Using SENSOR_TYPE_PROXIMITY
02-02 01:03:07.697 24249 24603 I native  : I0000 00:00:1675296187.697865   24603 android_sensors.cc:192] Using SENSOR_TYPE_GRAVITY
02-02 01:03:07.697 24249 24603 I native  : I0000 00:00:1675296187.697942   24603 android_sensors.cc:192] Using SENSOR_TYPE_ROTATION_VECTOR
02-02 01:03:07.697 24249 24603 I native  : I0000 00:00:1675296187.697990   24603 android_sensors.cc:192] Using SENSOR_TYPE_GAME_ROTATION_VECTOR
02-02 01:03:07.698 24249 24603 I native  : I0000 00:00:1675296187.698050   24603 android_sensors.cc:192] Using SENSOR_TYPE_GEOMAGNETIC_ROTATION_VECTOR
02-02 01:03:07.698 24249 24603 I native  : I0000 00:00:1675296187.698127   24603 android_sensors.cc:192] Using SENSOR_TYPE_STEP_DETECTOR
02-02 01:03:07.699 24249 24603 I native  : I0000 00:00:1675296187.699864   24603 android_platform_checks.cc:206] IsZeroRotationLandscape = false
02-02 01:03:07.700 24249 24603 I native  : I0000 00:00:1675296187.700542   24603 app_version_util.cc:50] Package name: com.google.ar.core App version: 1.35.223110423
02-02 01:03:07.700 24249 24603 I native  : I0000 00:00:1675296187.700698   24603 logger.h:28] DataSourceMetrics: CamerasInit: 20.052us
02-02 01:03:07.700 24249 24603 I native  : I0000 00:00:1675296187.700723   24603 session_create_implementation_shared.cc:1525] CPU Image enable frame delay to compensate delay: true
02-02 01:03:07.702  5151  5151 I AssistHolderContentView: forceFitSystemWindows pb = 0
02-02 01:03:07.703   566   566 E SELinux : avc:  denied  { find } for interface=vendor.qti.hardware.servicetracker::IServicetracker sid=u:r:system_server:s0 pid=1976 scontext=u:r:system_server:s0 tcontext=u:object_r:default_android_hwservice:s0 tclass=hwservice_manager permissive=0
02-02 01:03:07.707  1976  4524 D CompatibilityInfo: mCompatibilityFlags - 0
02-02 01:03:07.707  1976  4524 D CompatibilityInfo: applicationDensity - 440
02-02 01:03:07.707  1976  4524 D CompatibilityInfo: applicationScale - 1.0
02-02 01:03:07.709   566   566 E SELinux : avc:  denied  { find } for interface=vendor.qti.hardware.servicetracker::IServicetracker sid=u:r:system_server:s0 pid=1976 scontext=u:r:system_server:s0 tcontext=u:object_r:default_android_hwservice:s0 tclass=hwservice_manager permissive=0
02-02 01:03:07.719 24249 24603 I native  : I0000 00:00:1675296187.719039   24603 config_helpers.cc:424] Legacy IMU sigma values are used
02-02 01:03:07.720  5151  5151 I AssistHolderContentView: forceFitSystemWindows pb = 0
02-02 01:03:07.720 24249 24603 I native  : I0000 00:00:1675296187.720235   24603 feature_matcher_and_filter.cc:88] Enabled the robustification to large-sized and fast-moving objects on this mono-camera device.
02-02 01:03:07.722 24249 24603 I tflite  : Replacing 3 node(s) with delegate (TfLiteXNNPackDelegate) node, yielding 1 partitions.
02-02 01:03:07.722 24249 24603 I native  : I0000 00:00:1675296187.722552   24603 pose_confidence_estimator.cc:231] Pose confidence model loaded successfully
02-02 01:03:07.736  5151  5151 I AssistHolderContentView: forceFitSystemWindows pb = 0
02-02 01:03:07.821  5151  5151 I chatty  : uid=1000(system) com.mi.android.globalminusscreen identical 5 lines
02-02 01:03:07.837  5151  5151 I AssistHolderContentView: forceFitSystemWindows pb = 0
02-02 01:03:07.842 24249 24603 I native  : I0000 00:00:1675296187.842868   24603 asset_manager_util.cc:59] Created global reference to asset manager.
02-02 01:03:07.842 24249 24603 I native  : I0000 00:00:1675296187.842935   24603 session_create_implementation_shared.cc:1553] Normal detector created.
02-02 01:03:07.847 24249 24603 I native  : I0000 00:00:1675296187.847828   24603 planar_target_tracking_manager.h:116] Config of PlanarTargetTrackingManager:
02-02 01:03:07.847 24249 24603 I native  : -pose_refinement_with_detection_interval_ns: 0
02-02 01:03:07.847 24249 24603 I native  : -min_interval_between_detections_ns: 500000000
02-02 01:03:07.847 24249 24603 I native  : -filter_parallax: false
02-02 01:03:07.847 24249 24603 I native  : -filter_result: true
02-02 01:03:07.847 24249 24603 I native  : -multiple_targets: true
02-02 01:03:07.847 24249 24603 I native  : -mini_detection: true
02-02 01:03:07.847 24249 24603 I native  : -tracking_mode: 1
02-02 01:03:07.847 24249 24603 I native  : -camera_id: 0
02-02 01:03:07.850   566   566 E SELinux : avc:  denied  { find } for interface=vendor.qti.hardware.servicetracker::IServicetracker sid=u:r:system_server:s0 pid=1976 scontext=u:r:system_server:s0 tcontext=u:object_r:default_android_hwservice:s0 tclass=hwservice_manager permissive=0
02-02 01:03:07.853  1976  2635 D CompatibilityInfo: mCompatibilityFlags - 0
02-02 01:03:07.853  1976  2635 D CompatibilityInfo: applicationDensity - 440
02-02 01:03:07.853  1976  2635 D CompatibilityInfo: applicationScale - 1.0
02-02 01:03:07.854   566   566 E SELinux : avc:  denied  { find } for interface=vendor.qti.hardware.servicetracker::IServicetracker sid=u:r:system_server:s0 pid=1976 scontext=u:r:system_server:s0 tcontext=u:object_r:default_android_hwservice:s0 tclass=hwservice_manager permissive=0
02-02 01:03:07.857 24249 24603 W native  : W0000 00:00:1675296187.857321   24603 session.cc:3239] Unknown engine type 'Unreal Engine'
02-02 01:03:07.857 24249 24603 I native  : I0000 00:00:1675296187.857409   24603 camera_config_manager.cc:719] UpdateBugFixes on CameraConfigManager is unimplemented!
02-02 01:03:07.857  5151  5151 I AssistHolderContentView: forceFitSystemWindows pb = 0
02-02 01:03:07.858 24249 24603 D UE      : [2023.02.02-00.03.07:858][  1]LogGoogleARCore: Created external camera texture of size (1920 x 1440) with texture Id (163) and external texture Guid (9138006541B94077A8BE23E556C9EEC5)
02-02 01:03:07.859 24249 24603 D UE      : [2023.02.02-00.03.07:859][  1]LogGoogleARCore: Created external camera texture of size (1920 x 1440) with texture Id (164) and external texture Guid (A1C2572869154833861C7C3B11EFB7C2)
02-02 01:03:07.859 24249 24603 D UE      : [2023.02.02-00.03.07:859][  1]LogGoogleARCore: Created external camera texture of size (1920 x 1440) with texture Id (165) and external texture Guid (B9BC7FAD3DCC423985EB47C3D58AC034)
02-02 01:03:07.859 24249 24603 D UE      : [2023.02.02-00.03.07:859][  1]LogGoogleARCore: Created external camera texture of size (1920 x 1440) with texture Id (166) and external texture Guid (32443825D0EA4C36B325090D069C09DD)
02-02 01:03:07.865 23409 23409 W ARCore.Analytics: Log Source: PJgQUl1CRhj8-rGlwtloKA==
02-02 01:03:07.870  5151  5151 I AssistHolderContentView: forceFitSystemWindows pb = 0
02-02 01:03:07.871   566   566 E SELinux : avc:  denied  { find } for interface=vendor.qti.hardware.servicetracker::IServicetracker sid=u:r:system_server:s0 pid=1976 scontext=u:r:system_server:s0 tcontext=u:object_r:default_android_hwservice:s0 tclass=hwservice_manager permissive=0
02-02 01:03:07.875 16784 16784 D BoundBrokerSvc: onBind: Intent { act=com.google.android.mobstore.service.START pkg=com.google.android.gms }
02-02 01:03:07.875 16784 16784 D BoundBrokerSvc: Loading bound service for intent: Intent { act=com.google.android.mobstore.service.START pkg=com.google.android.gms }
02-02 01:03:07.877 24249 24603 I native  : I0000 00:00:1675296187.877020   24603 session.cc:560] New session config:
02-02 01:03:07.877 24249 24603 I native  : ArConfig
02-02 01:03:07.877 24249 24603 I native  :  augmented_face_mode:           AR_AUGMENTED_FACE_MODE_DISABLED
02-02 01:03:07.877 24249 24603 I native  :  augmented_image_database:      [2 images]
02-02 01:03:07.877 24249 24603 I native  :  cloud_anchor_mode:             AR_CLOUD_ANCHOR_MODE_DISABLED
02-02 01:03:07.877 24249 24603 I native  :  depth_mode:                    AR_DEPTH_MODE_DISABLED
02-02 01:03:07.877 24249 24603 I native  :  semantics_mode:                AR_SEMANTICS_MODE_DISABLED
02-02 01:03:07.877 24249 24603 I native  :  focus_mode:                    AR_FOCUS_MODE_AUTO
02-02 01:03:07.877 24249 24603 I native  :  geospatial_mode:               AR_GEOSPATIAL_MODE_DISABLED
02-02 01:03:07.877 24249 24603 I native  :  instant_placement_mode:        AR_INSTANT_PLACEMENT_MODE_DISABLED
02-02 01:03:07.877 24249 24603 I native  :  light_estimation_mode:         AR_LIGHT_ESTIMATION_MODE_AMBIENT_INTENSITY
02-02 01:03:07.877 24249 24603 I native  :  plane_finding_mode:            AR_PLANE_FINDING_MODE_HORIZONTAL_AND_VERTICAL
02-02 01:03:07.877 24249 24603 I native  :  update_mode:                   AR_UPDATE_MODE_BLOCKING
02-02 01:03:07.877 24249 24603 I native  : I0000 00:00:1675296187.877119   24603 session.cc:553] Session::CheckAndWriteCurrentConfig returning OK.
02-02 01:03:07.877 24249 24603 D UE      : [2023.02.02-00.03.07:877][  1]LogGoogleARCore: Got 3 supported camera config from ARCore:
02-02 01:03:07.877 24249 24603 D UE      : [2023.02.02-00.03.07:877][  1]LogGoogleARCore: 1: CameraImageResolution (640 x 480), CameraTextureResolution (1920 x 1440), CameraID (0), TargetFPS Mode (1, 30 Max FPS), DepthSensorUsage Mode (2)
02-02 01:03:07.877 24249 24603 D UE      : [2023.02.02-00.03.07:877][  1]LogGoogleARCore: 2: CameraImageResolution (1280 x 960), CameraTextureResolution (1920 x 1440), CameraID (0), TargetFPS Mode (1, 30 Max FPS), DepthSensorUsage Mode (2)
02-02 01:03:07.877 24249 24603 D UE      : [2023.02.02-00.03.07:877][  1]LogGoogleARCore: 3: CameraImageResolution (1920 x 1440), CameraTextureResolution (1920 x 1440), CameraID (0), TargetFPS Mode (1, 30 Max FPS), DepthSensorUsage Mode (2)
02-02 01:03:07.877 24249 24603 I native  : I0000 00:00:1675296187.877410   24603 session.cc:1227] Entering Session::Resume.
02-02 01:03:07.877   566   566 E SELinux : avc:  denied  { find } for interface=vendor.qti.hardware.servicetracker::IServicetracker sid=u:r:system_server:s0 pid=1976 scontext=u:r:system_server:s0 tcontext=u:object_r:default_android_hwservice:s0 tclass=hwservice_manager permissive=0
02-02 01:03:07.877 24249 24603 I native  : I0000 00:00:1675296187.877977   24603 camera_config_manager.cc:719] UpdateBugFixes on CameraConfigManager is unimplemented!
02-02 01:03:07.878 24249 24603 I native  : I0000 00:00:1675296187.878190   24603 pursuit_tracker.cc:1516] AugmentedRegion config changed, enabled:1, quad:true, downsample:true, global reacquisition:false, lite mode:false, adaptive frame delay:false, interpolation:true, feature match stats:false, sharpness score computation:false, enable_pursuit_higher_frequent_reacquisition_on_roi:false, enable_profiling:false
02-02 01:03:07.878  1976  6278 D CompatibilityInfo: mCompatibilityFlags - 0
02-02 01:03:07.878  1976  6278 D CompatibilityInfo: applicationDensity - 440
02-02 01:03:07.878  1976  6278 D CompatibilityInfo: applicationScale - 1.0
02-02 01:03:07.879 24249 24702 W native  : W0000 00:00:1675296187.879243   24702 motion_analysis_calculator.cc:386] No input video header found. Downstream calculators expecting video headers are likely to fail.
02-02 01:03:07.879   566   566 E SELinux : avc:  denied  { find } for interface=vendor.qti.hardware.servicetracker::IServicetracker sid=u:r:system_server:s0 pid=1976 scontext=u:r:system_server:s0 tcontext=u:object_r:default_android_hwservice:s0 tclass=hwservice_manager permissive=0
02-02 01:03:07.882   566   566 I chatty  : uid=1000(system) hwservicemanage identical 1 line
02-02 01:03:07.885   566   566 E SELinux : avc:  denied  { find } for interface=vendor.qti.hardware.servicetracker::IServicetracker sid=u:r:system_server:s0 pid=1976 scontext=u:r:system_server:s0 tcontext=u:object_r:default_android_hwservice:s0 tclass=hwservice_manager permissive=0
02-02 01:03:07.887  5151  5151 I AssistHolderContentView: forceFitSystemWindows pb = 0
02-02 01:03:07.889 24249 24603 I CameraManagerGlobal: Connecting to camera service
02-02 01:03:07.891 24249 24603 E libc    : Access denied finding property "camera.aux.packagelist"
02-02 01:03:07.891 24249 24603 I chatty  : uid=10448(com.YourCompany.ARImageT503) identical 1 line
02-02 01:03:07.892 24249 24603 E libc    : Access denied finding property "camera.aux.packagelist"
02-02 01:03:07.892 24249 24603 W CameraManagerGlobal: [soar.cts] ignore the status update of camera: 2
02-02 01:03:07.892 24249 24603 E libc    : Access denied finding property "camera.aux.packagelist"
02-02 01:03:07.892 24249 24603 W CameraManagerGlobal: [soar.cts] ignore the status update of camera: 3
02-02 01:03:07.892 24249 24603 E libc    : Access denied finding property "camera.aux.packagelist"
02-02 01:03:07.892 24249 24603 W CameraManagerGlobal: [soar.cts] ignore the status update of camera: 4
02-02 01:03:07.892 24249 24603 E libc    : Access denied finding property "camera.aux.packagelist"
02-02 01:03:07.892 24249 24603 W CameraManagerGlobal: [soar.cts] ignore the status update of camera: 5
02-02 01:03:07.892 24249 24670 E libc    : Access denied finding property "camera.aux.packagelist"
02-02 01:03:07.892 24249 24670 E libc    : Access denied finding property "camera.aux.packagelist"
02-02 01:03:07.892 24249 24670 W CameraManagerGlobal: ignore the torch status update of camera: 2
02-02 01:03:07.892 24249 24670 E libc    : Access denied finding property "camera.aux.packagelist"
02-02 01:03:07.892 24249 24670 W CameraManagerGlobal: ignore the torch status update of camera: 3
02-02 01:03:07.892 24249 24670 E libc    : Access denied finding property "camera.aux.packagelist"
02-02 01:03:07.892 24249 24670 W CameraManagerGlobal: ignore the torch status update of camera: 4
02-02 01:03:07.894 24249 24603 I native  : I0000 00:00:1675296187.894368   24603 session.cc:3504] Update Frame Delay to 3 frames.
02-02 01:03:07.894 24249 24675 I native  : I0000 00:00:1675296187.894566   24675 android_camera.cc:762] [Camera=0; State=CLOSED] Reset cleanly got to CLOSED state.
02-02 01:03:07.894 24249 24603 I native  : I0000 00:00:1675296187.894604   24603 android_sensors.cc:214] Starting thread.
02-02 01:03:07.894 24249 24603 I native  : I0000 00:00:1675296187.894683   24603 cameras.cc:1199] Included camera stream {camera_id = "0", stream_index = 0} as feature extraction streams.
02-02 01:03:07.894 24249 24603 I native  : I0000 00:00:1675296187.894743   24603 logger.h:28] DataSourceMetrics: kStartImageSubSystem: 65.677us
02-02 01:03:07.894 24249 24603 I native  : I0000 00:00:1675296187.894822   24603 session.cc:1415] Session::ResumeWithAnalytics returning OK.
02-02 01:03:07.895 24249 24603 D UE      : [2023.02.02-00.03.07:895][  1]LogGoogleARCore: ARCore session started successfully.
02-02 01:03:07.895   566   566 E SELinux : avc:  denied  { find } for interface=vendor.qti.hardware.servicetracker::IServicetracker sid=u:r:system_server:s0 pid=1976 scontext=u:r:system_server:s0 tcontext=u:object_r:default_android_hwservice:s0 tclass=hwservice_manager permissive=0
02-02 01:03:07.895 24249 24603 I native  : I0000 00:00:1675296187.895143   24603 session.cc:3504] Update Frame Delay to 3 frames.
02-02 01:03:07.895 24249 24675 E ACameraMetadata: filterDurations: malformed duration key 1638402! count 0, type 3
02-02 01:03:07.895 24249 24675 E ACameraMetadata: filterDurations: malformed duration key 1638403! count 0, type 3
02-02 01:03:07.895 24249 24675 E ACameraMetadata: filterDurations: malformed duration key 1835009! count 0, type 3
02-02 01:03:07.895 24249 24675 E ACameraMetadata: filterDurations: malformed duration key 1835010! count 0, type 3
02-02 01:03:07.895 24249 24675 E ACameraMetadata: filterDurations: malformed duration key 1638407! count 0, type 3
02-02 01:03:07.895 24249 24675 E ACameraMetadata: filterDurations: malformed duration key 1638408! count 0, type 3
02-02 01:03:07.895  1976  2635 I SensorService: check list, getPackageName  unknown_package_pid_24249
02-02 01:03:07.895  1039  2989 I CameraService: CameraService::connect call (PID -1 "", camera ID 0) for HAL version default and Camera API version 2
02-02 01:03:07.896  1039  2989 I Camera2ClientBase: Camera 0: Opened. Client:  (PID 24249, UID 10448)
02-02 01:03:07.896  1039  2989 I CameraDeviceClient: CameraDeviceClient 0: Opened
02-02 01:03:07.897 16784 16784 D BoundBrokerSvc: onBind: Intent { act=com.google.android.gms.mdisync.service.START dat=chimera-action: cmp=com.google.android.gms/.chimera.GmsApiService }
02-02 01:03:07.897 16784 16784 D BoundBrokerSvc: Loading bound service for intent: Intent { act=com.google.android.gms.mdisync.service.START dat=chimera-action: cmp=com.google.android.gms/.chimera.GmsApiService }
02-02 01:03:07.897   788   908 I sensors-hal: batch:180, android.sensor.gyroscope_uncalibrated/40, period=200000000, max_latency=0
02-02 01:03:07.897   788   908 I sensors-hal: batch:189, android.sensor.gyroscope_uncalibrated/40, period=200000000, max_latency=0 request completed
02-02 01:03:07.898   788   908 I sensors-hal: activate:147, android.sensor.gyroscope_uncalibrated/40 en=1
02-02 01:03:07.898   788   908 I sensors-hal: get_qmi_debug_flag:230, support_qmi_debug : false
02-02 01:03:07.899  1039  2989 I CameraService: onTorchStatusChangedLocked: Torch status changed for cameraId=0, newStatus=0
02-02 01:03:07.900 24249 24670 E libc    : Access denied finding property "camera.aux.packagelist"
02-02 01:03:07.900 24249 24670 E libc    : Access denied finding property "camera.aux.packagelist"
02-02 01:03:07.900  1039  2989 I CameraProviderManager: Camera device device@3.3/legacy/0 torch status is now NOT_AVAILABLE
02-02 01:03:07.900  1039  2989 I CameraService: onTorchStatusChangedLocked: Torch status changed for cameraId=0, newStatus=0
02-02 01:03:07.900   774  2189 D OisGyroUtils: Enable gyro sensor E
02-02 01:03:07.901   774  2189 I sensors : get_qmi_debug_flag:230, support_qmi_debug : false
02-02 01:03:07.901   770   949 D audio_hw_primary: adev_set_parameters: enter: cameraFacing=back
02-02 01:03:07.901   770   949 V msm8974_platform: platform_set_parameters: enter: cameraFacing=back
02-02 01:03:07.901   770   949 D audio_hw_hfp: hfp_set_parameters: enter
02-02 01:03:07.901   770   949 D audio_hw_hfp: hfp_set_parameters: enter
02-02 01:03:07.901   770   949 D audio_hw_extn: audio_extn_fm_set_parameters: Enter
02-02 01:03:07.901   770   949 D audio_hw_hfp: hfp_set_parameters: enter
02-02 01:03:07.901   770   949 V ultrasound_extn: ultrasound_extn_set_parameters: enter
02-02 01:03:07.901   788   908 I sensors-hal: get_qmi_debug_flag:230, support_qmi_debug : false
02-02 01:03:07.903  5151  5151 I AssistHolderContentView: forceFitSystemWindows pb = 0
02-02 01:03:07.903 16784 18632 I MdiSyncModule: Receiving API connection from package 'com.google.ar.core'...
02-02 01:03:07.904   770   949 V ultrasound_extn: ultrasound_handle_screen_on_message: enter
02-02 01:03:07.904   770   949 V ultrasound_extn: ultrasound_handle_screen_on_message: exit
02-02 01:03:07.904   770   949 V ultrasound_extn: ultrasound_handle_sensor_fusion_message: enter
02-02 01:03:07.904   770   949 V ultrasound_extn: ultrasound_handle_sensor_fusion_message: exit
02-02 01:03:07.904   770   949 V ultrasound_extn: ultrasound_extn_set_parameters: usecase handling parms:cameraFacing=back
02-02 01:03:07.904 16784 18632 I MdiSyncModule: API connection successful!
02-02 01:03:07.905 16784 18437 I MdiSyncModule: Receiving API connection from package 'com.google.ar.core'...
02-02 01:03:07.905 16784 18437 I MdiSyncModule: API connection successful!
02-02 01:03:07.905   788   908 I sensors-hal: get_qmi_debug_flag:230, support_qmi_debug : false
02-02 01:03:07.906   774 14698 E OisGyroUtils: datatype ois_gyro
02-02 01:03:07.909   788   908 I sensors-hal: activate:158, android.sensor.gyroscope_uncalibrated/40 en=1 completed
02-02 01:03:07.909 24249 24709 I native  : I0000 00:00:1675296187.909513   24709 android_sensors.cc:53] Gyro min delay 2.5ms requesting 5ms
02-02 01:03:07.909   774  2189 D OisGyroUtils: Enable gyro sensor X
02-02 01:03:07.909   774  2189 I CHIUSECASE: chxperf.cpp:418 AcquirePerfLock() Acquire perflock type: 0
02-02 01:03:07.909   788   908 I sensors-hal: batch:180, android.sensor.gyroscope_uncalibrated/40, period=5000000, max_latency=0
02-02 01:03:07.909   774 14698 E OisGyroUtils: datatype ois_accel
02-02 01:03:07.910   774  2189 I CHIUSECASE: chxperf.cpp:632 AcquirePerfLock() Perflock handle: 21380, updated refCount: 80
02-02 01:03:07.910 23409 24713 W PeopleDeviceAccounts: Processing 2 accounts
02-02 01:03:07.910   774  2189 E libc    : Access denied finding property "ro.camera.req.fmq.size"
02-02 01:03:07.910   774  2189 E libc    : Access denied finding property "ro.camera.res.fmq.size"
02-02 01:03:07.912 24249 24675 I native  : I0000 00:00:1675296187.912235   24675 logger.h:28] CameraMetrics: OpenCamera: 17.18849ms
02-02 01:03:07.912 24249 24675 I native  : I0000 00:00:1675296187.912598   24675 camera_ndk_wrapper.cc:29] Loading Android NDK 28 symbols from libcamera2ndk.so
02-02 01:03:07.913 24249 24675 I native  : I0000 00:00:1675296187.913235   24675 camera_ndk_wrapper.cc:49] Successfully loaded Android NDK 28 libcamera2ndk.so symbols.
02-02 01:03:07.913   566   566 E SELinux : avc:  denied  { find } for interface=vendor.qti.hardware.servicetracker::IServicetracker sid=u:r:system_server:s0 pid=1976 scontext=u:r:system_server:s0 tcontext=u:object_r:default_android_hwservice:s0 tclass=hwservice_manager permissive=0
02-02 01:03:07.914  1039 22699 W CameraDeviceClient: createSurfaceFromGbp: Camera 0 with consumer usage flag: 256: Forcing asynchronous mode for stream
02-02 01:03:07.914   788   908 I sensors-hal: batch:189, android.sensor.gyroscope_uncalibrated/40, period=5000000, max_latency=0 request completed
02-02 01:03:07.914   774  2189 I CHIUSECASE: chxextensionmodule.cpp:2265 InitializeOverrideSession() BatchSize: 1 FPS: 30 SkipPattern: 1
02-02 01:03:07.914   774  2189 E CHIUSECASE: chxextensionmodule.cpp:2271 InitializeOverrideSession() app configure operation: 0
02-02 01:03:07.914   774  2189 I CHIUSECASE: chxextensionmodule.cpp:2309 InitializeOverrideSession() Set Request Timeout is 80000
02-02 01:03:07.915   788   908 I sensors-hal: batch:180, android.sensor.accelerometer_uncalibrated/52, period=200000000, max_latency=0
02-02 01:03:07.915   788   908 I sensors-hal: batch:189, android.sensor.accelerometer_uncalibrated/52, period=200000000, max_latency=0 request completed
02-02 01:03:07.915   788   908 I sensors-hal: activate:147, android.sensor.accelerometer_uncalibrated/52 en=1
02-02 01:03:07.915   788   908 I sensors-hal: get_qmi_debug_flag:230, support_qmi_debug : false
02-02 01:03:07.919   566   566 E SELinux : avc:  denied  { find } for interface=vendor.qti.hardware.servicetracker::IServicetracker sid=u:r:system_server:s0 pid=1976 scontext=u:r:system_server:s0 tcontext=u:object_r:default_android_hwservice:s0 tclass=hwservice_manager permissive=0
02-02 01:03:07.919   774  2189 E CHIUSECASE: chxextensionmodule.cpp:2345 InitializeOverrideSession() app configure stream = 0xe58d1254 streamType = 0 streamFormat = 35 streamWidth = 640 streamHeight = 480, usage 0x3, max_buffers 0
02-02 01:03:07.920   774  2189 E CHIUSECASE: chxextensionmodule.cpp:2345 InitializeOverrideSession() app configure stream = 0xe58d12b4 streamType = 0 streamFormat = 34 streamWidth = 1920 streamHeight = 1440, usage 0x100, max_buffers 0
02-02 01:03:07.920   774  2189 I CHIUSECASE: chxusecaseutils.cpp:581 GetMatchingUsecase() ZSL usecase selected
02-02 01:03:07.920   774  2189 E CHIUSECASE: chxadvancedcamerausecase.cpp:3717 PortDescriptorInfoMemcpy() Memcpy ChiTargetPortDescriptorInfo is NULL
02-02 01:03:07.920   774 24735 I CHIUSECASE: chxfeaturezsl.cpp:842 RequestThreadProcessing() RequestThreadProcessing Entered
02-02 01:03:07.920   774  2189 E libc    : Access denied finding property "persist.debug.sf.showfps"
02-02 01:03:07.920  5151  5151 I AssistHolderContentView: forceFitSystemWindows pb = 0
02-02 01:03:07.921   774  2189 E         : DetermineFrameDelay frameDelay = 0
02-02 01:03:07.921   788   908 I sensors-hal: activate:158, android.sensor.accelerometer_uncalibrated/52 en=1 completed
02-02 01:03:07.921   774  2189 E         : DetermineFrameDelay frameDelay = 0
02-02 01:03:07.921   774  2189 D CamX    : [DEBUG][CORE   ] camxpipeline.cpp:98 ~Pipeline() deconstruct pipeline: 0xe0680000
02-02 01:03:07.921   774  2189 D CamX    : [DEBUG][CORE   ] camxpipeline.cpp:1251 DestroyNodes() node IPE0 Destroy Started!
02-02 01:03:07.921   774  2189 D CamX    : [DEBUG][CORE   ] camxpipeline.cpp:1256 DestroyNodes() node IPE0 Destroy Done!
02-02 01:03:07.921   774  2189 D CamX    : [DEBUG][CORE   ] camxpipeline.cpp:1251 DestroyNodes() node BPS0 Destroy Started!
02-02 01:03:07.921   774  2189 D CamX    : [DEBUG][CORE   ] camxpipeline.cpp:1256 DestroyNodes() node BPS0 Destroy Done!
02-02 01:03:07.921 24249 24709 I native  : I0000 00:00:1675296187.921570   24709 android_sensors.cc:53] Accel min delay 2.5ms requesting 5ms
02-02 01:03:07.921   774  2189 E CHIUSECASE: chxadvancedcamerausecase.cpp:2449 PipelineCreated() MULTIFRAME AdvancedCameraUsecase pipelineId: 0
02-02 01:03:07.921   788   908 I sensors-hal: batch:180, android.sensor.accelerometer_uncalibrated/52, period=5000000, max_latency=0
02-02 01:03:07.922   774  2189 E         : DetermineFrameDelay frameDelay = 0
02-02 01:03:07.922   774  2189 I chatty  : uid=1047(cameraserver) HwBinder:774_1 identical 2 lines
02-02 01:03:07.922   774  2189 E         : DetermineFrameDelay frameDelay = 0
02-02 01:03:07.922   774  2189 D CamX    : [DEBUG][CORE   ] camxpipeline.cpp:98 ~Pipeline() deconstruct pipeline: 0xe0680000
02-02 01:03:07.922   774  2189 E CamX    : [ERROR][HAL    ] camxpipeline.cpp:1236 DestroyNodes() QDEBUG We destroy FDManager first
02-02 01:03:07.922   774  2189 D CamX    : [DEBUG][CORE   ] camxpipeline.cpp:1251 DestroyNodes() node Sensor0 Destroy Started!
02-02 01:03:07.922   774  2189 D CamX    : [DEBUG][CORE   ] camxpipeline.cpp:1256 DestroyNodes() node Sensor0 Destroy Done!
02-02 01:03:07.922   774  2189 D CamX    : [DEBUG][CORE   ] camxpipeline.cpp:1251 DestroyNodes() node Stats0 Destroy Started!
02-02 01:03:07.922   774  2189 D CamX    : [DEBUG][CORE   ] camxpipeline.cpp:1256 DestroyNodes() node Stats0 Destroy Done!
02-02 01:03:07.922   774  2189 D CamX    : [DEBUG][CORE   ] camxpipeline.cpp:1251 DestroyNodes() node AutoFocus0 Destroy Started!
02-02 01:03:07.922   774  2189 D CamX    : [DEBUG][CORE   ] camxpipeline.cpp:1256 DestroyNodes() node AutoFocus0 Destroy Done!
02-02 01:03:07.922   774  2189 D CamX    : [DEBUG][CORE   ] camxpipeline.cpp:1251 DestroyNodes() node IFE0 Destroy Started!
02-02 01:03:07.922   774  2189 D CamX    : [DEBUG][CORE   ] camxpipeline.cpp:1256 DestroyNodes() node IFE0 Destroy Done!
02-02 01:03:07.923   774  2189 D CamX    : [DEBUG][CORE   ] camxpipeline.cpp:1251 DestroyNodes() node IPE0 Destroy Started!
02-02 01:03:07.923   774  2189 D CamX    : [DEBUG][CORE   ] camxpipeline.cpp:1256 DestroyNodes() node IPE0 Destroy Done!
02-02 01:03:07.923   774  2189 D CamX    : [DEBUG][CORE   ] camxpipeline.cpp:1251 DestroyNodes() node FDHw0 Destroy Started!
02-02 01:03:07.923   774  2189 D CamX    : [DEBUG][CORE   ] camxpipeline.cpp:1256 DestroyNodes() node FDHw0 Destroy Done!
02-02 01:03:07.923   774  2189 D CamX    : [DEBUG][CORE   ] camxpipeline.cpp:1251 DestroyNodes() node StatsParse0 Destroy Started!
02-02 01:03:07.923   774  2189 D CamX    : [DEBUG][CORE   ] camxpipeline.cpp:1256 DestroyNodes() node StatsParse0 Destroy Done!
02-02 01:03:07.923   774  2189 E CHIUSECASE: chxadvancedcamerausecase.cpp:2449 PipelineCreated() MULTIFRAME AdvancedCameraUsecase pipelineId: 1
02-02 01:03:07.923   774  2189 E         : DetermineFrameDelay frameDelay = 0
02-02 01:03:07.923   774  2189 I chatty  : uid=1047(cameraserver) HwBinder:774_1 identical 1 line
02-02 01:03:07.924   774  2189 E         : DetermineFrameDelay frameDelay = 0
02-02 01:03:07.924   788   908 I sensors-hal: batch:189, android.sensor.accelerometer_uncalibrated/52, period=5000000, max_latency=0 request completed
02-02 01:03:07.924   774  2189 E         : DetermineFrameDelay frameDelay = 0
02-02 01:03:07.937  5151  5151 I AssistHolderContentView: forceFitSystemWindows pb = 0
02-02 01:03:07.953  5151  5151 I AssistHolderContentView: forceFitSystemWindows pb = 0
02-02 01:03:07.962 24249 24603 E native  : E0000 00:00:1675296187.962475   24603 status.cc:162] FAILED_PRECONDITION: 
02-02 01:03:07.962 24249 24603 E native  : ARCoreError: third_party/arcore/ar/core/session.cc:2820
02-02 01:03:07.962 24249 24603 E native  :  at third_party/arcore/ar/core/session.cc:2820 [type.googleapis.com/util.ErrorSpacePayload='ArStatusErrorSpace::AR_ERROR_NOT_YET_AVAILABLE']
02-02 01:03:07.962 24249 24603 E native  : === Source Location Trace: === 
02-02 01:03:07.962 24249 24603 E native  : third_party/arcore/ar/core/session.cc:2820
02-02 01:03:07.964   774  2189 E         : DetermineFrameDelay frameDelay = 0
02-02 01:03:07.964   774  2189 E CamX    : [ERROR][STATS  ] camxstatsparsenode.cpp:321 ProcessingNodeFinalizeInitialization() [soar.kpi] post job to allocate stats output buffers.
02-02 01:03:07.964   774  1907 E CamX    : [ERROR][STATS  ] camxstatsparsenode.cpp:175 StatsParseThreadJobCallback() [soar.kpi] E.
02-02 01:03:07.966   774  1907 E CamX    : [ERROR][STATS  ] camxstatsparsenode.cpp:200 StatsParseThreadJobCallback() [soar.kpi] X.
02-02 01:03:07.969 24249 24603 D UE      : [2023.02.02-00.03.07:969][  1]LogSlate: Took 0.000440 seconds to synchronously load lazily loaded font '../../../Engine/Content/Slate/Fonts/Roboto-Regular.ttf' (155K)
02-02 01:03:07.970  5151  5151 I AssistHolderContentView: forceFitSystemWindows pb = 0
02-02 01:03:07.984   774  2189 E CamX    : [ERROR][HAL    ] camxsession.cpp:3350 GetIntraRealtimePipelineId() Less than two realtime pipelines, no intra result
02-02 01:03:07.984   774  2189 E CamX    : [ERROR][HAL    ] camxmetadatapool.cpp:1457 GetMetadataByTag() Invalid Slot to get metadata by tag(0x80d0000)
02-02 01:03:07.984   774  2189 I chatty  : uid=1047(cameraserver) HwBinder:774_1 identical 1 line
02-02 01:03:07.985   774  2189 E CamX    : [ERROR][HAL    ] camxmetadatapool.cpp:1457 GetMetadataByTag() Invalid Slot to get metadata by tag(0x80d0000)
02-02 01:03:07.985   774  2189 E CamX    : [ERROR][HAL    ] camxsession.cpp:3350 GetIntraRealtimePipelineId() Less than two realtime pipelines, no intra result
02-02 01:03:07.985   774  2189 E CamX    : [ERROR][STATS_AWB] camxcawbstatsprocessor.cpp:132 Initialize() failed to GetIntraRealTImePipeLineId
02-02 01:03:07.986   774  2189 D CamX    : [DEBUG][STATS_AWB] camxcawbstatsprocessor.cpp:683 SetOperationModetoAlgo() Mode set to Algo: 1
02-02 01:03:07.987  5151  5151 I AssistHolderContentView: forceFitSystemWindows pb = 0
02-02 01:03:07.987   774  2189 E CamX    : [ERROR][HAL    ] camxsession.cpp:3350 GetIntraRealtimePipelineId() Less than two realtime pipelines, no intra result
02-02 01:03:07.987   774  2189 I sensors : get_qmi_debug_flag:230, support_qmi_debug : false
02-02 01:03:07.990   864   864 E libc    : Access denied finding property "ro.hardware.fp.fod"
02-02 01:03:07.990   864   864 E libc    : Access denied finding property "ro.hardware.fp.sideCap"
02-02 01:03:07.993  2318  2318 D NavBarTintController: onSampleCollected 0.0
02-02 01:03:07.997   774  2189 I sensors : get_qmi_debug_flag:230, support_qmi_debug : false
02-02 01:03:08.003   774  2189 E         : DetermineFrameDelay frameDelay = 0
02-02 01:03:08.004   774  2189 E CamX    : [ERROR][HAL    ] camxsession.cpp:3350 GetIntraRealtimePipelineId() Less than two realtime pipelines, no intra result
02-02 01:03:08.004   774  2189 E CamX    : [ERROR][STATS_AF] camxcafstatsprocessor.cpp:286 Initialize() Failed to get Intra RealTimePipeline Id
02-02 01:03:08.004  5151  5151 I AssistHolderContentView: forceFitSystemWindows pb = 0
02-02 01:03:08.004   774  2189 E CamX    : [ERROR][HAL    ] camxsession.cpp:3350 GetIntraRealtimePipelineId() Less than two realtime pipelines, no intra result
02-02 01:03:08.004   774  2189 E CamX    : [ERROR][STATS_AF] camxautofocusnode.cpp:854 InitializeMultiStats() FATAL: Failed to get peer pipeline ID!
02-02 01:03:08.007   774  1905 E CamX    : [ERROR][STATS_AF] pdlib_lcr_utils.cpp:136 pdaf_lcr_get_vertical_blocks() Cound not find a good partition, set mega_block_y = 1
02-02 01:03:08.020  5151  5151 I AssistHolderContentView: forceFitSystemWindows pb = 0
02-02 01:03:08.035   774  2189 E CamX    : [ERROR][HAL    ] camxmetadatapool.cpp:1457 GetMetadataByTag() Invalid Slot to get metadata by tag(0x8010005)
02-02 01:03:08.037 24249 24603 E native  : E0000 00:00:1675296188.037283   24603 status.cc:162] FAILED_PRECONDITION: 
02-02 01:03:08.037 24249 24603 E native  : ARCoreError: third_party/arcore/ar/core/session.cc:2820
02-02 01:03:08.037 24249 24603 E native  :  at third_party/arcore/ar/core/session.cc:2820 [type.googleapis.com/util.ErrorSpacePayload='ArStatusErrorSpace::AR_ERROR_NOT_YET_AVAILABLE']
02-02 01:03:08.037 24249 24603 E native  : === Source Location Trace: === 
02-02 01:03:08.037 24249 24603 E native  : third_party/arcore/ar/core/session.cc:2820
02-02 01:03:08.037  5151  5151 I AssistHolderContentView: forceFitSystemWindows pb = 0
02-02 01:03:08.038   774  2189 E         : DetermineFrameDelay frameDelay = 0
02-02 01:03:08.038   774  2189 E         : DetermineFrameDelay frameDelay = 0
02-02 01:03:08.054  5151  5151 I AssistHolderContentView: forceFitSystemWindows pb = 0
02-02 01:03:08.055   864   864 E libc    : Access denied finding property "ro.hardware.fp.fod"
02-02 01:03:08.056   864   864 E libc    : Access denied finding property "ro.hardware.fp.sideCap"
02-02 01:03:08.057   774  2189 E CamX    : [ERROR][HAL    ] camxmetadatapool.cpp:1457 GetMetadataByTag() Invalid Slot to get metadata by tag(0x882e0000)
02-02 01:03:08.057   774  2189 E CamX    : [ERROR][PPROC  ] camxbpsnode.cpp:776 GetSensorModeData() Mode index vendor tag not provided! Using default 0!
02-02 01:03:08.057   774  2189 E CamX    : [ERROR][HAL    ] camxmetadatapool.cpp:1457 GetMetadataByTag() Invalid Slot to get metadata by tag(0x882e0000)
02-02 01:03:08.057   774  2189 E CamX    : [ERROR][PPROC  ] camxbpsnode.cpp:776 GetSensorModeData() Mode index vendor tag not provided! Using default 0!
02-02 01:03:08.068  1039  2989 E Camera3-Device: configureStreams: Stream 0: DataSpace override not allowed for format 0x23
02-02 01:03:08.069  1039  2989 D Camera3-Device: Set real time priority for request queue thread (tid 24730)
02-02 01:03:08.069 24249 24675 I native  : I0000 00:00:1675296188.069780   24675 logger.h:28] CameraMetrics: CreateCaptureSession: 156.516563ms
02-02 01:03:08.070 24249 24675 E ACameraMetadata: filterDurations: malformed duration key 1638402! count 0, type 3
02-02 01:03:08.070 24249 24675 E ACameraMetadata: filterDurations: malformed duration key 1638403! count 0, type 3
02-02 01:03:08.070 24249 24675 E ACameraMetadata: filterDurations: malformed duration key 1835009! count 0, type 3
02-02 01:03:08.070 24249 24675 E ACameraMetadata: filterDurations: malformed duration key 1835010! count 0, type 3
02-02 01:03:08.070 24249 24675 E ACameraMetadata: filterDurations: malformed duration key 1638407! count 0, type 3
02-02 01:03:08.070 24249 24675 E ACameraMetadata: filterDurations: malformed duration key 1638408! count 0, type 3
02-02 01:03:08.070 24249 24675 I native  : I0000 00:00:1675296188.070900   24675 capture_request_utils.cc:207] Flash: ConfigureRequestFlashMode - OFF
02-02 01:03:08.070  5151  5151 I AssistHolderContentView: forceFitSystemWindows pb = 0
02-02 01:03:08.071 24249 24675 I native  : I0000 00:00:1675296188.071449   24675 logger.h:28] DataSourceMetrics: kFirstGlCallback: 176.77125ms
02-02 01:03:08.071 24249 24671 I native  : I0000 00:00:1675296188.071460   24671 cameras.cc:1385] Camera 0 changed state CLOSED->OPEN; Camera device opened successfully. i=0
02-02 01:03:08.071 24249 24671 I native  : I0000 00:00:1675296188.071498   24671 cameras.cc:1385] Camera 0 changed state OPEN->CAPTURING; Started capture session. i=1
02-02 01:03:08.071 24249 24603 E native  : E0000 00:00:1675296188.071635   24603 status.cc:162] FAILED_PRECONDITION: 
02-02 01:03:08.071 24249 24603 E native  : ARCoreError: third_party/arcore/ar/core/session.cc:2820
02-02 01:03:08.071 24249 24603 E native  :  at third_party/arcore/ar/core/session.cc:2820 [type.googleapis.com/util.ErrorSpacePayload='ArStatusErrorSpace::AR_ERROR_NOT_YET_AVAILABLE']
