02-02 01:03:05.338   854  1195 D APM_AudioPolicyManager: getNewOutputDevices selected devices {type:0x2,@:}
02-02 01:03:05.338   854  1195 D APM_AudioPolicyManager: setOutputDevices device {type:0x2,@:} delayMs 0 force 0
02-02 01:03:05.338   854  1195 D APM_AudioPolicyManager: setOutputDevices() prevDevice {type:0x2,@:}
02-02 01:03:05.338   854  1195 D APM_AudioPolicyManager: setOutputDevices setting same device {type:0x2,@:} or null device, force=0, patch handle=1115
02-02 01:03:05.338   854  1195 V AudioPolicyManagerCustom: checkAndSetVolume() set volumeSource 4 volume index 15 for device 0x02
02-02 01:03:05.338  2288  3231 D Avrcp_ext: AudioManager Player: ID:23 -- type:android.media.SoundPool -- u/pid:1000/2318 -- state:idle -- attr:AudioAttributes: usage=USAGE_ASSISTANCE_SONIFICATION content=CONTENT_TYPE_SONIFICATION flags=0x800 tags= bundle=null
02-02 01:03:05.338  2288  3231 D Avrcp_ext: AudioManager Player: ID:55 -- type:android.media.SoundPool -- u/pid:1027/4555 -- state:idle -- attr:AudioAttributes: usage=USAGE_ASSISTANCE_SONIFICATION content=CONTENT_TYPE_SONIFICATION flags=0x800 tags= bundle=null
02-02 01:03:05.338  2288  3231 D Avrcp_ext: AudioManager Player: ID:7639 -- type:android.media.MediaPlayer -- u/pid:10448/24249 -- state:idle -- attr:AudioAttributes: usage=USAGE_UNKNOWN content=CONTENT_TYPE_UNKNOWN flags=0x800 tags= bundle=null
02-02 01:03:05.338  2288  3231 D Avrcp_ext: AudioManager Player: ID:15 -- type:android.media.SoundPool -- u/pid:1000/1976 -- state:idle -- attr:AudioAttributes: usage=USAGE_ASSISTANCE_SONIFICATION content=CONTENT_TYPE_SONIFICATION flags=0x800 tags= bundle=null
02-02 01:03:05.338  2288  3231 D Avrcp_ext: AudioManager Player: ID:31 -- type:android.media.SoundPool -- u/pid:10094/2568 -- state:idle -- attr:AudioAttributes: usage=USAGE_ASSISTANCE_SONIFICATION content=CONTENT_TYPE_SONIFICATION flags=0x800 tags= bundle=null
02-02 01:03:05.338   854  6198 E AudioFlinger: open /proc/24249/cmdline error
02-02 01:03:05.338  2288  3231 D Avrcp_ext: AudioManager Player: ID:7647 -- type:OpenSL ES AudioPlayer (Buffer Queue) -- u/pid:10448/24249 -- state:started -- attr:AudioAttributes: usage=USAGE_MEDIA content=CONTENT_TYPE_UNKNOWN flags=0x0 tags= bundle=null
02-02 01:03:05.338   854  6198 I AudioFlinger: setAppName(), name=[], active=[1]
02-02 01:03:05.338   770  4296 V EffectMiSound: MiSound_command() start, cmdCode=23
02-02 01:03:05.338   770  4296 V EffectMiSound: MiSound_Command EFFECT_CMD_SET_APP_NAME: stream=3, name=+
02-02 01:03:05.338  2288  3231 D Avrcp_ext: AudioManager isPlaying: true, mA2dpState: 11, isMusiActive: true
02-02 01:03:05.338  2288  3231 V Avrcp_ext: updateCurrentMediaState: mMediaController: null
02-02 01:03:05.338  2288  3231 V Avrcp_ext: isMusicActive: true getBluetoothPlayState: 2
02-02 01:03:05.338  2288  3231 V Avrcp_ext: updateCurrentMediaState: isPlaying = false
02-02 01:03:05.339  2288  3231 V Avrcp_ext: updateCurrentMediaState: mMediaController or getPlaybackState() null
02-02 01:03:05.339  2288  3231 V Avrcp_ext: Media update: id -1-1? [MediaAttributes: none] : [MediaAttributes: none]
02-02 01:03:05.339  2288  3231 V Avrcp_ext: newPlayStatus:2mReportedPlayStatus:1
02-02 01:03:05.339  2288  3231 V Avrcp_ext: updatePlaybackState, state: PlaybackState {state=2, position=-1, buffered position=0, speed=0.0, updated=68672078, actions=0, custom actions=[], active item id=-1, error=null} device: null
02-02 01:03:05.339  2288  3231 V Avrcp_ext: Device: no name: 
02-02 01:03:05.339  2288  3231 I chatty  : uid=1002(bluetooth) BluetoothAvrcpH identical 3 lines
02-02 01:03:05.339  2288  3231 V Avrcp_ext: Device: no name: 
02-02 01:03:05.339  2288  3231 V Avrcp_ext: updatePlayerStateAndPosition, old=PlaybackState {state=2, position=-1, buffered position=0, speed=0.0, updated=68595367, actions=0, custom actions=[], active item id=-1, error=null}, state=PlaybackState {state=2, position=-1, buffered position=0, speed=0.0, updated=68672078, actions=0, custom actions=[], active item id=-1, error=null}
02-02 01:03:05.339 24249 24603 D UE      : [2023.02.02-00.03.05:339][  0]LogInit: FAudioDevice initialized.
02-02 01:03:05.339  2288  3231 V Avrcp_ext: old state = PlaybackState {state=2, position=-1, buffered position=0, speed=0.0, updated=68595367, actions=0, custom actions=[], active item id=-1, error=null}, new state= PlaybackState {state=2, position=-1, buffered position=0, speed=0.0, updated=68672078, actions=0, custom actions=[], active item id=-1, error=null}
02-02 01:03:05.339  2288  3231 D HeadsetService: getHeadsetService(): returning com.android.bluetooth.hfp.HeadsetService@d5fed7b
02-02 01:03:05.339  2288  3231 D HeadsetService:  isAudioOn: The number of audio connected devices 0
02-02 01:03:05.339  2288  3231 D HeadsetService: isScoOrCallActive(): Call Active:falseCall is Ringing:falseSCO is Active:false
02-02 01:03:05.339   770  4069 D audio_hw_primary: start_output_stream: enter: stream(0xece17000)usecase(1: low-latency-playback) devices(0x2) is_haptic_usecase(0)
02-02 01:03:05.339  2288  3231 D HeadsetService:  isAudioOn: The number of audio connected devices 0
02-02 01:03:05.339 24249 24603 D UE      : [2023.02.02-00.03.05:339][  0]LogNetVersion: Set ProjectVersion to 1.0.0.0. Version Checksum will be recalculated on next use.
02-02 01:03:05.339  2288  3231 I Avrcp_ext: updatePlayStatusForDevice: device: null
02-02 01:03:05.339  2288  3231 V Avrcp_ext: updatePlaybackState (1): old=PlaybackState {state=2, position=-1, buffered position=0, speed=0.0, updated=68595367, actions=0, custom actions=[], active item id=-1, error=null}(2), new=PlaybackState {state=2, position=-1, buffered position=0, speed=0.0, updated=68672078, actions=0, custom actions=[], active item id=-1, error=null}(2)
02-02 01:03:05.339 24249 24603 D UE      : [2023.02.02-00.03.05:339][  0]LogInit: Texture streaming: Enabled
02-02 01:03:05.339  2288  3231 I Avrcp_ext: Exit updatePlayStatusForDevice
02-02 01:03:05.339  2288  3231 D HeadsetService:  isAudioOn: The number of audio connected devices 0
02-02 01:03:05.339  2288  3231 D HeadsetService: isScoOrCallActive(): Call Active:falseCall is Ringing:falseSCO is Active:false
02-02 01:03:05.339   770  4069 D audio_hw_primary: select_devices for use case (low-latency-playback)
02-02 01:03:05.339  2288  3231 D HeadsetService:  isAudioOn: The number of audio connected devices 0
02-02 01:03:05.339  2288  3231 I Avrcp_ext: updatePlayStatusForDevice: device: null
02-02 01:03:05.339   770  4069 I msm8974_platform: platform_check_and_set_codec_backend_cfg:becf: afe: bitwidth 24, samplerate 48000 channels 2, backend_idx 4 usecase = 1 device (speaker)
02-02 01:03:05.339  2288  3231 V Avrcp_ext: updatePlaybackState (1): old=PlaybackState {state=2, position=-1, buffered position=0, speed=0.0, updated=68595367, actions=0, custom actions=[], active item id=-1, error=null}(2), new=PlaybackState {state=2, position=-1, buffered position=0, speed=0.0, updated=68672078, actions=0, custom actions=[], active item id=-1, error=null}(2)
02-02 01:03:05.339  2288  3231 I Avrcp_ext: Exit updatePlayStatusForDevice
02-02 01:03:05.339   770  4069 D msm8974_platform: platform_split_snd_device: snd_device(2) num devices(1) new_snd_devices(0)
02-02 01:03:05.339   770  4069 I msm8974_platform: platform_check_and_set_codec_backend_cfg: new_snd_devices[0] is 2
02-02 01:03:05.339   770  4069 I msm8974_platform: platform_check_codec_backend_cfg:becf: afe: bitwidth 24, samplerate 48000 channels 2, backend_idx 4 usecase = 1 device (speaker)
02-02 01:03:05.339   770  4069 D msm8974_platform: platform_check_codec_backend_cfg:becf: afe: playback on codec device not supporting native playback set default Sample Rate(48k)
02-02 01:03:05.339   770  4069 I msm8974_platform: platform_check_codec_backend_cfg:becf: afe: Codec selected backend: 4 updated bit width: 24 and sample rate: 48000
02-02 01:03:05.339  2288  3231 D HeadsetService:  isAudioOn: The number of audio connected devices 0
02-02 01:03:05.340   770  4069 D audio_hw_primary: check_usecases_codec_backend:becf: force routing 0
02-02 01:03:05.340  2288  3231 D HeadsetService: isScoOrCallActive(): Call Active:falseCall is Ringing:falseSCO is Active:false
02-02 01:03:05.340   770  4069 E msm8974_platform: platform_check_backends_match: Invalid snd_device = 
02-02 01:03:05.340   770  4069 D audio_hw_primary: check_usecases_codec_backend:becf: (76) check_usecases curr device: speaker, usecase device: backends match 0
02-02 01:03:05.340   770  4069 D audio_hw_primary: check_usecases_codec_backend:becf: check_usecases num.of Usecases to switch 0
02-02 01:03:05.340   770  4069 D msm8974_platform: platform_split_snd_device: snd_device(2) num devices(0) new_snd_devices(0)
02-02 01:03:05.340  2288  3231 D HeadsetService:  isAudioOn: The number of audio connected devices 0
02-02 01:03:05.340  2288  3231 I Avrcp_ext: updatePlayStatusForDevice: device: null
02-02 01:03:05.340   770  4069 D hardware_info: hw_info_append_hw_type : device_name = speaker
02-02 01:03:05.340  2288  3231 V Avrcp_ext: updatePlaybackState (1): old=PlaybackState {state=2, position=-1, buffered position=0, speed=0.0, updated=68595367, actions=0, custom actions=[], active item id=-1, error=null}(2), new=PlaybackState {state=2, position=-1, buffered position=0, speed=0.0, updated=68672078, actions=0, custom actions=[], active item id=-1, error=null}(2)
02-02 01:03:05.340   770  4069 D msm8974_platform: platform_split_snd_device: snd_device(2) num devices(0) new_snd_devices(0)
02-02 01:03:05.340  2288  3231 I Avrcp_ext: Exit updatePlayStatusForDevice
02-02 01:03:05.340   770  4069 D audio_hw_primary: enable_snd_device: snd_device(2: speaker)
02-02 01:03:05.340 24249 24603 D UE      : [2023.02.02-00.03.05:340][  0]LogCsvProfiler: Display: Metadata set : largeworldcoordinates="1"
02-02 01:03:05.340   770  4069 I soundtrigger: audio_extn_sound_trigger_update_device_status: device 0x2 of type 0 for Event 1, with Raise=0
02-02 01:03:05.340   770  4069 E audio_route: # Path: speaker, length: 1
02-02 01:03:05.340  2288  3231 D HeadsetService:  isAudioOn: The number of audio connected devices 0
02-02 01:03:05.340  2288  3231 D HeadsetService: isScoOrCallActive(): Call Active:falseCall is Ringing:falseSCO is Active:false
02-02 01:03:05.340   770  4069 E audio_route: #  id=0: ctl=Configuration
02-02 01:03:05.340   770  4069 E audio_route: #    id=0 value=10
02-02 01:03:05.340   770  4069 D audio_route: Apply path: speaker
02-02 01:03:05.340   770  4069 D audio_route: audio_route_apply_and_update_path name speaker
02-02 01:03:05.340   770  4069 I audio_hw_utils: audio_extn_utils_update_stream_output_app_type_cfg Allowing 24 and above bits playback on speaker ONLY at default sampling rate
02-02 01:03:05.340  2288  3231 D HeadsetService:  isAudioOn: The number of audio connected devices 0
02-02 01:03:05.340  2288  3231 I Avrcp_ext: updatePlayStatusForDevice: device: null
02-02 01:03:05.340   770  4069 E soundtrigger: audio_extn_sound_trigger_update_stream_status: invalid input device 0x0, for event 3
02-02 01:03:05.340  2288  3231 V Avrcp_ext: updatePlaybackState (1): old=PlaybackState {state=2, position=-1, buffered position=0, speed=0.0, updated=68595367, actions=0, custom actions=[], active item id=-1, error=null}(2), new=PlaybackState {state=2, position=-1, buffered position=0, speed=0.0, updated=68672078, actions=0, custom actions=[], active item id=-1, error=null}(2)
02-02 01:03:05.340   770  4069 D soundtrigger: audio_extn_sound_trigger_update_stream_status: uc_info->id 1 of type 0 device 0x02 for Event 3, with Raise=0
02-02 01:03:05.340  2288  3231 I Avrcp_ext: Exit updatePlayStatusForDevice
02-02 01:03:05.340   770  4069 W soundtrigger: audio_extn_sound_trigger_update_stream_status: device[0x02]: speaker is NOT used, do NOT transit to adsp. 
02-02 01:03:05.340   770  4069 D audio_hw_utils: audio_extn_utils_send_app_type_cfg: usecase->out_snd_device speaker
02-02 01:03:05.340   770  4069 D msm8974_platform: platform_split_snd_device: snd_device(2) num devices(0) new_snd_devices(0)
02-02 01:03:05.340  2288  3231 D HeadsetService:  isAudioOn: The number of audio connected devices 0
02-02 01:03:05.340  2288  3231 D HeadsetService: isScoOrCallActive(): Call Active:falseCall is Ringing:falseSCO is Active:false
02-02 01:03:05.340   770  4069 D audio_hw_utils: audio_extn_btsco_get_sample_rate:Not a BT SCO device, need not update sampling rate
02-02 01:03:05.340   770  4069 I audio_hw_utils: send_app_type_cfg_for_device PLAYBACK app_type 69937, acdb_dev_id 10011, sample_rate 48000, snd_device_be_idx 39
02-02 01:03:05.340  2288  3231 D HeadsetService:  isAudioOn: The number of audio connected devices 0
02-02 01:03:05.340  2288  3231 I Avrcp_ext: updatePlayStatusForDevice: device: null
02-02 01:03:05.340  2288  3231 V Avrcp_ext: updatePlaybackState (1): old=PlaybackState {state=2, position=-1, buffered position=0, speed=0.0, updated=68595367, actions=0, custom actions=[], active item id=-1, error=null}(2), new=PlaybackState {state=2, position=-1, buffered position=0, speed=0.0, updated=68672078, actions=0, custom actions=[], active item id=-1, error=null}(2)
02-02 01:03:05.340  2288  3231 I Avrcp_ext: Exit updatePlayStatusForDevice
02-02 01:03:05.340  2288  3231 D Avrcp_ext: Enter sendPlayPosNotificationRsp
02-02 01:03:05.340  2288  3231 D Avrcp_ext: sendPlayPosNotificationRsp: Not registered or requesting.
02-02 01:03:05.340  2288  3231 D Avrcp_ext: Enter sendPlayPosNotificationRsp
02-02 01:03:05.340  2288  3231 D Avrcp_ext: sendPlayPosNotificationRsp: Not registered or requesting.
02-02 01:03:05.340  2288  3231 D Avrcp_ext: Enter sendPlayPosNotificationRsp
02-02 01:03:05.340  2288  3231 D Avrcp_ext: sendPlayPosNotificationRsp: Not registered or requesting.
02-02 01:03:05.340  2288  3231 D Avrcp_ext: Enter sendPlayPosNotificationRsp
02-02 01:03:05.340  2288  3231 D Avrcp_ext: sendPlayPosNotificationRsp: Not registered or requesting.
02-02 01:03:05.340  2288  3231 D Avrcp_ext: Enter sendPlayPosNotificationRsp
02-02 01:03:05.340  2288  3231 D Avrcp_ext: sendPlayPosNotificationRsp: Not registered or requesting.
02-02 01:03:05.340  2288  3231 V Avrcp_ext: Exit updatePlayerStateAndPosition
02-02 01:03:05.341   770  4069 D msm8974_platform: platform_split_snd_device: snd_device(2) num devices(1) new_snd_devices(0)
02-02 01:03:05.341   770  4069 D audio_hw_utils: audio_extn_btsco_get_sample_rate:Not a BT SCO device, need not update sampling rate
02-02 01:03:05.341   770  4069 D ACDB-LOADER: ACDB -> send_audio_cal, acdb_id = 10011, path = 0, app id = 0x11131, sample rate = 48000
02-02 01:03:05.341   770  4069 D ACDB-LOADER: ACDB -> send_asm_topology
02-02 01:03:05.341   770  4069 D ACDB-LOADER: ACDB -> ACDB_CMD_GET_AUDPROC_STREAM_TOPOLOGY_ID
02-02 01:03:05.341   770  4069 D ACDB-LOADER: ACDB -> send_adm_topology
02-02 01:03:05.341   770  4069 D ACDB-LOADER: ACDB -> ACDB_CMD_GET_AUDPROC_COMMON_TOPOLOGY_ID
02-02 01:03:05.341   770  4069 D ACDB-LOADER: ACDB -> send_audtable
02-02 01:03:05.341   770  4069 D ACDB-LOADER: ACDB -> ACDB_CMD_GET_AUDPROC_COMMON_TABLE_SIZE
02-02 01:03:05.341   770  4069 D ACDB-LOADER: ACDB -> ACDB_CMD_GET_AUDPROC_COMMON_TABLE
02-02 01:03:05.341   770  4069 D ACDB-LOADER: ACDB -> AUDIO_SET_AUDPROC_CAL
02-02 01:03:05.341   770  4069 D ACDB-LOADER: ACDB -> send_audvoltable
02-02 01:03:05.341   770  4069 D ACDB-LOADER: ACDB -> ACDB_CMD_GET_AUDPROC_VOL_STEP_TABLE_SIZE
02-02 01:03:05.341   770  4069 D ACDB-LOADER: ACDB -> ACDB_CMD_GET_AUDPROC_GAIN_DEP_STEP_TABLE, vol index 5
02-02 01:03:05.341   770  4069 D         : Failed to fetch the lookup information of the device 0000271B 
02-02 01:03:05.341   770  4069 E ACDB-LOADER: Error: ACDB AudProc vol returned = -19
02-02 01:03:05.341   770  4069 D ACDB-LOADER: ACDB -> AUDIO_SET_VOL_CAL cal type = 12
02-02 01:03:05.341   770  4069 D ACDB-LOADER: ACDB -> ACDB_CMD_GET_AUDPROC_STREAM_TABLE_SIZE
02-02 01:03:05.341   770  4069 D ACDB-LOADER: ACDB -> send_audstrmtable
02-02 01:03:05.341   770  4069 D ACDB-LOADER: ACDB -> ACDB_CMD_GET_AUDPROC_STREAM_TABLE_V2
02-02 01:03:05.341   770  4069 D ACDB-LOADER: ACDB -> audstrm_cal->cal_type.cal_data.cal_size = 16
02-02 01:03:05.341   770  4069 D ACDB-LOADER: ACDB -> send_afe_topology
02-02 01:03:05.341   770  4069 D ACDB-LOADER: ACDB -> ACDB_CMD_GET_AFE_TOPOLOGY_ID
02-02 01:03:05.341   770  4069 D ACDB-LOADER: ACDB -> GET_AFE_TOPOLOGY_ID for adcd_id 10011, Topology Id 112fc
02-02 01:03:05.341   770  4069 D ACDB-LOADER: ACDB -> send_afe_cal
02-02 01:03:05.341   770  4069 D ACDB-LOADER: ACDB -> ACDB_CMD_GET_AFE_COMMON_TABLE_SIZE
02-02 01:03:05.341   770  4069 D         : Failed to fetch the lookup information of the device 0000271B 
02-02 01:03:05.341   770  4069 E ACDB-LOADER: Error: ACDB_CMD_GET_AFE_COMMON_TABLE_SIZE Returned = -19
02-02 01:03:05.341   770  4069 D ACDB-LOADER: ACDB -> ACDB_CMD_GET_AFE_COMMON_TABLE
02-02 01:03:05.341   770  4069 D         : Failed to fetch the lookup information of the device 0000271B 
02-02 01:03:05.341   770  4069 E ACDB-LOADER: Error: ACDB AFE returned = -19
02-02 01:03:05.341   770  4069 D ACDB-LOADER: ACDB -> AUDIO_SET_AFE_CAL
02-02 01:03:05.341   770  4069 D ACDB-LOADER: ACDB -> send_hw_delay : acdb_id = 10011 path = 0
02-02 01:03:05.341   770  4069 D ACDB-LOADER: ACDB -> ACDB_AVSYNC_INFO: ACDB_CMD_GET_DEVICE_PROPERTY
02-02 01:03:05.341   770  4069 D msm8974_platform: platform_split_snd_device: snd_device(2) num devices(0) new_snd_devices(0)
02-02 01:03:05.341   770  4069 I msm8974_platform: platform_get_custom_mtmx_params: no matching param with id 0 ip_ch 2 op_ch 2 uc_id 1 snd_dev 2
02-02 01:03:05.341   770  4069 D audio_hw_primary: enable_audio_route: apply mixer and update path: low-latency-playback speaker
02-02 01:03:05.341   770  4069 E audio_route: # Path: low-latency-playback speaker, length: 1
02-02 01:03:05.342   770  4069 E audio_route: #  id=0: ctl=QUAT_MI2S_RX Audio Mixer MultiMedia5
02-02 01:03:05.342   770  4069 E audio_route: #    id=0 value=1
02-02 01:03:05.342   770  4069 D audio_route: Apply path: low-latency-playback speaker
02-02 01:03:05.342   770  4069 D audio_route: audio_route_apply_and_update_path name low-latency-playback speaker
02-02 01:03:05.342   770  4069 D send_data_to_xlog: send_misound_data_to_xlog: enter: usecase(1)
02-02 01:03:05.342   770  4069 D audio_hw_primary: select_devices: done
02-02 01:03:05.342   770  4069 D audio_hw_primary: start_output_stream: Opening PCM device card_id(0) device_id(13) format(0x4)
02-02 01:03:05.344 24249 24603 D UE      : [2023.02.02-00.03.05:344][  0]LogChaos: FPhysicsSolverBase::AsyncDt:-1.000000
02-02 01:03:05.346 24249 24603 D UE      : [2023.02.02-00.03.05:346][  0]LogAudio: Display: Audio Device (ID: 1) registered with world 'Untitled'.
02-02 01:03:05.347 24249 24603 D UE      : [2023.02.02-00.03.05:347][  0]LogSlate: Updating window title bar state: overlay mode, drag disabled, window buttons hidden, title bar hidden
02-02 01:03:05.347 24249 24603 D UE      : [2023.02.02-00.03.05:347][  0]LogInit: Display: Game Engine Initialized.
02-02 01:03:05.348 24249 24603 D UE      : [2023.02.02-00.03.05:348][  0]LogInit: Display: Starting Game.
02-02 01:03:05.348 24249 24603 D UE      : [2023.02.02-00.03.05:348][  0]LogNet: Browse: /Game/AR_IMG_MapTutorial?Name=Player
02-02 01:03:05.348 24249 24603 D UE      : [2023.02.02-00.03.05:348][  0]LogLoad: LoadMap: /Game/AR_IMG_MapTutorial?Name=Player
02-02 01:03:05.348 24249 24603 D UE      : [2023.02.02-00.03.05:348][  0]LogWorld: BeginTearingDown for /Temp/Untitled_0
02-02 01:03:05.348 24249 24603 D UE      : [2023.02.02-00.03.05:348][  0]LogWorld: UWorld::CleanupWorld for Untitled, bSessionEnded=true, bCleanupResources=true
02-02 01:03:05.348 24249 24603 D UE      : [2023.02.02-00.03.05:348][  0]LogSlate: InvalidateAllWidgets triggered.  All widgets were invalidated
02-02 01:03:05.352 24249 24603 D UE      : [2023.02.02-00.03.05:352][  0]LogAudio: Display: Audio Device unregistered from world 'None'.
02-02 01:03:05.354  5151  5151 I AssistHolderContentView: forceFitSystemWindows pb = 0
02-02 01:03:05.355 24249 24603 D UE      : [2023.02.02-00.03.05:355][  0]LogUObjectHash: Compacting FUObjectHashTables data took   0.97ms
02-02 01:03:05.367   770  4069 D msm8974_platform: platform_set_channel_map mixer_ctl_name:Playback Channel Map13
02-02 01:03:05.368   770  4069 D msm8974_platform: platform_set_channel_map: set mapping(1 2 0 0 0 0 0 0) for channel:2
02-02 01:03:05.368   770  4069 E msm8974_platform: platform_set_channel_map: Could not set ctl, error:-22 ch_count:2
02-02 01:03:05.368   770  4069 D audio_hw_primary: start_output_stream: pcm_prepare
02-02 01:03:05.368   770  4069 D audio_hw_primary: start_output_stream: exit
02-02 01:03:05.368   770  4069 D msm8974_platform: platform_split_snd_device: snd_device(2) num devices(0) new_snd_devices(0)
02-02 01:03:05.368   770  4069 I msm8974_platform: platform_get_custom_mtmx_params: no matching param with id 0 ip_ch 2 op_ch 2 uc_id 1 snd_dev 2
02-02 01:03:05.371  5151  5151 I AssistHolderContentView: forceFitSystemWindows pb = 0
02-02 01:03:05.387  5151  5151 I AssistHolderContentView: forceFitSystemWindows pb = 0
02-02 01:03:05.388 24249 24603 D UE      : [2023.02.02-00.03.05:388][  0]LogAudio: Display: Audio Device (ID: 1) registered with world 'AR_IMG_MapTutorial'.
02-02 01:03:05.388 24249 24603 D UE      : [2023.02.02-00.03.05:388][  0]LogChaos: FPhysicsSolverBase::AsyncDt:-1.000000
02-02 01:03:05.389 24249 24603 D UE      : [2023.02.02-00.03.05:389][  0]LogAIModule: Creating AISystem for world AR_IMG_MapTutorial
02-02 01:03:05.390 24249 24603 D UE      : [2023.02.02-00.03.05:390][  0]LogLoad: Game class is 'AR_ImgGAME_C'
02-02 01:03:05.390 24249 24603 D UE      : [2023.02.02-00.03.05:390][  0]LogWorld: Bringing World /Game/AR_IMG_MapTutorial.AR_IMG_MapTutorial up for play (max tick rate 0) at 2023.02.02-01.03.05
02-02 01:03:05.390 24249 24603 D UE      : [2023.02.02-00.03.05:390][  0]LogWorld: Bringing up level for play took: 0.000534
02-02 01:03:05.391 24249 24603 D UE      : [2023.02.02-00.03.05:391][  0]LogOnline: Warning: OSS: FOnlineSubsystemGooglePlayModule was disabled
02-02 01:03:05.391 24249 24603 D UE      : [2023.02.02-00.03.05:391][  0]LogGameMode: FindPlayerStart: PATHS NOT DEFINED or NO PLAYERSTART with positive rating
02-02 01:03:05.393 24249 24603 D UE      : [2023.02.02-00.03.05:393][  0]LogGoogleARCore: Start ARCore session requested.
02-02 01:03:05.393 24249 24603 D UE      : [2023.02.02-00.03.05:393][  0]LogGoogleARCore: Pausing ARCore session.
02-02 01:03:05.393 24249 24603 D UE      : [2023.02.02-00.03.05:393][  0]LogGoogleARCore: Could not stop ARCore tracking session because there is no running tracking session!
02-02 01:03:05.393 24249 24603 D UE      : [2023.02.02-00.03.05:393][  0]LogLoad: Took 0.045302 seconds to LoadMap(/Game/AR_IMG_MapTutorial)
02-02 01:03:05.393 24249 24249 D UE      : [GameActivity] ==============> [JAVA] AndroidThunkJava_KeepScreenOn(true) - Disabled screen saver
02-02 01:03:05.393 24249 24603 D UE      : [2023.02.02-00.03.05:393][  0]LogViewport: Scene viewport resized to 640x1280, mode Fullscreen.
02-02 01:03:05.393 24249 24603 D UE      : [2023.02.02-00.03.05:393][  0]LogStreaming: Display: Suspending async loading (1)
02-02 01:03:05.404  5151  5151 I AssistHolderContentView: forceFitSystemWindows pb = 0
02-02 01:03:05.421  5151  5151 I AssistHolderContentView: forceFitSystemWindows pb = 0
02-02 01:03:05.430 24249 24635 D UE      : AndroidEGL::  ReleaseContextOwnership,  thread releasing rendering context tid: 24635
02-02 01:03:05.430 24249 24635 D UE      : AndroidEGL::ResetDisplay()
02-02 01:03:05.431 24249 24603 D UE      : [2023.02.02-00.03.05:431][  0]LogStreaming: Display: Resuming async loading (0)
02-02 01:03:05.433 24249 24603 D UE      : [2023.02.02-00.03.05:433][  0]LogSlate: Took 0.000281 seconds to synchronously load lazily loaded font '../../../Engine/Content/Slate/Fonts/Roboto-Regular.ttf' (155K)
02-02 01:03:05.433 24249 24603 D UE      : [2023.02.02-00.03.05:433][  0]LogRHI: Display: ShaderPipelineCache: Paused Batching. 1
02-02 01:03:05.433 24249 24603 D UE      : [2023.02.02-00.03.05:433][  0]LogRHI: Display: ShaderPipelineCache: Resumed Batching. 0
02-02 01:03:05.433 24249 24603 D UE      : [2023.02.02-00.03.05:433][  0]LogRHI: Display: ShaderPipelineCache: Batching Resumed.
02-02 01:03:05.433 24249 24603 D UE      : [2023.02.02-00.03.05:433][  0]LogInit: Display: Engine is initialized. Leaving FEngineLoop::Init()
02-02 01:03:05.433 24249 24603 D UE      : [2023.02.02-00.03.05:433][  0]LogAndroid: Passed GEngineLoop.Init()
02-02 01:03:05.434 24249 24603 D UE      : [2023.02.02-00.03.05:434][  0]LogAndroidEvents: Display: LogAndroidEvents::DequeueAppEvent : 9, [width=-1, height=-1], APP_EVENT_STATE_ON_START
02-02 01:03:05.434 24249 24603 D UE      : FAppEventManager::Tick processing, 9
02-02 01:03:05.434 24249 24603 D UE      : [2023.02.02-00.03.05:434][  0]LogAndroidEvents: Display: LogAndroidEvents::DequeueAppEvent : 7, [width=-1, height=-1], APP_EVENT_STATE_ON_RESUME
02-02 01:03:05.434 24249 24603 D UE      : FAppEventManager::Tick processing, 7
02-02 01:03:05.434 24249 24603 D UE      : [2023.02.02-00.03.05:434][  0]LogAndroidEvents: Display: LogAndroidEvents::DequeueAppEvent : 0, [width=1080, height=2159], APP_EVENT_STATE_WINDOW_CREATED
02-02 01:03:05.434 24249 24603 D UE      : FAppEventManager::Tick processing, 0
02-02 01:03:05.434 24249 24603 D UE      : [2023.02.02-00.03.05:434][  0]LogAndroidEvents: Display: ExecWindowCreated
02-02 01:03:05.434 24249 24654 D UE      : [2023.02.02-00.03.05:434][  0]LogRenderer: Warning: Deprectaed CVar r.BasePassOutputsVelocity is set to 0. Remove and use r.VelocityOutputPass instead.
02-02 01:03:05.434 24249 24603 D UE      : AndroidEGL::ReInitWindow()
02-02 01:03:05.434 24249 24603 D UE      : [2023.02.02-00.03.05:434][  0]LogAndroid: AndroidEGL::RefreshWindowSize updating window size = 640, 1280, cached size : 0, 0 tid : 24603
02-02 01:03:05.434 24249 24603 D UE      : [2023.02.02-00.03.05:434][  0]LogAndroid: AndroidEGL::ResizeSharedContextSurface, PImplData->Window=0x738e9d2010, PImplData->eglWidth=8, PImplData->eglHeight=8!, CachedWidth=640, CachedHeight=1280, tid: 24603
02-02 01:03:05.434 24249 24603 D UE      : AndroidEGL::UnBindShared()
02-02 01:03:05.434 24249 24603 D UE      : AndroidEGL::ResetDisplay()
02-02 01:03:05.434 24249 24603 D UE      : AndroidEGL::DestroySharedSurface()
02-02 01:03:05.434 24249 24603 D UE      : AndroidEGL::InitSharedSurface 0
02-02 01:03:05.434 24249 24603 D UE      : AndroidEGL::InitSharedSurface, Using CachedWindowRect, width: 640, height 1280 
02-02 01:03:05.434 24249 24603 D UE      : AndroidEGL::InitSharedSurface, Using width: 640, height 1280 
02-02 01:03:05.434 24249 24603 D UE      : AndroidEGL::InitSharedSurface, width: 640, height 1280 
02-02 01:03:05.434 24249 24603 D UE      : AndroidEGL::CreateEGLSharedSurface(), auxSurface = eglCreatePbufferSurface(), 8x8
02-02 01:03:05.434 24249 24603 D UE      : ExecWindowCreated, 0, 1, 1
02-02 01:03:05.434 24249 24603 D UE      : [2023.02.02-00.03.05:434][  0]LogAndroidEvents: Display: LogAndroidEvents::DequeueAppEvent : 11, [width=-1, height=-1], APP_EVENT_STATE_WINDOW_GAINED_FOCUS
02-02 01:03:05.434 24249 24603 D UE      : FAppEventManager::Tick processing, 11
02-02 01:03:05.434 24249 24603 D UE      : [2023.02.02-00.03.05:434][  0]LogAndroidEvents: Display: LogAndroidEvents::DequeueAppEvent : 14, [width=-1, height=-1], APP_EVENT_STATE_APP_ACTIVATED
02-02 01:03:05.434 24249 24603 D UE      : FAppEventManager::Tick processing, 14
02-02 01:03:05.434 24249 24603 D UE      : Execution will be resumed!
02-02 01:03:05.435 24249 24603 D UE      : [2023.02.02-00.03.05:434][  0]LogAndroidEvents: Display: LogAndroidEvents::DequeueAppEvent : 15, [width=-1, height=-1], APP_EVENT_RUN_CALLBACK
02-02 01:03:05.435 24249 24603 D UE      : FAppEventManager::Tick processing, 15
02-02 01:03:05.435 24249 24603 D UE      : [2023.02.02-00.03.05:435][  0]LogAndroidEvents: Display: Event thread callback running.
02-02 01:03:05.435 24249 24603 D UE      : [2023.02.02-00.03.05:435][  0]LogAndroid: performing app foregrounding callback.
02-02 01:03:05.435 24249 24603 D UE      : [GameActivity] Registering volume receiver
02-02 01:03:05.437 24249 24603 D AudioManager: getStreamVolume isRestricted mode = 0
02-02 01:03:05.437 24249 24635 D UE      : [2023.02.02-00.03.05:437][  0]LogRHI: Using OpenGL program LRU cache: 0
02-02 01:03:05.438 24249 24603 D UE      : [GameActivity] startVolumeReceiver: 15
02-02 01:03:05.438 24249 24603 D UE      : nativeVolumeEvent(15)
02-02 01:03:05.438 24249 24603 D UE      : [GameActivity] Registering battery receiver
02-02 01:03:05.438  5151  5151 I AssistHolderContentView: forceFitSystemWindows pb = 0
02-02 01:03:05.439 24249 24603 D UE      : [GameActivity] Registering headset receiver
02-02 01:03:05.439 24249 24603 D UE      : [GameActivity] startHeadsetReceiver: 0
02-02 01:03:05.439 24249 24603 D UE      : nativeHeadsetEvent(0)
02-02 01:03:05.439 24249 24603 D UE      : [2023.02.02-00.03.05:439][  0]LogCore: Display: AppLifetime: Application has entered foreground
02-02 01:03:05.441 24249 24249 D UE      : [GameActivity] Battery: status = 2, rawlevel = 89, scale = 100
02-02 01:03:05.441 24249 24249 D UE      : nativeBatteryEvent(stat = 2, lvl = 89  temp = 29.00 C)
02-02 01:03:05.442   864   864 E libc    : Access denied finding property "ro.hardware.fp.fod"
02-02 01:03:05.442   864   864 E libc    : Access denied finding property "ro.hardware.fp.sideCap"
02-02 01:03:05.445  2318  2318 D NavBarTintController: onSampleCollected 0.0
02-02 01:03:05.454  5151  5151 I AssistHolderContentView: forceFitSystemWindows pb = 0
02-02 01:03:05.458   864   864 E libc    : Access denied finding property "ro.hardware.fp.fod"
02-02 01:03:05.458   864   864 E libc    : Access denied finding property "ro.hardware.fp.sideCap"
02-02 01:03:05.471  5151  5151 I AssistHolderContentView: forceFitSystemWindows pb = 0
02-02 01:03:05.474   864   864 E libc    : Access denied finding property "ro.hardware.fp.fod"
02-02 01:03:05.474   864   864 E libc    : Access denied finding property "ro.hardware.fp.sideCap"
02-02 01:03:05.488  5151  5151 I AssistHolderContentView: forceFitSystemWindows pb = 0
02-02 01:03:05.538  5151  5151 I chatty  : uid=1000(system) com.mi.android.globalminusscreen identical 3 lines
02-02 01:03:05.555  5151  5151 I AssistHolderContentView: forceFitSystemWindows pb = 0
02-02 01:03:05.570  2318  2318 D NavBarTintController: onSampleCollected 0.0
02-02 01:03:05.572  5151  5151 I AssistHolderContentView: forceFitSystemWindows pb = 0
02-02 01:03:05.823  5151  5151 I chatty  : uid=1000(system) com.mi.android.globalminusscreen identical 15 lines
02-02 01:03:05.840  5151  5151 I AssistHolderContentView: forceFitSystemWindows pb = 0
02-02 01:03:05.841  2288  3231 V Avrcp_ext: AvrcpMessageHandler: received message=29
02-02 01:03:05.841  2288  3231 V Avrcp_ext: updateCurrentMediaState: mMediaController: null
02-02 01:03:05.841  2288  3231 V Avrcp_ext: isMusicActive: true getBluetoothPlayState: 2
02-02 01:03:05.841  2288  3231 V Avrcp_ext: updateCurrentMediaState: isPlaying = false
02-02 01:03:05.841  2288  3231 V Avrcp_ext: updateCurrentMediaState: mMediaController or getPlaybackState() null
02-02 01:03:05.841  2288  3231 V Avrcp_ext: Media update: id -1-1? [MediaAttributes: none] : [MediaAttributes: none]
02-02 01:03:05.841  2288  3231 V Avrcp_ext: newPlayStatus:2mReportedPlayStatus:1
02-02 01:03:05.841  2288  3231 V Avrcp_ext: updatePlaybackState, state: PlaybackState {state=2, position=-1, buffered position=0, speed=0.0, updated=68672580, actions=0, custom actions=[], active item id=-1, error=null} device: null
02-02 01:03:05.841  2288  3231 V Avrcp_ext: Device: no name: 
02-02 01:03:05.841  2288  3231 I chatty  : uid=1002(bluetooth) BluetoothAvrcpH identical 3 lines
02-02 01:03:05.841  2288  3231 V Avrcp_ext: Device: no name: 
02-02 01:03:05.841  2288  3231 V Avrcp_ext: updatePlayerStateAndPosition, old=PlaybackState {state=2, position=-1, buffered position=0, speed=0.0, updated=68672078, actions=0, custom actions=[], active item id=-1, error=null}, state=PlaybackState {state=2, position=-1, buffered position=0, speed=0.0, updated=68672580, actions=0, custom actions=[], active item id=-1, error=null}
02-02 01:03:05.841  2288  3231 V Avrcp_ext: old state = PlaybackState {state=2, position=-1, buffered position=0, speed=0.0, updated=68672078, actions=0, custom actions=[], active item id=-1, error=null}, new state= PlaybackState {state=2, position=-1, buffered position=0, speed=0.0, updated=68672580, actions=0, custom actions=[], active item id=-1, error=null}
02-02 01:03:05.841  2288  3231 D HeadsetService: getHeadsetService(): returning com.android.bluetooth.hfp.HeadsetService@d5fed7b
02-02 01:03:05.842  2288  3231 D HeadsetService:  isAudioOn: The number of audio connected devices 0
02-02 01:03:05.842  2288  3231 D HeadsetService: isScoOrCallActive(): Call Active:falseCall is Ringing:falseSCO is Active:false
02-02 01:03:05.842  2288  3231 D HeadsetService:  isAudioOn: The number of audio connected devices 0
02-02 01:03:05.842  2288  3231 I Avrcp_ext: updatePlayStatusForDevice: device: null
02-02 01:03:05.842  2288  3231 V Avrcp_ext: updatePlaybackState (1): old=PlaybackState {state=2, position=-1, buffered position=0, speed=0.0, updated=68672078, actions=0, custom actions=[], active item id=-1, error=null}(2), new=PlaybackState {state=2, position=-1, buffered position=0, speed=0.0, updated=68672580, actions=0, custom actions=[], active item id=-1, error=null}(2)
02-02 01:03:05.842  2288  3231 I Avrcp_ext: Exit updatePlayStatusForDevice
02-02 01:03:05.842  2288  3231 D HeadsetService:  isAudioOn: The number of audio connected devices 0
02-02 01:03:05.842  2288  3231 D HeadsetService: isScoOrCallActive(): Call Active:falseCall is Ringing:falseSCO is Active:false
02-02 01:03:05.842  2288  3231 D HeadsetService:  isAudioOn: The number of audio connected devices 0
02-02 01:03:05.842  2288  3231 I Avrcp_ext: updatePlayStatusForDevice: device: null
02-02 01:03:05.842  2288  3231 V Avrcp_ext: updatePlaybackState (1): old=PlaybackState {state=2, position=-1, buffered position=0, speed=0.0, updated=68672078, actions=0, custom actions=[], active item id=-1, error=null}(2), new=PlaybackState {state=2, position=-1, buffered position=0, speed=0.0, updated=68672580, actions=0, custom actions=[], active item id=-1, error=null}(2)
02-02 01:03:05.842  2288  3231 I Avrcp_ext: Exit updatePlayStatusForDevice
02-02 01:03:05.842  2288  3231 D HeadsetService:  isAudioOn: The number of audio connected devices 0
02-02 01:03:05.842  2288  3231 D HeadsetService: isScoOrCallActive(): Call Active:falseCall is Ringing:falseSCO is Active:false
02-02 01:03:05.842  2288  3231 D HeadsetService:  isAudioOn: The number of audio connected devices 0
02-02 01:03:05.842  2288  3231 I Avrcp_ext: updatePlayStatusForDevice: device: null
02-02 01:03:05.842  2288  3231 V Avrcp_ext: updatePlaybackState (1): old=PlaybackState {state=2, position=-1, buffered position=0, speed=0.0, updated=68672078, actions=0, custom actions=[], active item id=-1, error=null}(2), new=PlaybackState {state=2, position=-1, buffered position=0, speed=0.0, updated=68672580, actions=0, custom actions=[], active item id=-1, error=null}(2)
02-02 01:03:05.842  2288  3231 I Avrcp_ext: Exit updatePlayStatusForDevice
02-02 01:03:05.842  2288  3231 D HeadsetService:  isAudioOn: The number of audio connected devices 0
02-02 01:03:05.842  2288  3231 D HeadsetService: isScoOrCallActive(): Call Active:falseCall is Ringing:falseSCO is Active:false
02-02 01:03:05.843  2288  3231 D HeadsetService:  isAudioOn: The number of audio connected devices 0
02-02 01:03:05.843  2288  3231 I Avrcp_ext: updatePlayStatusForDevice: device: null
02-02 01:03:05.843  2288  3231 V Avrcp_ext: updatePlaybackState (1): old=PlaybackState {state=2, position=-1, buffered position=0, speed=0.0, updated=68672078, actions=0, custom actions=[], active item id=-1, error=null}(2), new=PlaybackState {state=2, position=-1, buffered position=0, speed=0.0, updated=68672580, actions=0, custom actions=[], active item id=-1, error=null}(2)
02-02 01:03:05.843  2288  3231 I Avrcp_ext: Exit updatePlayStatusForDevice
02-02 01:03:05.843  2288  3231 D HeadsetService:  isAudioOn: The number of audio connected devices 0
02-02 01:03:05.843  2288  3231 D HeadsetService: isScoOrCallActive(): Call Active:falseCall is Ringing:falseSCO is Active:false
02-02 01:03:05.843  2288  3231 D HeadsetService:  isAudioOn: The number of audio connected devices 0
02-02 01:03:05.843  2288  3231 I Avrcp_ext: updatePlayStatusForDevice: device: null
02-02 01:03:05.843  2288  3231 V Avrcp_ext: updatePlaybackState (1): old=PlaybackState {state=2, position=-1, buffered position=0, speed=0.0, updated=68672078, actions=0, custom actions=[], active item id=-1, error=null}(2), new=PlaybackState {state=2, position=-1, buffered position=0, speed=0.0, updated=68672580, actions=0, custom actions=[], active item id=-1, error=null}(2)
02-02 01:03:05.843  2288  3231 I Avrcp_ext: Exit updatePlayStatusForDevice
02-02 01:03:05.843  2288  3231 D Avrcp_ext: Enter sendPlayPosNotificationRsp
02-02 01:03:05.843  2288  3231 D Avrcp_ext: sendPlayPosNotificationRsp: Not registered or requesting.
02-02 01:03:05.843  2288  3231 D Avrcp_ext: Enter sendPlayPosNotificationRsp
02-02 01:03:05.843  2288  3231 D Avrcp_ext: sendPlayPosNotificationRsp: Not registered or requesting.
02-02 01:03:05.843  2288  3231 D Avrcp_ext: Enter sendPlayPosNotificationRsp
02-02 01:03:05.843  2288  3231 D Avrcp_ext: sendPlayPosNotificationRsp: Not registered or requesting.
02-02 01:03:05.843  2288  3231 D Avrcp_ext: Enter sendPlayPosNotificationRsp
02-02 01:03:05.843  2288  3231 D Avrcp_ext: sendPlayPosNotificationRsp: Not registered or requesting.
02-02 01:03:05.843  2288  3231 D Avrcp_ext: Enter sendPlayPosNotificationRsp
02-02 01:03:05.843  2288  3231 D Avrcp_ext: sendPlayPosNotificationRsp: Not registered or requesting.
02-02 01:03:05.843  2288  3231 V Avrcp_ext: Exit updatePlayerStateAndPosition
02-02 01:03:05.843  2288  3231 V Avrcp_ext: Exit handleMessage
02-02 01:03:05.857  5151  5151 I AssistHolderContentView: forceFitSystemWindows pb = 0
02-02 01:03:05.957  5151  5151 I chatty  : uid=1000(system) com.mi.android.globalminusscreen identical 6 lines
02-02 01:03:05.974  5151  5151 I AssistHolderContentView: forceFitSystemWindows pb = 0
02-02 01:03:05.980  2318  2748 D MobileSignalController: onSignalStrengthsChanged: SignalStrength:{mCdma=CellSignalStrengthCdma: cdmaDbm=2147483647 cdmaEcio=2147483647 evdoDbm=2147483647 evdoEcio=2147483647 evdoSnr=2147483647 miuiLevel=0 level=0,mGsm=CellSignalStrengthGsm: rssi=2147483647 ber=2147483647 mTa=2147483647 miuiLevel=0 mLevel=0,mWcdma=CellSignalStrengthWcdma: ss=2147483647 ber=2147483647 rscp=2147483647 ecno=2147483647 miuiLevel=0 level=0,mTdscdma=CellSignalStrengthTdscdma: rssi=2147483647 ber=2147483647 rscp=2147483647 miuiLevel=0 level=0,mLte=CellSignalStrengthLte: rssi=-85 rsrp=-118 rsrq=-15 rssnr=2 cqi=2147483647 ta=2147483647 miuiLevel=1 level=1,mNr=CellSignalStrengthNr:{ csiRsrp = 2147483647 csiRsrq = 2147483647 csiSinr = 2147483647 ssRsrp = 2147483647 ssRsrq = 2147483647 ssSinr = 2147483647 miuiLevel = 0 level = 0 },primary=CellSignalStrengthLte}
02-02 01:03:05.980  2318  2748 D NetworkController.MobileSignalController(1): 4G level = 1
02-02 01:03:05.991  5151  5151 I AssistHolderContentView: forceFitSystemWindows pb = 0
02-02 01:03:06.293  5151  5151 I chatty  : uid=1000(system) com.mi.android.globalminusscreen identical 18 lines
02-02 01:03:06.311  5151  5151 I AssistHolderContentView: forceFitSystemWindows pb = 0
02-02 01:03:06.337  2426  2426 D MiWallpaper-SaturnSuperWallpaper: MSG_UNITY_PAUSE
02-02 01:03:06.337  2426  2426 W Unity   : Not running Unity from an Activity; ignored...
02-02 01:03:06.337  5151  5151 I AssistHolderContentView: forceFitSystemWindows pb = 0
02-02 01:03:06.378  5151  5151 I chatty  : uid=1000(system) com.mi.android.globalminusscreen identical 3 lines
02-02 01:03:06.394  5151  5151 I AssistHolderContentView: forceFitSystemWindows pb = 0
02-02 01:03:06.395 24249 24603 D UE      : [2023.02.02-00.03.06:395][  0]LogTcpMessaging: Initializing TcpMessaging bridge, listening on 127.0.0.1:6666
02-02 01:03:06.412  5151  5151 I AssistHolderContentView: forceFitSystemWindows pb = 0
02-02 01:03:06.680  5151  5151 I chatty  : uid=1000(system) com.mi.android.globalminusscreen identical 16 lines
02-02 01:03:06.697  5151  5151 I AssistHolderContentView: forceFitSystemWindows pb = 0
02-02 01:03:06.709   566   566 E SELinux : avc:  denied  { find } for interface=vendor.qti.hardware.servicetracker::IServicetracker sid=u:r:system_server:s0 pid=1976 scontext=u:r:system_server:s0 tcontext=u:object_r:default_android_hwservice:s0 tclass=hwservice_manager permissive=0
02-02 01:03:06.714  5151  5151 I AssistHolderContentView: forceFitSystemWindows pb = 0
02-02 01:03:06.763  5151  5151 I chatty  : uid=1000(system) com.mi.android.globalminusscreen identical 3 lines
02-02 01:03:06.781  5151  5151 I AssistHolderContentView: forceFitSystemWindows pb = 0
02-02 01:03:06.788   566   566 E SELinux : avc:  denied  { find } for interface=vendor.qti.hardware.servicetracker::IServicetracker sid=u:r:system_server:s0 pid=1976 scontext=u:r:system_server:s0 tcontext=u:object_r:default_android_hwservice:s0 tclass=hwservice_manager permissive=0
02-02 01:03:06.797  5151  5151 I AssistHolderContentView: forceFitSystemWindows pb = 0
02-02 01:03:06.814  5151  5151 I AssistHolderContentView: forceFitSystemWindows pb = 0
02-02 01:03:06.821   566   566 E SELinux : avc:  denied  { find } for interface=vendor.qti.hardware.servicetracker::IServicetracker sid=u:r:system_server:s0 pid=1976 scontext=u:r:system_server:s0 tcontext=u:object_r:default_android_hwservice:s0 tclass=hwservice_manager permissive=0
02-02 01:03:06.826 16784 16784 D BoundBrokerSvc: onUnbind: Intent { act=com.google.android.gms.safetynet.service.START pkg=com.google.android.gms }
02-02 01:03:06.830  5151  5151 I AssistHolderContentView: forceFitSystemWindows pb = 0
02-02 01:03:06.915  5151  5151 I chatty  : uid=1000(system) com.mi.android.globalminusscreen identical 5 lines
02-02 01:03:06.931  5151  5151 I AssistHolderContentView: forceFitSystemWindows pb = 0
02-02 01:03:06.934   566   566 E SELinux : avc:  denied  { find } for interface=vendor.qti.hardware.servicetracker::IServicetracker sid=u:r:system_server:s0 pid=1976 scontext=u:r:system_server:s0 tcontext=u:object_r:default_android_hwservice:s0 tclass=hwservice_manager permissive=0
02-02 01:03:06.948  5151  5151 I AssistHolderContentView: forceFitSystemWindows pb = 0
02-02 01:03:07.133  5151  5151 I chatty  : uid=1000(system) com.mi.android.globalminusscreen identical 11 lines
02-02 01:03:07.149  5151  5151 I AssistHolderContentView: forceFitSystemWindows pb = 0
02-02 01:03:07.156  2318  2318 D SignalClusterView: updateMobileTypeImage  0
02-02 01:03:07.157  2318  2318 I chatty  : uid=1000(system) com.android.systemui identical 2 lines
02-02 01:03:07.157  2318  2318 D SignalClusterView: updateMobileTypeImage  0
02-02 01:03:07.165  5151  5151 I AssistHolderContentView: forceFitSystemWindows pb = 0
02-02 01:03:07.175  2318  2318 D SignalClusterView: updateMobileTypeImage  0
02-02 01:03:07.177  2318  2318 I chatty  : uid=1000(system) com.android.systemui identical 1 line
02-02 01:03:07.178  2318  2318 D SignalClusterView: updateMobileTypeImage  0
02-02 01:03:07.182  5151  5151 I AssistHolderContentView: forceFitSystemWindows pb = 0
02-02 01:03:07.199  5151  5151 I AssistHolderContentView: forceFitSystemWindows pb = 0
02-02 01:03:07.200   864   864 W surfaceflinger: type=1400 audit(0.0:1629812): avc: denied { read } for name="u:object_r:vendor_fp_prop:s0" dev="tmpfs" ino=15205 scontext=u:r:surfaceflinger:s0 tcontext=u:object_r:vendor_fp_prop:s0 tclass=file permissive=0
02-02 01:03:07.208   864   864 E libc    : Access denied finding property "ro.hardware.fp.fod"
02-02 01:03:07.208   864   864 E libc    : Access denied finding property "ro.hardware.fp.sideCap"
02-02 01:03:07.200   864   864 W surfaceflinger: type=1400 audit(0.0:1629813): avc: denied { read } for name="u:object_r:vendor_fp_prop:s0" dev="tmpfs" ino=15205 scontext=u:r:surfaceflinger:s0 tcontext=u:object_r:vendor_fp_prop:s0 tclass=file permissive=0
02-02 01:03:07.215  2318  2318 D NavBarTintController: onSampleCollected 0.0
02-02 01:03:07.217  5151  5151 I AssistHolderContentView: forceFitSystemWindows pb = 0
02-02 01:03:07.333  5151  5151 I chatty  : uid=1000(system) com.mi.android.globalminusscreen identical 7 lines
02-02 01:03:07.351  5151  5151 I AssistHolderContentView: forceFitSystemWindows pb = 0
02-02 01:03:07.365 24249 24603 D UE      : [2023.02.02-00.03.07:365][  0]LogUdpMessaging: Initializing bridge on interface 0.0.0.0:0 to multicast group 230.0.0.1:6666.
02-02 01:03:07.367  5151  5151 I AssistHolderContentView: forceFitSystemWindows pb = 0
02-02 01:03:07.369 24249 24603 D UE      : [2023.02.02-00.03.07:369][  0]LogCore: Display: AppLifetime: Application has reactivated
02-02 01:03:07.370 24249 24603 D UE      : [2023.02.02-00.03.07:370][  0]LogTemp: Android resume audio
02-02 01:03:07.384  5151  5151 I AssistHolderContentView: forceFitSystemWindows pb = 0
02-02 01:03:07.390 24249 24635 D UE      : [2023.02.02-00.03.07:390][  0]LogAndroid: AndroidEGL::ResizeRenderContextSurface, PImplData->Window=0x738e9d2010, PImplData->eglWidth=8, PImplData->eglHeight=8!, CachedWidth=640, CachedHeight=1280, tid: 24635
02-02 01:03:07.391 24249 24635 D UE      : AndroidEGL::UnBindRender()
02-02 01:03:07.391 24249 24635 D UE      : AndroidEGL::ResetDisplay()
02-02 01:03:07.400 24249 24635 D UE      : AndroidEGL::DestroyRenderSurface()
02-02 01:03:07.401  5151  5151 I AssistHolderContentView: forceFitSystemWindows pb = 0
02-02 01:03:07.401 24249 24635 D UE      : AndroidEGL::InitRenderSurface 0, 1
02-02 01:03:07.402 24249 24635 D UE      : AndroidEGL::InitRenderSurface, Using CachedWindowRect, width: 640, height 1280 
02-02 01:03:07.402 24249 24635 D UE      : AndroidEGL::InitRenderSurface, Using width: 640, height 1280 
02-02 01:03:07.402 24249 24635 D UE      : AndroidEGL::InitRenderSurface, wnd: 0x738e9d2010, width: 640, height 1280 
02-02 01:03:07.403 24249 24635 D UE      : AndroidEGL::CreateEGLRenderSurface() 0x7396b7a700
02-02 01:03:07.419  5151  5151 I AssistHolderContentView: forceFitSystemWindows pb = 0
02-02 01:03:07.425  1976  2218 I MiuiNetworkPolicy: updateUidState uid = 10112, uidState = 4
02-02 01:03:07.426  1976  2218 I MiuiNetworkPolicy: updateMLUid uid:10112,old:20,new:4
02-02 01:03:07.426  1976  2218 I MiuiNetworkPolicy: isMLEnabled state:20,uid:10112,connect:DISCONNECTED
02-02 01:03:07.426  1976  2218 I MiuiNetworkPolicy: isMLEnabled state:4,uid:10112,connect:DISCONNECTED
02-02 01:03:07.434  5151  5151 I AssistHolderContentView: forceFitSystemWindows pb = 0
02-02 01:03:07.440 23409 23594 I native  : I0000 00:00:1675296187.439976   23594 device_profile_database_helpers.cc:542] Found nothing for kSx6jK
02-02 01:03:07.440 23409 23594 I native  : I0000 00:00:1675296187.440658   23594 device_profile_database_helpers.cc:542] Found nothing for dipper/dipper
02-02 01:03:07.440 23409 23594 I native  : I0000 00:00:1675296187.440729   23594 device_profile_database_helpers.cc:529] Considering 3bphL_:8
02-02 01:03:07.440 23409 23594 I native  : I0000 00:00:1675296187.440807   23594 device_profile_database_helpers.cc:488] Device profile for Xiaomi/dipper/dipper:10/QKQ1.190828.002/V12.0.3.0.QEAMIXM:user/release-keys: 3bphL_:8
02-02 01:03:07.444 24249 24603 D UE      : [2023.02.02-00.03.07:444][  0]LogAndroid: Display: Low Power Mode Changed: 0
02-02 01:03:07.448 24249 24603 D UE      : [2023.02.02-00.03.07:448][  0]LogSlate: InvalidateAllWidgets triggered.  All widgets were invalidated
02-02 01:03:07.451  5151  5151 I AssistHolderContentView: forceFitSystemWindows pb = 0
02-02 01:03:07.551  5151  5151 I chatty  : uid=1000(system) com.mi.android.globalminusscreen identical 6 lines
02-02 01:03:07.568  5151  5151 I AssistHolderContentView: forceFitSystemWindows pb = 0
02-02 01:03:07.577 24249 24603 D UE      : [2023.02.02-00.03.07:577][  0]LogSlate: Slate font cache was flushed
02-02 01:03:07.578 24249 24603 D UE      : [2023.02.02-00.03.07:578][  1]LogAndroidPermission: UAndroidPermissionFunctionLibrary::CheckPermission android.permission.CAMERA (Android)
02-02 01:03:07.579 24249 24603 E PermissionHelper: GVRTransition2DActivity.getActivity() failed. Trying to get GameActivity.
02-02 01:03:07.579 24249 24603 D PermissionHelper: checkPermission: android.permission.CAMERA has granted
02-02 01:03:07.580 24249 24603 I third_party/arcore/ar/core/android/sdk/session_create.cc: Entering ArSession_create
02-02 01:03:07.580 24249 24603 I third_party/arcore/ar/core/android/sdk/session_create.cc: ARCore Version: SDK build name: 1.22
02-02 01:03:07.582 24249 24603 I third_party/arcore/ar/core/android/sdk/session_create.cc: ARCore Version: APK version code: 223110423
02-02 01:03:07.585  5151  5151 I AssistHolderContentView: forceFitSystemWindows pb = 0
02-02 01:03:07.580   864   864 W surfaceflinger: type=1400 audit(0.0:1629814): avc: denied { read } for name="u:object_r:vendor_fp_prop:s0" dev="tmpfs" ino=15205 scontext=u:r:surfaceflinger:s0 tcontext=u:object_r:vendor_fp_prop:s0 tclass=file permissive=0
02-02 01:03:07.580   864   864 W surfaceflinger: type=1400 audit(0.0:1629815): avc: denied { read } for name="u:object_r:vendor_fp_prop:s0" dev="tmpfs" ino=15205 scontext=u:r:surfaceflinger:s0 tcontext=u:object_r:vendor_fp_prop:s0 tclass=file permissive=0
02-02 01:03:07.591   864   864 E libc    : Access denied finding property "ro.hardware.fp.fod"
02-02 01:03:07.591   864   864 E libc    : Access denied finding property "ro.hardware.fp.sideCap"
02-02 01:03:07.599  2318  2318 D NavBarTintController: onSampleCollected 0.0
